Archive member included to satisfy reference by file (symbol)

E:/ToolChain/arm-gnu-toolchain/bin/../lib/gcc/arm-none-eabi/14.2.1/thumb/v6-m/nofp\libstdc++_nano.a(atexit_arm.o)
                              CMakeFiles/1231312123.dir/Source/ws2812.cpp.obj (__aeabi_atexit)
E:/ToolChain/arm-gnu-toolchain/bin/../lib/gcc/arm-none-eabi/14.2.1/thumb/v6-m/nofp\libstdc++_nano.a(del_ops.o)
                              CMakeFiles/1231312123.dir/Source/ws2812.cpp.obj (operator delete(void*, unsigned int))
E:/ToolChain/arm-gnu-toolchain/bin/../lib/gcc/arm-none-eabi/14.2.1/thumb/v6-m/nofp\libstdc++_nano.a(new_op.o)
                              CMakeFiles/1231312123.dir/Source/ws2812.cpp.obj (operator new(unsigned int))
E:/ToolChain/arm-gnu-toolchain/bin/../lib/gcc/arm-none-eabi/14.2.1/thumb/v6-m/nofp\libstdc++_nano.a(functexcept.o)
                              CMakeFiles/1231312123.dir/Source/ws2812.cpp.obj (std::__throw_bad_alloc())
E:/ToolChain/arm-gnu-toolchain/bin/../lib/gcc/arm-none-eabi/14.2.1/thumb/v6-m/nofp\libstdc++_nano.a(del_op.o)
                              E:/ToolChain/arm-gnu-toolchain/bin/../lib/gcc/arm-none-eabi/14.2.1/thumb/v6-m/nofp\libstdc++_nano.a(del_ops.o) (operator delete(void*))
E:/ToolChain/arm-gnu-toolchain/bin/../lib/gcc/arm-none-eabi/14.2.1/thumb/v6-m/nofp\libstdc++_nano.a(new_handler.o)
                              E:/ToolChain/arm-gnu-toolchain/bin/../lib/gcc/arm-none-eabi/14.2.1/thumb/v6-m/nofp\libstdc++_nano.a(new_op.o) (std::get_new_handler())
E:/ToolChain/arm-gnu-toolchain/bin/../lib/gcc/arm-none-eabi/14.2.1/thumb/v6-m/nofp\libc_nano.a(libc_a-abort.o)
                              E:/ToolChain/arm-gnu-toolchain/bin/../lib/gcc/arm-none-eabi/14.2.1/thumb/v6-m/nofp\libstdc++_nano.a(new_op.o) (abort)
E:/ToolChain/arm-gnu-toolchain/bin/../lib/gcc/arm-none-eabi/14.2.1/thumb/v6-m/nofp\libc_nano.a(libc_a-exit.o)
                              E:/ToolChain/arm-gnu-toolchain/bin/../lib/gcc/arm-none-eabi/14.2.1/thumb/v6-m/nofp/crt0.o (exit)
E:/ToolChain/arm-gnu-toolchain/bin/../lib/gcc/arm-none-eabi/14.2.1/thumb/v6-m/nofp\libc_nano.a(libc_a-malloc.o)
                              E:/ToolChain/arm-gnu-toolchain/bin/../lib/gcc/arm-none-eabi/14.2.1/thumb/v6-m/nofp\libstdc++_nano.a(new_op.o) (malloc)
E:/ToolChain/arm-gnu-toolchain/bin/../lib/gcc/arm-none-eabi/14.2.1/thumb/v6-m/nofp\libc_nano.a(libc_a-mallocr.o)
                              E:/ToolChain/arm-gnu-toolchain/bin/../lib/gcc/arm-none-eabi/14.2.1/thumb/v6-m/nofp\libc_nano.a(libc_a-malloc.o) (_malloc_r)
E:/ToolChain/arm-gnu-toolchain/bin/../lib/gcc/arm-none-eabi/14.2.1/thumb/v6-m/nofp\libc_nano.a(libc_a-mlock.o)
                              E:/ToolChain/arm-gnu-toolchain/bin/../lib/gcc/arm-none-eabi/14.2.1/thumb/v6-m/nofp\libc_nano.a(libc_a-mallocr.o) (__malloc_lock)
E:/ToolChain/arm-gnu-toolchain/bin/../lib/gcc/arm-none-eabi/14.2.1/thumb/v6-m/nofp\libc_nano.a(libc_a-cxa_atexit.o)
                              E:/ToolChain/arm-gnu-toolchain/bin/../lib/gcc/arm-none-eabi/14.2.1/thumb/v6-m/nofp\libstdc++_nano.a(atexit_arm.o) (__cxa_atexit)
E:/ToolChain/arm-gnu-toolchain/bin/../lib/gcc/arm-none-eabi/14.2.1/thumb/v6-m/nofp\libc_nano.a(libc_a-findfp.o)
                              E:/ToolChain/arm-gnu-toolchain/bin/../lib/gcc/arm-none-eabi/14.2.1/thumb/v6-m/nofp\libc_nano.a(libc_a-exit.o) (__stdio_exit_handler)
E:/ToolChain/arm-gnu-toolchain/bin/../lib/gcc/arm-none-eabi/14.2.1/thumb/v6-m/nofp\libc_nano.a(libc_a-fwalk.o)
                              E:/ToolChain/arm-gnu-toolchain/bin/../lib/gcc/arm-none-eabi/14.2.1/thumb/v6-m/nofp\libc_nano.a(libc_a-findfp.o) (_fwalk_sglue)
E:/ToolChain/arm-gnu-toolchain/bin/../lib/gcc/arm-none-eabi/14.2.1/thumb/v6-m/nofp\libc_nano.a(libc_a-stdio.o)
                              E:/ToolChain/arm-gnu-toolchain/bin/../lib/gcc/arm-none-eabi/14.2.1/thumb/v6-m/nofp\libc_nano.a(libc_a-findfp.o) (__sread)
E:/ToolChain/arm-gnu-toolchain/bin/../lib/gcc/arm-none-eabi/14.2.1/thumb/v6-m/nofp\libc_nano.a(libc_a-memmove.o)
                              CMakeFiles/1231312123.dir/Source/ws2812.cpp.obj (memmove)
E:/ToolChain/arm-gnu-toolchain/bin/../lib/gcc/arm-none-eabi/14.2.1/thumb/v6-m/nofp\libc_nano.a(libc_a-memset.o)
                              E:/ToolChain/arm-gnu-toolchain/bin/../lib/gcc/arm-none-eabi/14.2.1/thumb/v6-m/nofp/crt0.o (memset)
E:/ToolChain/arm-gnu-toolchain/bin/../lib/gcc/arm-none-eabi/14.2.1/thumb/v6-m/nofp\libc_nano.a(libc_a-signal.o)
                              E:/ToolChain/arm-gnu-toolchain/bin/../lib/gcc/arm-none-eabi/14.2.1/thumb/v6-m/nofp\libc_nano.a(libc_a-abort.o) (raise)
E:/ToolChain/arm-gnu-toolchain/bin/../lib/gcc/arm-none-eabi/14.2.1/thumb/v6-m/nofp\libc_nano.a(libc_a-closer.o)
                              E:/ToolChain/arm-gnu-toolchain/bin/../lib/gcc/arm-none-eabi/14.2.1/thumb/v6-m/nofp\libc_nano.a(libc_a-stdio.o) (_close_r)
E:/ToolChain/arm-gnu-toolchain/bin/../lib/gcc/arm-none-eabi/14.2.1/thumb/v6-m/nofp\libc_nano.a(libc_a-reent.o)
[...]
Memory Configuration

Name             Origin             Length             Attributes
RAM              0x20000000         0x00002000         xrw
FLASH            0x08000000         0x00008000         xr
*default*        0x00000000         0xffffffff

Linker script and memory map

LOAD E:/ToolChain/arm-gnu-toolchain/bin/../lib/gcc/arm-none-eabi/14.2.1/thumb/v6-m/nofp/crti.o
LOAD E:/ToolChain/arm-gnu-toolchain/bin/../lib/gcc/arm-none-eabi/14.2.1/thumb/v6-m/nofp/crtbegin.o
LOAD E:/ToolChain/arm-gnu-toolchain/bin/../lib/gcc/arm-none-eabi/14.2.1/thumb/v6-m/nofp/crt0.o
START GROUP
END GROUP
START GROUP
LOAD E:/ToolChain/arm-gnu-toolchain/bin/../lib/gcc/arm-none-eabi/14.2.1/thumb/v6-m/nofp\libstdc++_nano.a
LOAD E:/ToolChain/arm-gnu-toolchain/bin/../lib/gcc/arm-none-eabi/14.2.1/thumb/v6-m/nofp\libsupc++_nano.a
END GROUP
LOAD CMakeFiles/1231312123.dir/Core/Src/dma.c.obj
LOAD CMakeFiles/1231312123.dir/Core/Src/gpio.c.obj
LOAD CMakeFiles/1231312123.dir/Core/Src/main.cpp.obj
LOAD CMakeFiles/1231312123.dir/Core/Src/stm32g0xx_hal_msp.c.obj
LOAD CMakeFiles/1231312123.dir/Core/Src/stm32g0xx_it.c.obj
LOAD CMakeFiles/1231312123.dir/Core/Src/syscalls.c.obj
LOAD CMakeFiles/1231312123.dir/Core/Src/sysmem.c.obj
LOAD CMakeFiles/1231312123.dir/Core/Src/system_stm32g0xx.c.obj
LOAD CMakeFiles/1231312123.dir/Core/Src/tim.c.obj
LOAD CMakeFiles/1231312123.dir/Core/Src/usart.c.obj
LOAD CMakeFiles/1231312123.dir/Drivers/STM32G0xx_HAL_Driver/Src/stm32g0xx_hal.c.obj
LOAD CMakeFiles/1231312123.dir/Drivers/STM32G0xx_HAL_Driver/Src/stm32g0xx_hal_cortex.c.obj
LOAD CMakeFiles/1231312123.dir/Drivers/STM32G0xx_HAL_Driver/Src/stm32g0xx_hal_dma.c.obj
LOAD CMakeFiles/1231312123.dir/Drivers/STM32G0xx_HAL_Driver/Src/stm32g0xx_hal_dma_ex.c.obj
LOAD CMakeFiles/1231312123.dir/Drivers/STM32G0xx_HAL_Driver/Src/stm32g0xx_hal_exti.c.obj
LOAD CMakeFiles/1231312123.dir/Drivers/STM32G0xx_HAL_Driver/Src/stm32g0xx_hal_flash.c.obj
LOAD CMakeFiles/1231312123.dir/Drivers/STM32G0xx_HAL_Driver/Src/stm32g0xx_hal_flash_ex.c.obj
LOAD CMakeFiles/1231312123.dir/Drivers/STM32G0xx_HAL_Driver/Src/stm32g0xx_hal_gpio.c.obj
LOAD CMakeFiles/1231312123.dir/Drivers/STM32G0xx_HAL_Driver/Src/stm32g0xx_hal_pwr.c.obj
LOAD CMakeFiles/1231312123.dir/Drivers/STM32G0xx_HAL_Driver/Src/stm32g0xx_hal_pwr_ex.c.obj
LOAD CMakeFiles/1231312123.dir/Drivers/STM32G0xx_HAL_Driver/Src/stm32g0xx_hal_rcc.c.obj
LOAD CMakeFiles/1231312123.dir/Drivers/STM32G0xx_HAL_Driver/Src/stm32g0xx_hal_rcc_ex.c.obj
LOAD CMakeFiles/1231312123.dir/Drivers/STM32G0xx_HAL_Driver/Src/stm32g0xx_hal_tim.c.obj
LOAD CMakeFiles/1231312123.dir/Drivers/STM32G0xx_HAL_Driver/Src/stm32g0xx_hal_tim_ex.c.obj
LOAD CMakeFiles/1231312123.dir/Drivers/STM32G0xx_HAL_Driver/Src/stm32g0xx_hal_uart.c.obj
LOAD CMakeFiles/1231312123.dir/Drivers/STM32G0xx_HAL_Driver/Src/stm32g0xx_hal_uart_ex.c.obj
LOAD CMakeFiles/1231312123.dir/Drivers/STM32G0xx_HAL_Driver/Src/stm32g0xx_ll_rcc.c.obj
LOAD CMakeFiles/1231312123.dir/Source/key.cpp.obj
LOAD CMakeFiles/1231312123.dir/Source/ws2812.cpp.obj
LOAD CMakeFiles/1231312123.dir/startup_stm32g030xx.s.obj
LOAD E:/ToolChain/arm-gnu-toolchain/bin/../lib/gcc/arm-none-eabi/14.2.1/thumb/v6-m/nofp\libstdc++_nano.a
LOAD E:/ToolChain/arm-gnu-toolchain/bin/../lib/gcc/arm-none-eabi/14.2.1/thumb/v6-m/nofp\libm.a
LOAD E:/ToolChain/arm-gnu-toolchain/bin/../lib/gcc/arm-none-eabi/14.2.1/thumb/v6-m/nofp\libc_nano.a
START GROUP
LOAD E:/ToolChain/arm-gnu-toolchain/bin/../lib/gcc/arm-none-eabi/14.2.1/thumb/v6-m/nofp\libgcc.a
LOAD E:/ToolChain/arm-gnu-toolchain/bin/../lib/gcc/arm-none-eabi/14.2.1/thumb/v6-m/nofp\libg_nano.a
LOAD E:/ToolChain/arm-gnu-toolchain/bin/../lib/gcc/arm-none-eabi/14.2.1/thumb/v6-m/nofp\libc_nano.a
END GROUP
START GROUP
LOAD E:/ToolChain/arm-gnu-toolchain/bin/../lib/gcc/arm-none-eabi/14.2.1/thumb/v6-m/nofp\libgcc.a
LOAD E:/ToolChain/arm-gnu-toolchain/bin/../lib/gcc/arm-none-eabi/14.2.1/thumb/v6-m/nofp\libc_nano.a
END GROUP
LOAD E:/ToolChain/arm-gnu-toolchain/bin/../lib/gcc/arm-none-eabi/14.2.1/thumb/v6-m/nofp/crtend.o
LOAD E:/ToolChain/arm-gnu-toolchain/bin/../lib/gcc/arm-none-eabi/14.2.1/thumb/v6-m/nofp/crtn.o
                0x20002000                        _estack = (ORIGIN (RAM) + LENGTH (RAM))
                0x00000200                        _Min_Heap_Size = 0x200
                0x00000400                        _Min_Stack_Size = 0x400

.isr_vector     0x08000000       0xb8
                0x08000000                        . = ALIGN (0x4)
 *(.isr_vector)
 .isr_vector    0x08000000       0xb8 CMakeFiles/1231312123.dir/startup_stm32g030xx.s.obj
                0x08000000                g_pfnVectors
                0x080000b8                        . = ALIGN (0x4)

.text           0x080000b8     0x6b30
                0x080000b8                        . = ALIGN (0x4)
 *(.text)
 .text          0x080000b8      0x114 E:/ToolChain/arm-gnu-toolchain/bin/../lib/gcc/arm-none-eabi/14.2.1/thumb/v6-m/nofp\libgcc.a(_udivsi3.o)
                0x080000b8                __aeabi_uidiv
                0x080000b8                __udivsi3
                0x080001c4                __aeabi_uidivmod
 .text          0x080001cc      0x1d4 E:/ToolChain/arm-gnu-toolchain/bin/../lib/gcc/arm-none-eabi/14.2.1/thumb/v6-m/nofp\libgcc.a(_divsi3.o)
                0x080001cc                __divsi3
                0x080001cc                __aeabi_idiv
                0x08000398                __aeabi_idivmod
 .text          0x080003a0        0x4 E:/ToolChain/arm-gnu-toolchain/bin/../lib/gcc/arm-none-eabi/14.2.1/thumb/v6-m/nofp\libgcc.a(_dvmd_tls.o)
                0x080003a0                __aeabi_idiv0
                0x080003a0                __aeabi_ldiv0
 *(.text*)
 .text.deregister_tm_clones
                0x080003a4       0x20 E:/ToolChain/arm-gnu-toolchain/bin/../lib/gcc/arm-none-eabi/14.2.1/thumb/v6-m/nofp/crtbegin.o
 .text.register_tm_clones
                0x080003c4       0x28 E:/ToolChain/arm-gnu-toolchain/bin/../lib/gcc/arm-none-eabi/14.2.1/thumb/v6-m/nofp/crtbegin.o
 .text.__do_global_dtors_aux
                0x080003ec       0x2c E:/ToolChain/arm-gnu-toolchain/bin/../lib/gcc/arm-none-eabi/14.2.1/thumb/v6-m/nofp/crtbegin.o
 .text.frame_dummy
                0x08000418       0x24 E:/ToolChain/arm-gnu-toolchain/bin/../lib/gcc/arm-none-eabi/14.2.1/thumb/v6-m/nofp/crtbegin.o
 .text.MX_GPIO_Init
                0x0800043c       0x8c CMakeFiles/1231312123.dir/Core/Src/gpio.c.obj
                0x0800043c                MX_GPIO_Init
 .text.main     0x080004c8       0x5c CMakeFiles/1231312123.dir/Core/Src/main.cpp.obj
                0x080004c8                main
 .text._Z18SystemClock_Configv
                0x08000524       0xc4 CMakeFiles/1231312123.dir/Core/Src/main.cpp.obj
                0x08000524                SystemClock_Config()
 .text.Error_Handler
                0x080005e8        0xc CMakeFiles/1231312123.dir/Core/Src/main.cpp.obj
                0x080005e8                Error_Handler
 .text.HAL_MspInit
                0x080005f4       0x48 CMakeFiles/1231312123.dir/Core/Src/stm32g0xx_hal_msp.c.obj
                0x080005f4                HAL_MspInit
 .text.NMI_Handler
                0x0800063c        0x8 CMakeFiles/1231312123.dir/Core/Src/stm32g0xx_it.c.obj
                0x0800063c                NMI_Handler
 .text.HardFault_Handler
                0x08000644        0x8 CMakeFiles/1231312123.dir/Core/Src/stm32g0xx_it.c.obj
                0x08000644                HardFault_Handler
 .text.SVC_Handler
                0x0800064c        0xa CMakeFiles/1231312123.dir/Core/Src/stm32g0xx_it.c.obj
                0x0800064c                SVC_Handler
 .text.PendSV_Handler
                0x08000656        0xa CMakeFiles/1231312123.dir/Core/Src/stm32g0xx_it.c.obj
                0x08000656                PendSV_Handler
 .text.SysTick_Handler
                0x08000660        0xe CMakeFiles/1231312123.dir/Core/Src/stm32g0xx_it.c.obj
                0x08000660                SysTick_Handler
 *fill*         0x0800066e        0x2 
 .text.DMA1_Channel1_IRQHandler
                0x08000670       0x18 CMakeFiles/1231312123.dir/Core/Src/stm32g0xx_it.c.obj
                0x08000670                DMA1_Channel1_IRQHandler
 .text.DMA1_Channel2_3_IRQHandler
                0x08000688       0x18 CMakeFiles/1231312123.dir/Core/Src/stm32g0xx_it.c.obj
                0x08000688                DMA1_Channel2_3_IRQHandler
 .text.TIM14_IRQHandler
                0x080006a0       0x18 CMakeFiles/1231312123.dir/Core/Src/stm32g0xx_it.c.obj
                0x080006a0                TIM14_IRQHandler
 .text._getpid  0x080006b8        0xc CMakeFiles/1231312123.dir/Core/Src/syscalls.c.obj
                0x080006b8                _getpid
 .text._kill    0x080006c4       0x20 CMakeFiles/1231312123.dir/Core/Src/syscalls.c.obj
                0x080006c4                _kill
 .text._exit    0x080006e4       0x1a CMakeFiles/1231312123.dir/Core/Src/syscalls.c.obj
                0x080006e4                _exit
 *fill*         0x080006fe        0x2 
 .text._sbrk    0x08000700       0x6c CMakeFiles/1231312123.dir/Core/Src/sysmem.c.obj
                0x08000700                _sbrk
 .text.SystemInit
                0x0800076c        0xa CMakeFiles/1231312123.dir/Core/Src/system_stm32g0xx.c.obj
                0x0800076c                SystemInit
 *fill*         0x08000776        0x2 
 .text.MX_TIM1_Init
                0x08000778      0x154 CMakeFiles/1231312123.dir/Core/Src/tim.c.obj
                0x08000778                MX_TIM1_Init
 .text.MX_TIM3_Init
                0x080008cc       0xc0 CMakeFiles/1231312123.dir/Core/Src/tim.c.obj
                0x080008cc                MX_TIM3_Init
 .text.MX_TIM14_Init
                0x0800098c       0x48 CMakeFiles/1231312123.dir/Core/Src/tim.c.obj
                0x0800098c                MX_TIM14_Init
 .text.MX_TIM16_Init
                0x080009d4      0x110 CMakeFiles/1231312123.dir/Core/Src/tim.c.obj
                0x080009d4                MX_TIM16_Init
 .text.HAL_TIM_PWM_MspInit
                0x08000ae4      0x124 CMakeFiles/1231312123.dir/Core/Src/tim.c.obj
                0x08000ae4                HAL_TIM_PWM_MspInit
 .text.HAL_TIM_Base_MspInit
                0x08000c08       0x7c CMakeFiles/1231312123.dir/Core/Src/tim.c.obj
                0x08000c08                HAL_TIM_Base_MspInit
 .text.HAL_TIM_MspPostInit
                0x08000c84      0x128 CMakeFiles/1231312123.dir/Core/Src/tim.c.obj
                0x08000c84                HAL_TIM_MspPostInit
 .text.MX_USART1_UART_Init
                0x08000dac       0x9c CMakeFiles/1231312123.dir/Core/Src/usart.c.obj
                0x08000dac                MX_USART1_UART_Init
 .text.HAL_UART_MspInit
                0x08000e48       0xc4 CMakeFiles/1231312123.dir/Core/Src/usart.c.obj
                0x08000e48                HAL_UART_MspInit
 .text.HAL_Init
                0x08000f0c       0x40 CMakeFiles/1231312123.dir/Drivers/STM32G0xx_HAL_Driver/Src/stm32g0xx_hal.c.obj
                0x08000f0c                HAL_Init
 .text.HAL_InitTick
                0x08000f4c       0x94 CMakeFiles/1231312123.dir/Drivers/STM32G0xx_HAL_Driver/Src/stm32g0xx_hal.c.obj
                0x08000f4c                HAL_InitTick
 .text.HAL_IncTick
                0x08000fe0       0x24 CMakeFiles/1231312123.dir/Drivers/STM32G0xx_HAL_Driver/Src/stm32g0xx_hal.c.obj
                0x08000fe0                HAL_IncTick
 .text.HAL_GetTick
                0x08001004       0x14 CMakeFiles/1231312123.dir/Drivers/STM32G0xx_HAL_Driver/Src/stm32g0xx_hal.c.obj
                0x08001004                HAL_GetTick
 .text.HAL_Delay
                0x08001018       0x48 CMakeFiles/1231312123.dir/Drivers/STM32G0xx_HAL_Driver/Src/stm32g0xx_hal.c.obj
                0x08001018                HAL_Delay
 .text.__NVIC_EnableIRQ
                0x08001060       0x34 CMakeFiles/1231312123.dir/Drivers/STM32G0xx_HAL_Driver/Src/stm32g0xx_hal_cortex.c.obj
 .text.__NVIC_SetPriority
                0x08001094       0xdc CMakeFiles/1231312123.dir/Drivers/STM32G0xx_HAL_Driver/Src/stm32g0xx_hal_cortex.c.obj
 .text.SysTick_Config
                0x08001170       0x48 CMakeFiles/1231312123.dir/Drivers/STM32G0xx_HAL_Driver/Src/stm32g0xx_hal_cortex.c.obj
 .text.HAL_NVIC_SetPriority
                0x080011b8       0x2a CMakeFiles/1231312123.dir/Drivers/STM32G0xx_HAL_Driver/Src/stm32g0xx_hal_cortex.c.obj
                0x080011b8                HAL_NVIC_SetPriority
 .text.HAL_NVIC_EnableIRQ
                0x080011e2       0x20 CMakeFiles/1231312123.dir/Drivers/STM32G0xx_HAL_Driver/Src/stm32g0xx_hal_cortex.c.obj
                0x080011e2                HAL_NVIC_EnableIRQ
 .text.HAL_SYSTICK_Config
                0x08001202       0x1a CMakeFiles/1231312123.dir/Drivers/STM32G0xx_HAL_Driver/Src/stm32g0xx_hal_cortex.c.obj
                0x08001202                HAL_SYSTICK_Config
 .text.HAL_DMA_Init
                0x0800121c      0x114 CMakeFiles/1231312123.dir/Drivers/STM32G0xx_HAL_Driver/Src/stm32g0xx_hal_dma.c.obj
                0x0800121c                HAL_DMA_Init
 .text.HAL_DMA_Start_IT
                0x08001330      0x10c CMakeFiles/1231312123.dir/Drivers/STM32G0xx_HAL_Driver/Src/stm32g0xx_hal_dma.c.obj
                0x08001330                HAL_DMA_Start_IT
 .text.HAL_DMA_IRQHandler
                0x0800143c      0x164 CMakeFiles/1231312123.dir/Drivers/STM32G0xx_HAL_Driver/Src/stm32g0xx_hal_dma.c.obj
                0x0800143c                HAL_DMA_IRQHandler
 .text.DMA_SetConfig
                0x080015a0       0x80 CMakeFiles/1231312123.dir/Drivers/STM32G0xx_HAL_Driver/Src/stm32g0xx_hal_dma.c.obj
 .text.DMA_CalcDMAMUXChannelBaseAndMask
                0x08001620       0x58 CMakeFiles/1231312123.dir/Drivers/STM32G0xx_HAL_Driver/Src/stm32g0xx_hal_dma.c.obj
 .text.DMA_CalcDMAMUXRequestGenBaseAndMask
                0x08001678       0x48 CMakeFiles/1231312123.dir/Drivers/STM32G0xx_HAL_Driver/Src/stm32g0xx_hal_dma.c.obj
 .text.HAL_GPIO_Init
                0x080016c0      0x2c8 CMakeFiles/1231312123.dir/Drivers/STM32G0xx_HAL_Driver/Src/stm32g0xx_hal_gpio.c.obj
                0x080016c0                HAL_GPIO_Init
 .text.HAL_GPIO_ReadPin
                0x08001988       0x3a CMakeFiles/1231312123.dir/Drivers/STM32G0xx_HAL_Driver/Src/stm32g0xx_hal_gpio.c.obj
                0x08001988                HAL_GPIO_ReadPin
 *fill*         0x080019c2        0x2 
 .text.HAL_PWREx_ControlVoltageScaling
                0x080019c4       0x80 CMakeFiles/1231312123.dir/Drivers/STM32G0xx_HAL_Driver/Src/stm32g0xx_hal_pwr_ex.c.obj
                0x080019c4                HAL_PWREx_ControlVoltageScaling
 .text.LL_RCC_GetAPB1Prescaler
                0x08001a44       0x18 CMakeFiles/1231312123.dir/Drivers/STM32G0xx_HAL_Driver/Src/stm32g0xx_hal_rcc.c.obj
 .text.HAL_RCC_OscConfig
                0x08001a5c      0x620 CMakeFiles/1231312123.dir/Drivers/STM32G0xx_HAL_Driver/Src/stm32g0xx_hal_rcc.c.obj
                0x08001a5c                HAL_RCC_OscConfig
 .text.HAL_RCC_ClockConfig
                0x0800207c      0x210 CMakeFiles/1231312123.dir/Drivers/STM32G0xx_HAL_Driver/Src/stm32g0xx_hal_rcc.c.obj
                0x0800207c                HAL_RCC_ClockConfig
 .text.HAL_RCC_GetSysClockFreq
                0x0800228c      0x104 CMakeFiles/1231312123.dir/Drivers/STM32G0xx_HAL_Driver/Src/stm32g0xx_hal_rcc.c.obj
                0x0800228c                HAL_RCC_GetSysClockFreq
 .text.HAL_RCC_GetHCLKFreq
                0x08002390       0x14 CMakeFiles/1231312123.dir/Drivers/STM32G0xx_HAL_Driver/Src/stm32g0xx_hal_rcc.c.obj
                0x08002390                HAL_RCC_GetHCLKFreq
 .text.HAL_RCC_GetPCLK1Freq
                0x080023a4       0x2c CMakeFiles/1231312123.dir/Drivers/STM32G0xx_HAL_Driver/Src/stm32g0xx_hal_rcc.c.obj
                0x080023a4                HAL_RCC_GetPCLK1Freq
 .text.HAL_RCCEx_PeriphCLKConfig
                0x080023d0      0x24c CMakeFiles/1231312123.dir/Drivers/STM32G0xx_HAL_Driver/Src/stm32g0xx_hal_rcc_ex.c.obj
                0x080023d0                HAL_RCCEx_PeriphCLKConfig
 .text.HAL_TIM_Base_Init
                0x0800261c       0xb0 CMakeFiles/1231312123.dir/Drivers/STM32G0xx_HAL_Driver/Src/stm32g0xx_hal_tim.c.obj
                0x0800261c                HAL_TIM_Base_Init
 .text.HAL_TIM_Base_Start_IT
                0x080026cc       0x9c CMakeFiles/1231312123.dir/Drivers/STM32G0xx_HAL_Driver/Src/stm32g0xx_hal_tim.c.obj
                0x080026cc                HAL_TIM_Base_Start_IT
 .text.HAL_TIM_PWM_Init
                0x08002768       0xb0 CMakeFiles/1231312123.dir/Drivers/STM32G0xx_HAL_Driver/Src/stm32g0xx_hal_tim.c.obj
                0x08002768                HAL_TIM_PWM_Init
 .text.HAL_TIM_PWM_Start_DMA
                0x08002818      0x3dc CMakeFiles/1231312123.dir/Drivers/STM32G0xx_HAL_Driver/Src/stm32g0xx_hal_tim.c.obj
                0x08002818                HAL_TIM_PWM_Start_DMA
 .text.HAL_TIM_IRQHandler
                0x08002bf4      0x210 CMakeFiles/1231312123.dir/Drivers/STM32G0xx_HAL_Driver/Src/stm32g0xx_hal_tim.c.obj
                0x08002bf4                HAL_TIM_IRQHandler
 .text.HAL_TIM_PWM_ConfigChannel
                0x08002e04      0x200 CMakeFiles/1231312123.dir/Drivers/STM32G0xx_HAL_Driver/Src/stm32g0xx_hal_tim.c.obj
                0x08002e04                HAL_TIM_PWM_ConfigChannel
 .text.HAL_TIM_OC_DelayElapsedCallback
                0x08003004       0x10 CMakeFiles/1231312123.dir/Drivers/STM32G0xx_HAL_Driver/Src/stm32g0xx_hal_tim.c.obj
                0x08003004                HAL_TIM_OC_DelayElapsedCallback
 .text.HAL_TIM_IC_CaptureCallback
                0x08003014       0x10 CMakeFiles/1231312123.dir/Drivers/STM32G0xx_HAL_Driver/Src/stm32g0xx_hal_tim.c.obj
                0x08003014                HAL_TIM_IC_CaptureCallback
 .text.HAL_TIM_PWM_PulseFinishedCallback
                0x08003024       0x10 CMakeFiles/1231312123.dir/Drivers/STM32G0xx_HAL_Driver/Src/stm32g0xx_hal_tim.c.obj
                0x08003024                HAL_TIM_PWM_PulseFinishedCallback
 .text.HAL_TIM_PWM_PulseFinishedHalfCpltCallback
                0x08003034       0x10 CMakeFiles/1231312123.dir/Drivers/STM32G0xx_HAL_Driver/Src/stm32g0xx_hal_tim.c.obj
                0x08003034                HAL_TIM_PWM_PulseFinishedHalfCpltCallback
 .text.HAL_TIM_TriggerCallback
                0x08003044       0x10 CMakeFiles/1231312123.dir/Drivers/STM32G0xx_HAL_Driver/Src/stm32g0xx_hal_tim.c.obj
                0x08003044                HAL_TIM_TriggerCallback
 .text.HAL_TIM_ErrorCallback
                0x08003054       0x10 CMakeFiles/1231312123.dir/Drivers/STM32G0xx_HAL_Driver/Src/stm32g0xx_hal_tim.c.obj
                0x08003054                HAL_TIM_ErrorCallback
 .text.TIM_DMAError
                0x08003064       0x94 CMakeFiles/1231312123.dir/Drivers/STM32G0xx_HAL_Driver/Src/stm32g0xx_hal_tim.c.obj
                0x08003064                TIM_DMAError
 .text.TIM_DMADelayPulseCplt
                0x080030f8       0xaa CMakeFiles/1231312123.dir/Drivers/STM32G0xx_HAL_Driver/Src/stm32g0xx_hal_tim.c.obj
 .text.TIM_DMADelayPulseHalfCplt
                0x080031a2       0x6a CMakeFiles/1231312123.dir/Drivers/STM32G0xx_HAL_Driver/Src/stm32g0xx_hal_tim.c.obj
                0x080031a2                TIM_DMADelayPulseHalfCplt
 .text.TIM_Base_SetConfig
                0x0800320c       0xf4 CMakeFiles/1231312123.dir/Drivers/STM32G0xx_HAL_Driver/Src/stm32g0xx_hal_tim.c.obj
                0x0800320c                TIM_Base_SetConfig
 .text.TIM_OC1_SetConfig
                0x08003300      0x100 CMakeFiles/1231312123.dir/Drivers/STM32G0xx_HAL_Driver/Src/stm32g0xx_hal_tim.c.obj
 .text.TIM_OC2_SetConfig
                0x08003400       0xfc CMakeFiles/1231312123.dir/Drivers/STM32G0xx_HAL_Driver/Src/stm32g0xx_hal_tim.c.obj
                0x08003400                TIM_OC2_SetConfig
 .text.TIM_OC3_SetConfig
                0x080034fc      0x104 CMakeFiles/1231312123.dir/Drivers/STM32G0xx_HAL_Driver/Src/stm32g0xx_hal_tim.c.obj
 .text.TIM_OC4_SetConfig
                0x08003600       0xc8 CMakeFiles/1231312123.dir/Drivers/STM32G0xx_HAL_Driver/Src/stm32g0xx_hal_tim.c.obj
 .text.TIM_OC5_SetConfig
                0x080036c8       0xb4 CMakeFiles/1231312123.dir/Drivers/STM32G0xx_HAL_Driver/Src/stm32g0xx_hal_tim.c.obj
 .text.TIM_OC6_SetConfig
                0x0800377c       0xbc CMakeFiles/1231312123.dir/Drivers/STM32G0xx_HAL_Driver/Src/stm32g0xx_hal_tim.c.obj
 .text.TIM_CCxChannelCmd
                0x08003838       0x46 CMakeFiles/1231312123.dir/Drivers/STM32G0xx_HAL_Driver/Src/stm32g0xx_hal_tim.c.obj
                0x08003838                TIM_CCxChannelCmd
 *fill*         0x0800387e        0x2 
 .text.HAL_TIMEx_MasterConfigSynchronization
                0x08003880       0xc4 CMakeFiles/1231312123.dir/Drivers/STM32G0xx_HAL_Driver/Src/stm32g0xx_hal_tim_ex.c.obj
                0x08003880                HAL_TIMEx_MasterConfigSynchronization
 .text.HAL_TIMEx_ConfigBreakDeadTime
                0x08003944      0x138 CMakeFiles/1231312123.dir/Drivers/STM32G0xx_HAL_Driver/Src/stm32g0xx_hal_tim_ex.c.obj
                0x08003944                HAL_TIMEx_ConfigBreakDeadTime
 .text.HAL_TIMEx_CommutCallback
                0x08003a7c       0x10 CMakeFiles/1231312123.dir/Drivers/STM32G0xx_HAL_Driver/Src/stm32g0xx_hal_tim_ex.c.obj
                0x08003a7c                HAL_TIMEx_CommutCallback
 .text.HAL_TIMEx_BreakCallback
                0x08003a8c       0x10 CMakeFiles/1231312123.dir/Drivers/STM32G0xx_HAL_Driver/Src/stm32g0xx_hal_tim_ex.c.obj
                0x08003a8c                HAL_TIMEx_BreakCallback
 .text.HAL_TIMEx_Break2Callback
                0x08003a9c       0x10 CMakeFiles/1231312123.dir/Drivers/STM32G0xx_HAL_Driver/Src/stm32g0xx_hal_tim_ex.c.obj
                0x08003a9c                HAL_TIMEx_Break2Callback
 .text.HAL_UART_Init
                0x08003aac       0xac CMakeFiles/1231312123.dir/Drivers/STM32G0xx_HAL_Driver/Src/stm32g0xx_hal_uart.c.obj
                0x08003aac                HAL_UART_Init
 .text.UART_SetConfig
                0x08003b58      0x2d4 CMakeFiles/1231312123.dir/Drivers/STM32G0xx_HAL_Driver/Src/stm32g0xx_hal_uart.c.obj
                0x08003b58                UART_SetConfig
 .text.UART_AdvFeatureConfig
                0x08003e2c      0x168 CMakeFiles/1231312123.dir/Drivers/STM32G0xx_HAL_Driver/Src/stm32g0xx_hal_uart.c.obj
                0x08003e2c                UART_AdvFeatureConfig
 .text.UART_CheckIdleState
                0x08003f94      0x154 CMakeFiles/1231312123.dir/Drivers/STM32G0xx_HAL_Driver/Src/stm32g0xx_hal_uart.c.obj
                0x08003f94                UART_CheckIdleState
 .text.UART_WaitOnFlagUntilTimeout
                0x080040e8       0xde CMakeFiles/1231312123.dir/Drivers/STM32G0xx_HAL_Driver/Src/stm32g0xx_hal_uart.c.obj
                0x080040e8                UART_WaitOnFlagUntilTimeout
 *fill*         0x080041c6        0x2 
 .text.UART_EndRxTransfer
                0x080041c8       0xcc CMakeFiles/1231312123.dir/Drivers/STM32G0xx_HAL_Driver/Src/stm32g0xx_hal_uart.c.obj
 .text.HAL_UARTEx_DisableFifoMode
                0x08004294       0x74 CMakeFiles/1231312123.dir/Drivers/STM32G0xx_HAL_Driver/Src/stm32g0xx_hal_uart_ex.c.obj
                0x08004294                HAL_UARTEx_DisableFifoMode
 .text.HAL_UARTEx_SetTxFifoThreshold
                0x08004308       0x7e CMakeFiles/1231312123.dir/Drivers/STM32G0xx_HAL_Driver/Src/stm32g0xx_hal_uart_ex.c.obj
                0x08004308                HAL_UARTEx_SetTxFifoThreshold
 *fill*         0x08004386        0x2 
 .text.HAL_UARTEx_SetRxFifoThreshold
                0x08004388       0x84 CMakeFiles/1231312123.dir/Drivers/STM32G0xx_HAL_Driver/Src/stm32g0xx_hal_uart_ex.c.obj
                0x08004388                HAL_UARTEx_SetRxFifoThreshold
 .text.UARTEx_SetNbDataToProcess
                0x0800440c       0xbc CMakeFiles/1231312123.dir/Drivers/STM32G0xx_HAL_Driver/Src/stm32g0xx_hal_uart_ex.c.obj
 .text._ZN3KeyC2EPFhvE
                0x080044c8       0x52 CMakeFiles/1231312123.dir/Source/key.cpp.obj
                0x080044c8                Key::Key(unsigned char (*)())
                0x080044c8                Key::Key(unsigned char (*)())
 .text._Z10Key1_Statev
                0x0800451a       0x18 CMakeFiles/1231312123.dir/Source/key.cpp.obj
                0x0800451a                Key1_State()
 .text._ZSt17__size_to_integerj
                0x08004532       0x12 CMakeFiles/1231312123.dir/Source/ws2812.cpp.obj
                0x08004532                std::__size_to_integer(unsigned int)
 .text._ZnwjPv  0x08004544       0x14 CMakeFiles/1231312123.dir/Source/ws2812.cpp.obj
                0x08004544                operator new(unsigned int, void*)
 .text._ZNSt12_Vector_baseISt6vectorImSaImEESaIS2_EE12_Vector_implD2Ev
                0x08004558       0x1e CMakeFiles/1231312123.dir/Source/ws2812.cpp.obj
                0x08004558                std::_Vector_base<std::vector<unsigned long, std::allocator<unsigned long> >, std::allocator<std::vector<unsigned long, std::allocator<unsigned long> > > >::_Vector_impl::~_Vector_impl()
                0x08004558                std::_Vector_base<std::vector<unsigned long, std::allocator<unsigned long> >, std::allocator<std::vector<unsigned long, std::allocator<unsigned long> > > >::_Vector_impl::~_Vector_impl()
 .text._ZNSt12_Vector_baseISt6vectorImSaImEESaIS2_EEC2Ev
                0x08004576       0x1a CMakeFiles/1231312123.dir/Source/ws2812.cpp.obj
                0x08004576                std::_Vector_base<std::vector<unsigned long, std::allocator<unsigned long> >, std::allocator<std::vector<unsigned long, std::allocator<unsigned long> > > >::_Vector_base()
                0x08004576                std::_Vector_base<std::vector<unsigned long, std::allocator<unsigned long> >, std::allocator<std::vector<unsigned long, std::allocator<unsigned long> > > >::_Vector_base()
 .text._ZNSt6vectorIS_ImSaImEESaIS1_EEC2Ev
                0x08004590       0x1a CMakeFiles/1231312123.dir/Source/ws2812.cpp.obj
                0x08004590                std::vector<std::vector<unsigned long, std::allocator<unsigned long> >, std::allocator<std::vector<unsigned long, std::allocator<unsigned long> > > >::vector()
                0x08004590                std::vector<std::vector<unsigned long, std::allocator<unsigned long> >, std::allocator<std::vector<unsigned long, std::allocator<unsigned long> > > >::vector()
 .text._ZN6WS2812C2Eh17RGB_Color_TypeDef
                0x080045aa       0xac CMakeFiles/1231312123.dir/Source/ws2812.cpp.obj
                0x080045aa                WS2812::WS2812(unsigned char, RGB_Color_TypeDef)
                0x080045aa                WS2812::WS2812(unsigned char, RGB_Color_TypeDef)
 .text._ZN6WS28129Final_SetEv
                0x08004656       0x2e CMakeFiles/1231312123.dir/Source/ws2812.cpp.obj
                0x08004656                WS2812::Final_Set()
 .text._ZN6WS28127Set_OneE17RGB_Color_TypeDefi
                0x08004684      0x136 CMakeFiles/1231312123.dir/Source/ws2812.cpp.obj
                0x08004684                WS2812::Set_One(RGB_Color_TypeDef, int)
 .text._ZN6WS28127Set_AllE17RGB_Color_TypeDef
                0x080047ba       0x3a CMakeFiles/1231312123.dir/Source/ws2812.cpp.obj
                0x080047ba                WS2812::Set_All(RGB_Color_TypeDef)
 .text._ZN6WS28129Send_DataEv
                0x080047f4      0x11c CMakeFiles/1231312123.dir/Source/ws2812.cpp.obj
                0x080047f4                WS2812::Send_Data()
 .text._ZN5SOUND11Sound_StateEv
                0x08004910       0x1e CMakeFiles/1231312123.dir/Source/ws2812.cpp.obj
                0x08004910                SOUND::Sound_State()
 *fill*         0x0800492e        0x2 
 .text.HAL_TIM_PeriodElapsedCallback
                0x08004930       0x84 CMakeFiles/1231312123.dir/Source/ws2812.cpp.obj
                0x08004930                HAL_TIM_PeriodElapsedCallback
 .text._ZNSt12_Vector_baseISt6vectorImSaImEESaIS2_EE12_Vector_implC2Ev
                0x080049b4       0x22 CMakeFiles/1231312123.dir/Source/ws2812.cpp.obj
                0x080049b4                std::_Vector_base<std::vector<unsigned long, std::allocator<unsigned long> >, std::allocator<std::vector<unsigned long, std::allocator<unsigned long> > > >::_Vector_impl::_Vector_impl()
                0x080049b4                std::_Vector_base<std::vector<unsigned long, std::allocator<unsigned long> >, std::allocator<std::vector<unsigned long, std::allocator<unsigned long> > > >::_Vector_impl::_Vector_impl()
 .text._ZNSt12_Vector_baseISt6vectorImSaImEESaIS2_EED2Ev
                0x080049d6       0x4c CMakeFiles/1231312123.dir/Source/ws2812.cpp.obj
                0x080049d6                std::_Vector_base<std::vector<unsigned long, std::allocator<unsigned long> >, std::allocator<std::vector<unsigned long, std::allocator<unsigned long> > > >::~_Vector_base()
                0x080049d6                std::_Vector_base<std::vector<unsigned long, std::allocator<unsigned long> >, std::allocator<std::vector<unsigned long, std::allocator<unsigned long> > > >::~_Vector_base()
 .text._ZNSt6vectorIS_ImSaImEESaIS1_EED2Ev
                0x08004a22       0x40 CMakeFiles/1231312123.dir/Source/ws2812.cpp.obj
                0x08004a22                std::vector<std::vector<unsigned long, std::allocator<unsigned long> >, std::allocator<std::vector<unsigned long, std::allocator<unsigned long> > > >::~vector()
                0x08004a22                std::vector<std::vector<unsigned long, std::allocator<unsigned long> >, std::allocator<std::vector<unsigned long, std::allocator<unsigned long> > > >::~vector()
 .text._ZNSt6vectorIS_ImSaImEESaIS1_EE6resizeEj
                0x08004a62       0x76 CMakeFiles/1231312123.dir/Source/ws2812.cpp.obj
                0x08004a62                std::vector<std::vector<unsigned long, std::allocator<unsigned long> >, std::allocator<std::vector<unsigned long, std::allocator<unsigned long> > > >::resize(unsigned int)
 .text._ZNSt6vectorIS_ImSaImEESaIS1_EE5beginEv
                0x08004ad8       0x20 CMakeFiles/1231312123.dir/Source/ws2812.cpp.obj
                0x08004ad8                std::vector<std::vector<unsigned long, std::allocator<unsigned long> >, std::allocator<std::vector<unsigned long, std::allocator<unsigned long> > > >::begin()
 .text._ZNSt6vectorIS_ImSaImEESaIS1_EE3endEv
                0x08004af8       0x22 CMakeFiles/1231312123.dir/Source/ws2812.cpp.obj
                0x08004af8                std::vector<std::vector<unsigned long, std::allocator<unsigned long> >, std::allocator<std::vector<unsigned long, std::allocator<unsigned long> > > >::end()
 .text._ZN9__gnu_cxxneIPSt6vectorImSaImEES1_IS3_SaIS3_EEEEbRKNS_17__normal_iteratorIT_T0_EESC_
                0x08004b1a       0x32 CMakeFiles/1231312123.dir/Source/ws2812.cpp.obj
                0x08004b1a                bool __gnu_cxx::operator!=<std::vector<unsigned long, std::allocator<unsigned long> >*, std::vector<std::vector<unsigned long, std::allocator<unsigned long> >, std::allocator<std::vector<unsigned long, std::allocator<unsigned long> > > > >(__gnu_cxx::__normal_iterator<std::vector<unsigned long, std::allocator<unsigned long> >*, std::vector<std::vector<unsigned long, std::allocator<unsigned long> >, std::allocator<std::vector<unsigned long, std::allocator<unsigned long> > > > > const&, __gnu_cxx::__normal_iterator<std::vector<unsigned long, std::allocator<unsigned long> >*, std::vector<std::vector<unsigned long, std::allocator<unsigned long> >, std::allocator<std::vector<unsigned long, std::allocator<unsigned long> > > > > const&)
 .text._ZN9__gnu_cxx17__normal_iteratorIPSt6vectorImSaImEES1_IS3_SaIS3_EEEppEv
                0x08004b4c       0x1e CMakeFiles/1231312123.dir/Source/ws2812.cpp.obj
                0x08004b4c                __gnu_cxx::__normal_iterator<std::vector<unsigned long, std::allocator<unsigned long> >*, std::vector<std::vector<unsigned long, std::allocator<unsigned long> >, std::allocator<std::vector<unsigned long, std::allocator<unsigned long> > > > >::operator++()
 .text._ZNK9__gnu_cxx17__normal_iteratorIPSt6vectorImSaImEES1_IS3_SaIS3_EEEdeEv
                0x08004b6a       0x14 CMakeFiles/1231312123.dir/Source/ws2812.cpp.obj
                0x08004b6a                __gnu_cxx::__normal_iterator<std::vector<unsigned long, std::allocator<unsigned long> >*, std::vector<std::vector<unsigned long, std::allocator<unsigned long> >, std::allocator<std::vector<unsigned long, std::allocator<unsigned long> > > > >::operator*() const
 .text._ZNSt6vectorImSaImEE6resizeEjRKm
                0x08004b7e       0x7c CMakeFiles/1231312123.dir/Source/ws2812.cpp.obj
                0x08004b7e                std::vector<unsigned long, std::allocator<unsigned long> >::resize(unsigned int, unsigned long const&)
 .text._ZNSt6vectorIS_ImSaImEESaIS1_EEixEj
                0x08004bfa       0x22 CMakeFiles/1231312123.dir/Source/ws2812.cpp.obj
                0x08004bfa                std::vector<std::vector<unsigned long, std::allocator<unsigned long> >, std::allocator<std::vector<unsigned long, std::allocator<unsigned long> > > >::operator[](unsigned int)
 .text._ZNSt6vectorImSaImEE6assignEjRKm
                0x08004c1c       0x20 CMakeFiles/1231312123.dir/Source/ws2812.cpp.obj
                0x08004c1c                std::vector<unsigned long, std::allocator<unsigned long> >::assign(unsigned int, unsigned long const&)
 .text._ZNSt6vectorImSaImEEixEj
                0x08004c3c       0x1c CMakeFiles/1231312123.dir/Source/ws2812.cpp.obj
                0x08004c3c                std::vector<unsigned long, std::allocator<unsigned long> >::operator[](unsigned int)
 .text._ZNSt6vectorImSaImEEC2EjRKS0_
                0x08004c58       0x3c CMakeFiles/1231312123.dir/Source/ws2812.cpp.obj
                0x08004c58                std::vector<unsigned long, std::allocator<unsigned long> >::vector(unsigned int, std::allocator<unsigned long> const&)
                0x08004c58                std::vector<unsigned long, std::allocator<unsigned long> >::vector(unsigned int, std::allocator<unsigned long> const&)
 .text._ZNSt6vectorImSaImEED2Ev
                0x08004c94       0x40 CMakeFiles/1231312123.dir/Source/ws2812.cpp.obj
                0x08004c94                std::vector<unsigned long, std::allocator<unsigned long> >::~vector()
                0x08004c94                std::vector<unsigned long, std::allocator<unsigned long> >::~vector()
 .text._ZNSt6vectorImSaImEE4dataEv
                0x08004cd4       0x20 CMakeFiles/1231312123.dir/Source/ws2812.cpp.obj
                0x08004cd4                std::vector<unsigned long, std::allocator<unsigned long> >::data()
 .text._ZNSt12_Vector_baseISt6vectorImSaImEESaIS2_EE17_Vector_impl_dataC2Ev
                0x08004cf4       0x24 CMakeFiles/1231312123.dir/Source/ws2812.cpp.obj
                0x08004cf4                std::_Vector_base<std::vector<unsigned long, std::allocator<unsigned long> >, std::allocator<std::vector<unsigned long, std::allocator<unsigned long> > > >::_Vector_impl_data::_Vector_impl_data()
                0x08004cf4                std::_Vector_base<std::vector<unsigned long, std::allocator<unsigned long> >, std::allocator<std::vector<unsigned long, std::allocator<unsigned long> > > >::_Vector_impl_data::_Vector_impl_data()
 .text._ZNSt15__new_allocatorISt6vectorImSaImEEED2Ev
                0x08004d18       0x12 CMakeFiles/1231312123.dir/Source/ws2812.cpp.obj
                0x08004d18                std::__new_allocator<std::vector<unsigned long, std::allocator<unsigned long> > >::~__new_allocator()
                0x08004d18                std::__new_allocator<std::vector<unsigned long, std::allocator<unsigned long> > >::~__new_allocator()
 .text._ZNSt12_Vector_baseISt6vectorImSaImEESaIS2_EE13_M_deallocateEPS2_j
                0x08004d2a       0x34 CMakeFiles/1231312123.dir/Source/ws2812.cpp.obj
                0x08004d2a                std::_Vector_base<std::vector<unsigned long, std::allocator<unsigned long> >, std::allocator<std::vector<unsigned long, std::allocator<unsigned long> > > >::_M_deallocate(std::vector<unsigned long, std::allocator<unsigned long> >*, unsigned int)
 .text._ZNSt12_Vector_baseISt6vectorImSaImEESaIS2_EE19_M_get_Tp_allocatorEv
                0x08004d5e       0x12 CMakeFiles/1231312123.dir/Source/ws2812.cpp.obj
                0x08004d5e                std::_Vector_base<std::vector<unsigned long, std::allocator<unsigned long> >, std::allocator<std::vector<unsigned long, std::allocator<unsigned long> > > >::_M_get_Tp_allocator()
 .text._ZNKSt6vectorIS_ImSaImEESaIS1_EE4sizeEv
                0x08004d70       0x32 CMakeFiles/1231312123.dir/Source/ws2812.cpp.obj
                0x08004d70                std::vector<std::vector<unsigned long, std::allocator<unsigned long> >, std::allocator<std::vector<unsigned long, std::allocator<unsigned long> > > >::size() const
 .text._ZZNSt6vectorIS_ImSaImEESaIS1_EE17_M_default_appendEjEN6_GuardC2EPS1_jRS2_
                0x08004da2       0x2a CMakeFiles/1231312123.dir/Source/ws2812.cpp.obj
                0x08004da2                std::vector<std::vector<unsigned long, std::allocator<unsigned long> >, std::allocator<std::vector<unsigned long, std::allocator<unsigned long> > > >::_M_default_append(unsigned int)::_Guard::_Guard(std::vector<unsigned long, std::allocator<unsigned long> >*, unsigned int, std::allocator<std::vector<unsigned long, std::allocator<unsigned long> > >&)
                0x08004da2                std::vector<std::vector<unsigned long, std::allocator<unsigned long> >, std::allocator<std::vector<unsigned long, std::allocator<unsigned long> > > >::_M_default_append(unsigned int)::_Guard::_Guard(std::vector<unsigned long, std::allocator<unsigned long> >*, unsigned int, std::allocator<std::vector<unsigned long, std::allocator<unsigned long> > >&)
 .text._ZZNSt6vectorIS_ImSaImEESaIS1_EE17_M_default_appendEjEN6_GuardD2Ev
                0x08004dcc       0x3a CMakeFiles/1231312123.dir/Source/ws2812.cpp.obj
                0x08004dcc                std::vector<std::vector<unsigned long, std::allocator<unsigned long> >, std::allocator<std::vector<unsigned long, std::allocator<unsigned long> > > >::_M_default_append(unsigned int)::_Guard::~_Guard()
                0x08004dcc                std::vector<std::vector<unsigned long, std::allocator<unsigned long> >, std::allocator<std::vector<unsigned long, std::allocator<unsigned long> > > >::_M_default_append(unsigned int)::_Guard::~_Guard()
 *fill*         0x08004e06        0x2 
 .text._ZNSt6vectorIS_ImSaImEESaIS1_EE17_M_default_appendEj
                0x08004e08      0x168 CMakeFiles/1231312123.dir/Source/ws2812.cpp.obj
                0x08004e08                std::vector<std::vector<unsigned long, std::allocator<unsigned long> >, std::allocator<std::vector<unsigned long, std::allocator<unsigned long> > > >::_M_default_append(unsigned int)
 .text._ZNSt6vectorIS_ImSaImEESaIS1_EE15_M_erase_at_endEPS1_
                0x08004f70       0x64 CMakeFiles/1231312123.dir/Source/ws2812.cpp.obj
                0x08004f70                std::vector<std::vector<unsigned long, std::allocator<unsigned long> >, std::allocator<std::vector<unsigned long, std::allocator<unsigned long> > > >::_M_erase_at_end(std::vector<unsigned long, std::allocator<unsigned long> >*)
 .text._ZN9__gnu_cxx17__normal_iteratorIPSt6vectorImSaImEES1_IS3_SaIS3_EEEC2ERKS4_
                0x08004fd4       0x1c CMakeFiles/1231312123.dir/Source/ws2812.cpp.obj
                0x08004fd4                __gnu_cxx::__normal_iterator<std::vector<unsigned long, std::allocator<unsigned long> >*, std::vector<std::vector<unsigned long, std::allocator<unsigned long> >, std::allocator<std::vector<unsigned long, std::allocator<unsigned long> > > > >::__normal_iterator(std::vector<unsigned long, std::allocator<unsigned long> >* const&)
                0x08004fd4                __gnu_cxx::__normal_iterator<std::vector<unsigned long, std::allocator<unsigned long> >*, std::vector<std::vector<unsigned long, std::allocator<unsigned long> >, std::allocator<std::vector<unsigned long, std::allocator<unsigned long> > > > >::__normal_iterator(std::vector<unsigned long, std::allocator<unsigned long> >* const&)
 .text._ZNK9__gnu_cxx17__normal_iteratorIPSt6vectorImSaImEES1_IS3_SaIS3_EEE4baseEv
                0x08004ff0       0x12 CMakeFiles/1231312123.dir/Source/ws2812.cpp.obj
                0x08004ff0                __gnu_cxx::__normal_iterator<std::vector<unsigned long, std::allocator<unsigned long> >*, std::vector<std::vector<unsigned long, std::allocator<unsigned long> >, std::allocator<std::vector<unsigned long, std::allocator<unsigned long> > > > >::base() const
 .text._ZNKSt6vectorImSaImEE4sizeEv
                0x08005002       0x1c CMakeFiles/1231312123.dir/Source/ws2812.cpp.obj
                0x08005002                std::vector<unsigned long, std::allocator<unsigned long> >::size() const
 *fill*         0x0800501e        0x2 
 .text._ZNSt6vectorImSaImEE14_M_fill_insertEN9__gnu_cxx17__normal_iteratorIPmS1_EEjRKm
                0x08005020      0x260 CMakeFiles/1231312123.dir/Source/ws2812.cpp.obj
                0x08005020                std::vector<unsigned long, std::allocator<unsigned long> >::_M_fill_insert(__gnu_cxx::__normal_iterator<unsigned long*, std::vector<unsigned long, std::allocator<unsigned long> > >, unsigned int, unsigned long const&)
 .text._ZNSt6vectorImSaImEE3endEv
                0x08005280       0x22 CMakeFiles/1231312123.dir/Source/ws2812.cpp.obj
                0x08005280                std::vector<unsigned long, std::allocator<unsigned long> >::end()
 .text._ZNSt6vectorImSaImEE15_M_erase_at_endEPm
                0x080052a2       0x4e CMakeFiles/1231312123.dir/Source/ws2812.cpp.obj
                0x080052a2                std::vector<unsigned long, std::allocator<unsigned long> >::_M_erase_at_end(unsigned long*)
 .text._ZNSt6vectorImSaImEE14_M_fill_assignEjRKm
                0x080052f0       0xcc CMakeFiles/1231312123.dir/Source/ws2812.cpp.obj
                0x080052f0                std::vector<unsigned long, std::allocator<unsigned long> >::_M_fill_assign(unsigned int, unsigned long const&)
 .text._ZNSt15__new_allocatorImED2Ev
                0x080053bc       0x12 CMakeFiles/1231312123.dir/Source/ws2812.cpp.obj
                0x080053bc                std::__new_allocator<unsigned long>::~__new_allocator()
                0x080053bc                std::__new_allocator<unsigned long>::~__new_allocator()
 *fill*         0x080053ce        0x2 
 .text._ZNSt6vectorImSaImEE17_S_check_init_lenEjRKS0_
                0x080053d0       0x50 CMakeFiles/1231312123.dir/Source/ws2812.cpp.obj
                0x080053d0                std::vector<unsigned long, std::allocator<unsigned long> >::_S_check_init_len(unsigned int, std::allocator<unsigned long> const&)
 .text._ZNSt12_Vector_baseImSaImEE12_Vector_implD2Ev
                0x08005420       0x1e CMakeFiles/1231312123.dir/Source/ws2812.cpp.obj
                0x08005420                std::_Vector_base<unsigned long, std::allocator<unsigned long> >::_Vector_impl::~_Vector_impl()
                0x08005420                std::_Vector_base<unsigned long, std::allocator<unsigned long> >::_Vector_impl::~_Vector_impl()
 .text._ZNSt12_Vector_baseImSaImEEC2EjRKS0_
                0x0800543e       0x2e CMakeFiles/1231312123.dir/Source/ws2812.cpp.obj
                0x0800543e                std::_Vector_base<unsigned long, std::allocator<unsigned long> >::_Vector_base(unsigned int, std::allocator<unsigned long> const&)
                0x0800543e                std::_Vector_base<unsigned long, std::allocator<unsigned long> >::_Vector_base(unsigned int, std::allocator<unsigned long> const&)
 .text._ZNSt12_Vector_baseImSaImEED2Ev
                0x0800546c       0x34 CMakeFiles/1231312123.dir/Source/ws2812.cpp.obj
                0x0800546c                std::_Vector_base<unsigned long, std::allocator<unsigned long> >::~_Vector_base()
                0x0800546c                std::_Vector_base<unsigned long, std::allocator<unsigned long> >::~_Vector_base()
 .text._ZNSt6vectorImSaImEE21_M_default_initializeEj
                0x080054a0       0x30 CMakeFiles/1231312123.dir/Source/ws2812.cpp.obj
                0x080054a0                std::vector<unsigned long, std::allocator<unsigned long> >::_M_default_initialize(unsigned int)
 .text._ZNSt12_Vector_baseImSaImEE19_M_get_Tp_allocatorEv
                0x080054d0       0x12 CMakeFiles/1231312123.dir/Source/ws2812.cpp.obj
                0x080054d0                std::_Vector_base<unsigned long, std::allocator<unsigned long> >::_M_get_Tp_allocator()
 .text._ZNKSt6vectorImSaImEE11_M_data_ptrImEEPT_S4_
                0x080054e2       0x14 CMakeFiles/1231312123.dir/Source/ws2812.cpp.obj
                0x080054e2                unsigned long* std::vector<unsigned long, std::allocator<unsigned long> >::_M_data_ptr<unsigned long>(unsigned long*) const
 .text._ZSt8_DestroyIPSt6vectorImSaImEEEvT_S4_
                0x080054f6       0x1e CMakeFiles/1231312123.dir/Source/ws2812.cpp.obj
                0x080054f6                void std::_Destroy<std::vector<unsigned long, std::allocator<unsigned long> >*>(std::vector<unsigned long, std::allocator<unsigned long> >*, std::vector<unsigned long, std::allocator<unsigned long> >*)
 .text._ZNKSt6vectorIS_ImSaImEESaIS1_EE8max_sizeEv
                0x08005514       0x22 CMakeFiles/1231312123.dir/Source/ws2812.cpp.obj
                0x08005514                std::vector<std::vector<unsigned long, std::allocator<unsigned long> >, std::allocator<std::vector<unsigned long, std::allocator<unsigned long> > > >::max_size() const
 .text._ZSt27__uninitialized_default_n_aIPSt6vectorImSaImEEjS2_ET_S4_T0_RSaIT1_E
                0x08005536       0x22 CMakeFiles/1231312123.dir/Source/ws2812.cpp.obj
                0x08005536                std::vector<unsigned long, std::allocator<unsigned long> >* std::__uninitialized_default_n_a<std::vector<unsigned long, std::allocator<unsigned long> >*, unsigned int, std::vector<unsigned long, std::allocator<unsigned long> > >(std::vector<unsigned long, std::allocator<unsigned long> >*, unsigned int, std::allocator<std::vector<unsigned long, std::allocator<unsigned long> > >&)
 .text._ZNKSt6vectorIS_ImSaImEESaIS1_EE12_M_check_lenEjPKc
                0x08005558       0x9c CMakeFiles/1231312123.dir/Source/ws2812.cpp.obj
                0x08005558                std::vector<std::vector<unsigned long, std::allocator<unsigned long> >, std::allocator<std::vector<unsigned long, std::allocator<unsigned long> > > >::_M_check_len(unsigned int, char const*) const
 .text._ZNSt12_Vector_baseISt6vectorImSaImEESaIS2_EE11_M_allocateEj
                0x080055f4       0x34 CMakeFiles/1231312123.dir/Source/ws2812.cpp.obj
                0x080055f4                std::_Vector_base<std::vector<unsigned long, std::allocator<unsigned long> >, std::allocator<std::vector<unsigned long, std::allocator<unsigned long> > > >::_M_allocate(unsigned int)
 .text._ZNSt6vectorIS_ImSaImEESaIS1_EE11_S_relocateEPS1_S4_S4_RS2_
                0x08005628       0x24 CMakeFiles/1231312123.dir/Source/ws2812.cpp.obj
                0x08005628                std::vector<std::vector<unsigned long, std::allocator<unsigned long> >, std::allocator<std::vector<unsigned long, std::allocator<unsigned long> > > >::_S_relocate(std::vector<unsigned long, std::allocator<unsigned long> >*, std::vector<unsigned long, std::allocator<unsigned long> >*, std::vector<unsigned long, std::allocator<unsigned long> >*, std::allocator<std::vector<unsigned long, std::allocator<unsigned long> > >&)
 .text._ZNSt6vectorImSaImEE16_Temporary_valueC2IJRKmEEEPS1_DpOT_
                0x0800564c       0x78 CMakeFiles/1231312123.dir/Source/ws2812.cpp.obj
                0x0800564c                std::vector<unsigned long, std::allocator<unsigned long> >::_Temporary_value::_Temporary_value<unsigned long const&>(std::vector<unsigned long, std::allocator<unsigned long> >*, unsigned long const&)
                0x0800564c                std::vector<unsigned long, std::allocator<unsigned long> >::_Temporary_value::_Temporary_value<unsigned long const&>(std::vector<unsigned long, std::allocator<unsigned long> >*, unsigned long const&)
 .text._ZNSt6vectorImSaImEE16_Temporary_valueD2Ev
                0x080056c4       0x3c CMakeFiles/1231312123.dir/Source/ws2812.cpp.obj
                0x080056c4                std::vector<unsigned long, std::allocator<unsigned long> >::_Temporary_value::~_Temporary_value()
                0x080056c4                std::vector<unsigned long, std::allocator<unsigned long> >::_Temporary_value::~_Temporary_value()
 .text._ZNSt6vectorImSaImEE16_Temporary_value6_M_valEv
                0x08005700       0x14 CMakeFiles/1231312123.dir/Source/ws2812.cpp.obj
                0x08005700                std::vector<unsigned long, std::allocator<unsigned long> >::_Temporary_value::_M_val()
 .text._ZN9__gnu_cxxmiIPmSt6vectorImSaImEEEENS_17__normal_iteratorIT_T0_E15difference_typeERKS8_SB_
                0x08005714       0x2e CMakeFiles/1231312123.dir/Source/ws2812.cpp.obj
                0x08005714                __gnu_cxx::__normal_iterator<unsigned long*, std::vector<unsigned long, std::allocator<unsigned long> > >::difference_type __gnu_cxx::operator-<unsigned long*, std::vector<unsigned long, std::allocator<unsigned long> > >(__gnu_cxx::__normal_iterator<unsigned long*, std::vector<unsigned long, std::allocator<unsigned long> > > const&, __gnu_cxx::__normal_iterator<unsigned long*, std::vector<unsigned long, std::allocator<unsigned long> > > const&)
 .text._ZSt22__uninitialized_move_aIPmS0_SaImEET0_T_S3_S2_RT1_
                0x08005742       0x36 CMakeFiles/1231312123.dir/Source/ws2812.cpp.obj
                0x08005742                unsigned long* std::__uninitialized_move_a<unsigned long*, unsigned long*, std::allocator<unsigned long> >(unsigned long*, unsigned long*, unsigned long*, std::allocator<unsigned long>&)
 .text._ZNK9__gnu_cxx17__normal_iteratorIPmSt6vectorImSaImEEE4baseEv
                0x08005778       0x12 CMakeFiles/1231312123.dir/Source/ws2812.cpp.obj
                0x08005778                __gnu_cxx::__normal_iterator<unsigned long*, std::vector<unsigned long, std::allocator<unsigned long> > >::base() const
 .text._ZSt13move_backwardIPmS0_ET0_T_S2_S1_
                0x0800578a       0x34 CMakeFiles/1231312123.dir/Source/ws2812.cpp.obj
                0x0800578a                unsigned long* std::move_backward<unsigned long*, unsigned long*>(unsigned long*, unsigned long*, unsigned long*)
 .text._ZSt4fillIPmmEvT_S1_RKT0_
                0x080057be       0x20 CMakeFiles/1231312123.dir/Source/ws2812.cpp.obj
                0x080057be                void std::fill<unsigned long*, unsigned long>(unsigned long*, unsigned long*, unsigned long const&)
 .text._ZSt24__uninitialized_fill_n_aIPmjmmET_S1_T0_RKT1_RSaIT2_E
                0x080057de       0x24 CMakeFiles/1231312123.dir/Source/ws2812.cpp.obj
                0x080057de                unsigned long* std::__uninitialized_fill_n_a<unsigned long*, unsigned int, unsigned long, unsigned long>(unsigned long*, unsigned int, unsigned long const&, std::allocator<unsigned long>&)
 .text._ZNKSt6vectorImSaImEE12_M_check_lenEjPKc
                0x08005802       0x9c CMakeFiles/1231312123.dir/Source/ws2812.cpp.obj
                0x08005802                std::vector<unsigned long, std::allocator<unsigned long> >::_M_check_len(unsigned int, char const*) const
 .text._ZNSt12_Vector_baseImSaImEE11_M_allocateEj
                0x0800589e       0x34 CMakeFiles/1231312123.dir/Source/ws2812.cpp.obj
                0x0800589e                std::_Vector_base<unsigned long, std::allocator<unsigned long> >::_M_allocate(unsigned int)
 .text._ZSt34__uninitialized_move_if_noexcept_aIPmS0_SaImEET0_T_S3_S2_RT1_
                0x080058d2       0x36 CMakeFiles/1231312123.dir/Source/ws2812.cpp.obj
                0x080058d2                unsigned long* std::__uninitialized_move_if_noexcept_a<unsigned long*, unsigned long*, std::allocator<unsigned long> >(unsigned long*, unsigned long*, unsigned long*, std::allocator<unsigned long>&)
 .text._ZNSt12_Vector_baseImSaImEE13_M_deallocateEPmj
                0x08005908       0x34 CMakeFiles/1231312123.dir/Source/ws2812.cpp.obj
                0x08005908                std::_Vector_base<unsigned long, std::allocator<unsigned long> >::_M_deallocate(unsigned long*, unsigned int)
 .text._ZN9__gnu_cxx17__normal_iteratorIPmSt6vectorImSaImEEEC2ERKS1_
                0x0800593c       0x1c CMakeFiles/1231312123.dir/Source/ws2812.cpp.obj
                0x0800593c                __gnu_cxx::__normal_iterator<unsigned long*, std::vector<unsigned long, std::allocator<unsigned long> > >::__normal_iterator(unsigned long* const&)
                0x0800593c                __gnu_cxx::__normal_iterator<unsigned long*, std::vector<unsigned long, std::allocator<unsigned long> > >::__normal_iterator(unsigned long* const&)
 .text._ZNKSt6vectorImSaImEE8capacityEv
                0x08005958       0x1c CMakeFiles/1231312123.dir/Source/ws2812.cpp.obj
                0x08005958                std::vector<unsigned long, std::allocator<unsigned long> >::capacity() const
 .text._ZNSt6vectorImSaImEEC2EjRKmRKS0_
                0x08005974       0x3e CMakeFiles/1231312123.dir/Source/ws2812.cpp.obj
                0x08005974                std::vector<unsigned long, std::allocator<unsigned long> >::vector(unsigned int, unsigned long const&, std::allocator<unsigned long> const&)
                0x08005974                std::vector<unsigned long, std::allocator<unsigned long> >::vector(unsigned int, unsigned long const&, std::allocator<unsigned long> const&)
 .text._ZNSt12_Vector_baseImSaImEE17_Vector_impl_data12_M_swap_dataERS2_
                0x080059b2       0x40 CMakeFiles/1231312123.dir/Source/ws2812.cpp.obj
                0x080059b2                std::_Vector_base<unsigned long, std::allocator<unsigned long> >::_Vector_impl_data::_M_swap_data(std::_Vector_base<unsigned long, std::allocator<unsigned long> >::_Vector_impl_data&)
 .text._ZNSt6vectorImSaImEE5beginEv
                0x080059f2       0x20 CMakeFiles/1231312123.dir/Source/ws2812.cpp.obj
                0x080059f2                std::vector<unsigned long, std::allocator<unsigned long> >::begin()
 .text._ZSt4fillIN9__gnu_cxx17__normal_iteratorIPmSt6vectorImSaImEEEEmEvT_S7_RKT0_
                0x08005a12       0x20 CMakeFiles/1231312123.dir/Source/ws2812.cpp.obj
                0x08005a12                void std::fill<__gnu_cxx::__normal_iterator<unsigned long*, std::vector<unsigned long, std::allocator<unsigned long> > >, unsigned long>(__gnu_cxx::__normal_iterator<unsigned long*, std::vector<unsigned long, std::allocator<unsigned long> > >, __gnu_cxx::__normal_iterator<unsigned long*, std::vector<unsigned long, std::allocator<unsigned long> > >, unsigned long const&)
 .text._ZSt6fill_nIPmjmET_S1_T0_RKT1_
                0x08005a32       0x2e CMakeFiles/1231312123.dir/Source/ws2812.cpp.obj
                0x08005a32                unsigned long* std::fill_n<unsigned long*, unsigned int, unsigned long>(unsigned long*, unsigned int, unsigned long const&)
 .text._ZNSt6vectorImSaImEE11_S_max_sizeERKS0_
                0x08005a60       0x40 CMakeFiles/1231312123.dir/Source/ws2812.cpp.obj
                0x08005a60                std::vector<unsigned long, std::allocator<unsigned long> >::_S_max_size(std::allocator<unsigned long> const&)
 .text._ZNSt12_Vector_baseImSaImEE12_Vector_implC2ERKS0_
                0x08005aa0       0x2c CMakeFiles/1231312123.dir/Source/ws2812.cpp.obj
                0x08005aa0                std::_Vector_base<unsigned long, std::allocator<unsigned long> >::_Vector_impl::_Vector_impl(std::allocator<unsigned long> const&)
                0x08005aa0                std::_Vector_base<unsigned long, std::allocator<unsigned long> >::_Vector_impl::_Vector_impl(std::allocator<unsigned long> const&)
 .text._ZNSt12_Vector_baseImSaImEE17_M_create_storageEj
                0x08005acc       0x3a CMakeFiles/1231312123.dir/Source/ws2812.cpp.obj
                0x08005acc                std::_Vector_base<unsigned long, std::allocator<unsigned long> >::_M_create_storage(unsigned int)
 .text._ZSt27__uninitialized_default_n_aIPmjmET_S1_T0_RSaIT1_E
                0x08005b06       0x22 CMakeFiles/1231312123.dir/Source/ws2812.cpp.obj
                0x08005b06                unsigned long* std::__uninitialized_default_n_a<unsigned long*, unsigned int, unsigned long>(unsigned long*, unsigned int, std::allocator<unsigned long>&)
 .text._ZSt8_DestroyIPmEvT_S1_
                0x08005b28       0x1e CMakeFiles/1231312123.dir/Source/ws2812.cpp.obj
                0x08005b28                void std::_Destroy<unsigned long*>(unsigned long*, unsigned long*)
 .text._ZNSt15__new_allocatorISt6vectorImSaImEEE10deallocateEPS2_j
                0x08005b46       0x28 CMakeFiles/1231312123.dir/Source/ws2812.cpp.obj
                0x08005b46                std::__new_allocator<std::vector<unsigned long, std::allocator<unsigned long> > >::deallocate(std::vector<unsigned long, std::allocator<unsigned long> >*, unsigned int)
 .text._ZNSt12_Destroy_auxILb0EE9__destroyIPSt6vectorImSaImEEEEvT_S6_
                0x08005b6e       0x34 CMakeFiles/1231312123.dir/Source/ws2812.cpp.obj
                0x08005b6e                void std::_Destroy_aux<false>::__destroy<std::vector<unsigned long, std::allocator<unsigned long> >*>(std::vector<unsigned long, std::allocator<unsigned long> >*, std::vector<unsigned long, std::allocator<unsigned long> >*)
 *fill*         0x08005ba2        0x2 
 .text._ZNSt6vectorIS_ImSaImEESaIS1_EE11_S_max_sizeERKS2_
                0x08005ba4       0x40 CMakeFiles/1231312123.dir/Source/ws2812.cpp.obj
                0x08005ba4                std::vector<std::vector<unsigned long, std::allocator<unsigned long> >, std::allocator<std::vector<unsigned long, std::allocator<unsigned long> > > >::_S_max_size(std::allocator<std::vector<unsigned long, std::allocator<unsigned long> > > const&)
 .text._ZNKSt12_Vector_baseISt6vectorImSaImEESaIS2_EE19_M_get_Tp_allocatorEv
                0x08005be4       0x12 CMakeFiles/1231312123.dir/Source/ws2812.cpp.obj
                0x08005be4                std::_Vector_base<std::vector<unsigned long, std::allocator<unsigned long> >, std::allocator<std::vector<unsigned long, std::allocator<unsigned long> > > >::_M_get_Tp_allocator() const
 .text._ZSt25__uninitialized_default_nIPSt6vectorImSaImEEjET_S4_T0_
                0x08005bf6       0x28 CMakeFiles/1231312123.dir/Source/ws2812.cpp.obj
                0x08005bf6                std::vector<unsigned long, std::allocator<unsigned long> >* std::__uninitialized_default_n<std::vector<unsigned long, std::allocator<unsigned long> >*, unsigned int>(std::vector<unsigned long, std::allocator<unsigned long> >*, unsigned int)
 .text._ZSt3maxIjERKT_S2_S2_
                0x08005c1e       0x24 CMakeFiles/1231312123.dir/Source/ws2812.cpp.obj
                0x08005c1e                unsigned int const& std::max<unsigned int>(unsigned int const&, unsigned int const&)
 .text._ZSt12__relocate_aIPSt6vectorImSaImEES3_SaIS2_EET0_T_S6_S5_RT1_
                0x08005c42       0x40 CMakeFiles/1231312123.dir/Source/ws2812.cpp.obj
                0x08005c42                std::vector<unsigned long, std::allocator<unsigned long> >* std::__relocate_a<std::vector<unsigned long, std::allocator<unsigned long> >*, std::vector<unsigned long, std::allocator<unsigned long> >*, std::allocator<std::vector<unsigned long, std::allocator<unsigned long> > > >(std::vector<unsigned long, std::allocator<unsigned long> >*, std::vector<unsigned long, std::allocator<unsigned long> >*, std::vector<unsigned long, std::allocator<unsigned long> >*, std::allocator<std::vector<unsigned long, std::allocator<unsigned long> > >&)
 .text._ZNSt6vectorImSaImEE16_Temporary_value8_StorageC2Ev
                0x08005c82       0x18 CMakeFiles/1231312123.dir/Source/ws2812.cpp.obj
                0x08005c82                std::vector<unsigned long, std::allocator<unsigned long> >::_Temporary_value::_Storage::_Storage()
                0x08005c82                std::vector<unsigned long, std::allocator<unsigned long> >::_Temporary_value::_Storage::_Storage()
 .text._ZNSt6vectorImSaImEE16_Temporary_value8_StorageD2Ev
                0x08005c9a       0x12 CMakeFiles/1231312123.dir/Source/ws2812.cpp.obj
                0x08005c9a                std::vector<unsigned long, std::allocator<unsigned long> >::_Temporary_value::_Storage::~_Storage()
                0x08005c9a                std::vector<unsigned long, std::allocator<unsigned long> >::_Temporary_value::_Storage::~_Storage()
 .text._ZNSt6vectorImSaImEE16_Temporary_value6_M_ptrEv
                0x08005cac       0x1c CMakeFiles/1231312123.dir/Source/ws2812.cpp.obj
                0x08005cac                std::vector<unsigned long, std::allocator<unsigned long> >::_Temporary_value::_M_ptr()
 .text._ZSt7forwardIRKmEOT_RNSt16remove_referenceIS2_E4typeE
                0x08005cc8       0x12 CMakeFiles/1231312123.dir/Source/ws2812.cpp.obj
                0x08005cc8                unsigned long const& std::forward<unsigned long const&>(std::remove_reference<unsigned long const&>::type&)
 .text._ZSt18make_move_iteratorIPmESt13move_iteratorIT_ES2_
                0x08005cda       0x2a CMakeFiles/1231312123.dir/Source/ws2812.cpp.obj
                0x08005cda                std::move_iterator<unsigned long*> std::make_move_iterator<unsigned long*>(unsigned long*)
 .text._ZSt22__uninitialized_copy_aISt13move_iteratorIPmES1_mET0_T_S4_S3_RSaIT1_E
                0x08005d04       0x24 CMakeFiles/1231312123.dir/Source/ws2812.cpp.obj
                0x08005d04                unsigned long* std::__uninitialized_copy_a<std::move_iterator<unsigned long*>, unsigned long*, unsigned long>(std::move_iterator<unsigned long*>, std::move_iterator<unsigned long*>, unsigned long*, std::allocator<unsigned long>&)
 .text._ZSt12__miter_baseIPmET_S1_
                0x08005d28       0x12 CMakeFiles/1231312123.dir/Source/ws2812.cpp.obj
                0x08005d28                unsigned long* std::__miter_base<unsigned long*>(unsigned long*)
 .text._ZSt22__copy_move_backward_aILb1EPmS0_ET1_T0_S2_S1_
                0x08005d3a       0x4a CMakeFiles/1231312123.dir/Source/ws2812.cpp.obj
                0x08005d3a                unsigned long* std::__copy_move_backward_a<true, unsigned long*, unsigned long*>(unsigned long*, unsigned long*, unsigned long*)
 .text._ZSt8__fill_aIPmmEvT_S1_RKT0_
                0x08005d84       0x20 CMakeFiles/1231312123.dir/Source/ws2812.cpp.obj
                0x08005d84                void std::__fill_a<unsigned long*, unsigned long>(unsigned long*, unsigned long*, unsigned long const&)
 .text._ZSt20uninitialized_fill_nIPmjmET_S1_T0_RKT1_
                0x08005da4       0x2a CMakeFiles/1231312123.dir/Source/ws2812.cpp.obj
                0x08005da4                unsigned long* std::uninitialized_fill_n<unsigned long*, unsigned int, unsigned long>(unsigned long*, unsigned int, unsigned long const&)
 .text._ZNKSt6vectorImSaImEE8max_sizeEv
                0x08005dce       0x22 CMakeFiles/1231312123.dir/Source/ws2812.cpp.obj
                0x08005dce                std::vector<unsigned long, std::allocator<unsigned long> >::max_size() const
 .text._ZSt32__make_move_if_noexcept_iteratorImSt13move_iteratorIPmEET0_PT_
                0x08005df0       0x20 CMakeFiles/1231312123.dir/Source/ws2812.cpp.obj
                0x08005df0                std::move_iterator<unsigned long*> std::__make_move_if_noexcept_iterator<unsigned long, std::move_iterator<unsigned long*> >(unsigned long*)
 .text._ZNSt6vectorImSaImEE18_M_fill_initializeEjRKm
                0x08005e10       0x32 CMakeFiles/1231312123.dir/Source/ws2812.cpp.obj
                0x08005e10                std::vector<unsigned long, std::allocator<unsigned long> >::_M_fill_initialize(unsigned int, unsigned long const&)
 .text._ZNSt12_Vector_baseImSaImEE17_Vector_impl_dataC2Ev
                0x08005e42       0x24 CMakeFiles/1231312123.dir/Source/ws2812.cpp.obj
                0x08005e42                std::_Vector_base<unsigned long, std::allocator<unsigned long> >::_Vector_impl_data::_Vector_impl_data()
                0x08005e42                std::_Vector_base<unsigned long, std::allocator<unsigned long> >::_Vector_impl_data::_Vector_impl_data()
 .text._ZNSt12_Vector_baseImSaImEE17_Vector_impl_data12_M_copy_dataERKS2_
                0x08005e66       0x2a CMakeFiles/1231312123.dir/Source/ws2812.cpp.obj
                0x08005e66                std::_Vector_base<unsigned long, std::allocator<unsigned long> >::_Vector_impl_data::_M_copy_data(std::_Vector_base<unsigned long, std::allocator<unsigned long> >::_Vector_impl_data const&)
 .text._ZSt8__fill_aIN9__gnu_cxx17__normal_iteratorIPmSt6vectorImSaImEEEEmEvT_S7_RKT0_
                0x08005e90       0x20 CMakeFiles/1231312123.dir/Source/ws2812.cpp.obj
                0x08005e90                void std::__fill_a<__gnu_cxx::__normal_iterator<unsigned long*, std::vector<unsigned long, std::allocator<unsigned long> > >, unsigned long>(__gnu_cxx::__normal_iterator<unsigned long*, std::vector<unsigned long, std::allocator<unsigned long> > >, __gnu_cxx::__normal_iterator<unsigned long*, std::vector<unsigned long, std::allocator<unsigned long> > >, unsigned long const&)
 .text._ZSt10__fill_n_aIPmjmET_S1_T0_RKT1_St26random_access_iterator_tag
                0x08005eb0       0x3c CMakeFiles/1231312123.dir/Source/ws2812.cpp.obj
                0x08005eb0                unsigned long* std::__fill_n_a<unsigned long*, unsigned int, unsigned long>(unsigned long*, unsigned int, unsigned long const&, std::random_access_iterator_tag)
 .text._ZSt3minIjERKT_S2_S2_
                0x08005eec       0x24 CMakeFiles/1231312123.dir/Source/ws2812.cpp.obj
                0x08005eec                unsigned int const& std::min<unsigned int>(unsigned int const&, unsigned int const&)
 .text._ZSt25__uninitialized_default_nIPmjET_S1_T0_
                0x08005f10       0x28 CMakeFiles/1231312123.dir/Source/ws2812.cpp.obj
                0x08005f10                unsigned long* std::__uninitialized_default_n<unsigned long*, unsigned int>(unsigned long*, unsigned int)
 .text._ZNSt12_Destroy_auxILb1EE9__destroyIPmEEvT_S3_
                0x08005f38       0x12 CMakeFiles/1231312123.dir/Source/ws2812.cpp.obj
                0x08005f38                void std::_Destroy_aux<true>::__destroy<unsigned long*>(unsigned long*, unsigned long*)
 .text._ZSt11__addressofISt6vectorImSaImEEEPT_RS3_
                0x08005f4a       0x12 CMakeFiles/1231312123.dir/Source/ws2812.cpp.obj
                0x08005f4a                std::vector<unsigned long, std::allocator<unsigned long> >* std::__addressof<std::vector<unsigned long, std::allocator<unsigned long> > >(std::vector<unsigned long, std::allocator<unsigned long> >&)
 .text._ZSt8_DestroyISt6vectorImSaImEEEvPT_
                0x08005f5c       0x18 CMakeFiles/1231312123.dir/Source/ws2812.cpp.obj
                0x08005f5c                void std::_Destroy<std::vector<unsigned long, std::allocator<unsigned long> > >(std::vector<unsigned long, std::allocator<unsigned long> >*)
 .text._ZNSt27__uninitialized_default_n_1ILb0EE18__uninit_default_nIPSt6vectorImSaImEEjEET_S6_T0_
                0x08005f74       0x3c CMakeFiles/1231312123.dir/Source/ws2812.cpp.obj
                0x08005f74                std::vector<unsigned long, std::allocator<unsigned long> >* std::__uninitialized_default_n_1<false>::__uninit_default_n<std::vector<unsigned long, std::allocator<unsigned long> >*, unsigned int>(std::vector<unsigned long, std::allocator<unsigned long> >*, unsigned int)
 .text._ZNSt15__new_allocatorISt6vectorImSaImEEE8allocateEjPKv
                0x08005fb0       0x5c CMakeFiles/1231312123.dir/Source/ws2812.cpp.obj
                0x08005fb0                std::__new_allocator<std::vector<unsigned long, std::allocator<unsigned long> > >::allocate(unsigned int, void const*)
 .text._ZSt12__niter_baseIPSt6vectorImSaImEEET_S4_
                0x0800600c       0x12 CMakeFiles/1231312123.dir/Source/ws2812.cpp.obj
                0x0800600c                std::vector<unsigned long, std::allocator<unsigned long> >* std::__niter_base<std::vector<unsigned long, std::allocator<unsigned long> >*>(std::vector<unsigned long, std::allocator<unsigned long> >*)
 .text._ZSt14__relocate_a_1IPSt6vectorImSaImEES3_SaIS2_EET0_T_S6_S5_RT1_
                0x0800601e       0x50 CMakeFiles/1231312123.dir/Source/ws2812.cpp.obj
                0x0800601e                std::vector<unsigned long, std::allocator<unsigned long> >* std::__relocate_a_1<std::vector<unsigned long, std::allocator<unsigned long> >*, std::vector<unsigned long, std::allocator<unsigned long> >*, std::allocator<std::vector<unsigned long, std::allocator<unsigned long> > > >(std::vector<unsigned long, std::allocator<unsigned long> >*, std::vector<unsigned long, std::allocator<unsigned long> >*, std::vector<unsigned long, std::allocator<unsigned long> >*, std::allocator<std::vector<unsigned long, std::allocator<unsigned long> > >&)
 .text._ZSt11__addressofImEPT_RS0_
                0x0800606e       0x12 CMakeFiles/1231312123.dir/Source/ws2812.cpp.obj
                0x0800606e                unsigned long* std::__addressof<unsigned long>(unsigned long&)
 .text._ZSt4moveIRPmEONSt16remove_referenceIT_E4typeEOS3_
                0x08006080       0x12 CMakeFiles/1231312123.dir/Source/ws2812.cpp.obj
                0x08006080                std::remove_reference<unsigned long*&>::type&& std::move<unsigned long*&>(unsigned long*&)
 .text._ZNSt13move_iteratorIPmEC2ES0_
                0x08006092       0x24 CMakeFiles/1231312123.dir/Source/ws2812.cpp.obj
                0x08006092                std::move_iterator<unsigned long*>::move_iterator(unsigned long*)
                0x08006092                std::move_iterator<unsigned long*>::move_iterator(unsigned long*)
 .text._ZSt18uninitialized_copyISt13move_iteratorIPmES1_ET0_T_S4_S3_
                0x080060b6       0x32 CMakeFiles/1231312123.dir/Source/ws2812.cpp.obj
                0x080060b6                unsigned long* std::uninitialized_copy<std::move_iterator<unsigned long*>, unsigned long*>(std::move_iterator<unsigned long*>, std::move_iterator<unsigned long*>, unsigned long*)
 .text._ZSt12__niter_baseIPmET_S1_
                0x080060e8       0x12 CMakeFiles/1231312123.dir/Source/ws2812.cpp.obj
                0x080060e8                unsigned long* std::__niter_base<unsigned long*>(unsigned long*)
 .text._ZSt23__copy_move_backward_a1ILb1EPmS0_ET1_T0_S2_S1_
                0x080060fa       0x22 CMakeFiles/1231312123.dir/Source/ws2812.cpp.obj
                0x080060fa                unsigned long* std::__copy_move_backward_a1<true, unsigned long*, unsigned long*>(unsigned long*, unsigned long*, unsigned long*)
 .text._ZSt12__niter_wrapIPmET_RKS1_S1_
                0x0800611c       0x14 CMakeFiles/1231312123.dir/Source/ws2812.cpp.obj
                0x0800611c                unsigned long* std::__niter_wrap<unsigned long*>(unsigned long* const&, unsigned long*)
 .text._ZSt9__fill_a1IPmmEN9__gnu_cxx11__enable_ifIXsrSt11__is_scalarIT0_E7__valueEvE6__typeET_S8_RKS4_
                0x08006130       0x32 CMakeFiles/1231312123.dir/Source/ws2812.cpp.obj
                0x08006130                __gnu_cxx::__enable_if<std::__is_scalar<unsigned long>::__value, void>::__type std::__fill_a1<unsigned long*, unsigned long>(unsigned long*, unsigned long*, unsigned long const&)
 .text._ZNSt22__uninitialized_fill_nILb1EE15__uninit_fill_nIPmjmEET_S3_T0_RKT1_
                0x08006162       0x22 CMakeFiles/1231312123.dir/Source/ws2812.cpp.obj
                0x08006162                unsigned long* std::__uninitialized_fill_n<true>::__uninit_fill_n<unsigned long*, unsigned int, unsigned long>(unsigned long*, unsigned int, unsigned long const&)
 .text._ZNKSt12_Vector_baseImSaImEE19_M_get_Tp_allocatorEv
                0x08006184       0x12 CMakeFiles/1231312123.dir/Source/ws2812.cpp.obj
                0x08006184                std::_Vector_base<unsigned long, std::allocator<unsigned long> >::_M_get_Tp_allocator() const
 *fill*         0x08006196        0x2 
 .text._ZNSt15__new_allocatorImE8allocateEjPKv
                0x08006198       0x54 CMakeFiles/1231312123.dir/Source/ws2812.cpp.obj
                0x08006198                std::__new_allocator<unsigned long>::allocate(unsigned int, void const*)
 .text._ZNSt15__new_allocatorImE10deallocateEPmj
                0x080061ec       0x20 CMakeFiles/1231312123.dir/Source/ws2812.cpp.obj
                0x080061ec                std::__new_allocator<unsigned long>::deallocate(unsigned long*, unsigned int)
 .text._ZSt9__fill_a1IPmSt6vectorImSaImEEmEvN9__gnu_cxx17__normal_iteratorIT_T0_EES8_RKT1_
                0x0800620c       0x3a CMakeFiles/1231312123.dir/Source/ws2812.cpp.obj
                0x0800620c                void std::__fill_a1<unsigned long*, std::vector<unsigned long, std::allocator<unsigned long> >, unsigned long>(__gnu_cxx::__normal_iterator<unsigned long*, std::vector<unsigned long, std::allocator<unsigned long> > >, __gnu_cxx::__normal_iterator<unsigned long*, std::vector<unsigned long, std::allocator<unsigned long> > >, unsigned long const&)
 .text._ZNSt27__uninitialized_default_n_1ILb1EE18__uninit_default_nIPmjEET_S3_T0_
                0x08006246       0x46 CMakeFiles/1231312123.dir/Source/ws2812.cpp.obj
                0x08006246                unsigned long* std::__uninitialized_default_n_1<true>::__uninit_default_n<unsigned long*, unsigned int>(unsigned long*, unsigned int)
 .text._ZNSt12_Vector_baseImSaImEEC2Ev
                0x0800628c       0x1a CMakeFiles/1231312123.dir/Source/ws2812.cpp.obj
                0x0800628c                std::_Vector_base<unsigned long, std::allocator<unsigned long> >::_Vector_base()
                0x0800628c                std::_Vector_base<unsigned long, std::allocator<unsigned long> >::_Vector_base()
 .text._ZNSt6vectorImSaImEEC2Ev
                0x080062a6       0x1a CMakeFiles/1231312123.dir/Source/ws2812.cpp.obj
                0x080062a6                std::vector<unsigned long, std::allocator<unsigned long> >::vector()
                0x080062a6                std::vector<unsigned long, std::allocator<unsigned long> >::vector()
 .text._ZSt10_ConstructISt6vectorImSaImEEJEEvPT_DpOT0_
                0x080062c0       0x2e CMakeFiles/1231312123.dir/Source/ws2812.cpp.obj
                0x080062c0                void std::_Construct<std::vector<unsigned long, std::allocator<unsigned long> >>(std::vector<unsigned long, std::allocator<unsigned long> >*)
 .text._ZSt19__relocate_object_aISt6vectorImSaImEES2_SaIS2_EEvPT_PT0_RT1_
                0x080062ee       0x82 CMakeFiles/1231312123.dir/Source/ws2812.cpp.obj
                0x080062ee                void std::__relocate_object_a<std::vector<unsigned long, std::allocator<unsigned long> >, std::vector<unsigned long, std::allocator<unsigned long> >, std::allocator<std::vector<unsigned long, std::allocator<unsigned long> > > >(std::vector<unsigned long, std::allocator<unsigned long> >*, std::vector<unsigned long, std::allocator<unsigned long> >*, std::allocator<std::vector<unsigned long, std::allocator<unsigned long> > >&)
 .text._ZNSt20__uninitialized_copyILb1EE13__uninit_copyISt13move_iteratorIPmES3_EET0_T_S6_S5_
                0x08006370       0x22 CMakeFiles/1231312123.dir/Source/ws2812.cpp.obj
                0x08006370                unsigned long* std::__uninitialized_copy<true>::__uninit_copy<std::move_iterator<unsigned long*>, unsigned long*>(std::move_iterator<unsigned long*>, std::move_iterator<unsigned long*>, unsigned long*)
 .text._ZSt23__copy_move_backward_a2ILb1EPmS0_ET1_T0_S2_S1_
                0x08006392       0x22 CMakeFiles/1231312123.dir/Source/ws2812.cpp.obj
                0x08006392                unsigned long* std::__copy_move_backward_a2<true, unsigned long*, unsigned long*>(unsigned long*, unsigned long*, unsigned long*)
 .text._ZSt10_ConstructImJEEvPT_DpOT0_
                0x080063b4       0x20 CMakeFiles/1231312123.dir/Source/ws2812.cpp.obj
                0x080063b4                void std::_Construct<unsigned long>(unsigned long*)
 .text._ZNSt12_Vector_baseImSaImEE12_Vector_implC2Ev
                0x080063d4       0x22 CMakeFiles/1231312123.dir/Source/ws2812.cpp.obj
                0x080063d4                std::_Vector_base<unsigned long, std::allocator<unsigned long> >::_Vector_impl::_Vector_impl()
                0x080063d4                std::_Vector_base<unsigned long, std::allocator<unsigned long> >::_Vector_impl::_Vector_impl()
 .text._ZSt4moveIRSt6vectorImSaImEEEONSt16remove_referenceIT_E4typeEOS5_
                0x080063f6       0x12 CMakeFiles/1231312123.dir/Source/ws2812.cpp.obj
                0x080063f6                std::remove_reference<std::vector<unsigned long, std::allocator<unsigned long> >&>::type&& std::move<std::vector<unsigned long, std::allocator<unsigned long> >&>(std::vector<unsigned long, std::allocator<unsigned long> >&)
 .text._ZSt4copyISt13move_iteratorIPmES1_ET0_T_S4_S3_
                0x08006408       0x34 CMakeFiles/1231312123.dir/Source/ws2812.cpp.obj
                0x08006408                unsigned long* std::copy<std::move_iterator<unsigned long*>, unsigned long*>(std::move_iterator<unsigned long*>, std::move_iterator<unsigned long*>, unsigned long*)
 .text._ZNSt20__copy_move_backwardILb1ELb1ESt26random_access_iterator_tagE13__copy_move_bImmEEPT0_PT_S6_S4_
                0x0800643c       0x68 CMakeFiles/1231312123.dir/Source/ws2812.cpp.obj
                0x0800643c                unsigned long* std::__copy_move_backward<true, true, std::random_access_iterator_tag>::__copy_move_b<unsigned long, unsigned long>(unsigned long*, unsigned long*, unsigned long*)
 .text._ZSt7forwardISt6vectorImSaImEEEOT_RNSt16remove_referenceIS3_E4typeE
                0x080064a4       0x12 CMakeFiles/1231312123.dir/Source/ws2812.cpp.obj
                0x080064a4                std::vector<unsigned long, std::allocator<unsigned long> >&& std::forward<std::vector<unsigned long, std::allocator<unsigned long> > >(std::remove_reference<std::vector<unsigned long, std::allocator<unsigned long> > >::type&)
 .text._ZNSt12_Vector_baseImSaImEEC2EOS1_
                0x080064b6       0x20 CMakeFiles/1231312123.dir/Source/ws2812.cpp.obj
                0x080064b6                std::_Vector_base<unsigned long, std::allocator<unsigned long> >::_Vector_base(std::_Vector_base<unsigned long, std::allocator<unsigned long> >&&)
                0x080064b6                std::_Vector_base<unsigned long, std::allocator<unsigned long> >::_Vector_base(std::_Vector_base<unsigned long, std::allocator<unsigned long> >&&)
 .text._ZNSt6vectorImSaImEEC2EOS1_
                0x080064d6       0x20 CMakeFiles/1231312123.dir/Source/ws2812.cpp.obj
                0x080064d6                std::vector<unsigned long, std::allocator<unsigned long> >::vector(std::vector<unsigned long, std::allocator<unsigned long> >&&)
                0x080064d6                std::vector<unsigned long, std::allocator<unsigned long> >::vector(std::vector<unsigned long, std::allocator<unsigned long> >&&)
 .text._ZSt12__miter_baseIPmEDTcl12__miter_basecldtfp_4baseEEESt13move_iteratorIT_E
                0x080064f6       0x22 CMakeFiles/1231312123.dir/Source/ws2812.cpp.obj
                0x080064f6                decltype (__miter_base(({parm#1}.base)())) std::__miter_base<unsigned long*>(std::move_iterator<unsigned long*>)
 .text._ZSt13__copy_move_aILb1EPmS0_ET1_T0_S2_S1_
                0x08006518       0x4a CMakeFiles/1231312123.dir/Source/ws2812.cpp.obj
                0x08006518                unsigned long* std::__copy_move_a<true, unsigned long*, unsigned long*>(unsigned long*, unsigned long*, unsigned long*)
 .text._ZNSt11__copy_moveILb1ELb0ESt26random_access_iterator_tagE12__assign_oneImmEEvPT_PT0_
                0x08006562       0x22 CMakeFiles/1231312123.dir/Source/ws2812.cpp.obj
                0x08006562                void std::__copy_move<true, false, std::random_access_iterator_tag>::__assign_one<unsigned long, unsigned long>(unsigned long*, unsigned long*)
 .text._ZNSt12_Vector_baseImSaImEE12_Vector_implC2EOS2_
                0x08006584       0x40 CMakeFiles/1231312123.dir/Source/ws2812.cpp.obj
                0x08006584                std::_Vector_base<unsigned long, std::allocator<unsigned long> >::_Vector_impl::_Vector_impl(std::_Vector_base<unsigned long, std::allocator<unsigned long> >::_Vector_impl&&)
                0x08006584                std::_Vector_base<unsigned long, std::allocator<unsigned long> >::_Vector_impl::_Vector_impl(std::_Vector_base<unsigned long, std::allocator<unsigned long> >::_Vector_impl&&)
 .text._ZNKSt13move_iteratorIPmE4baseEv
                0x080065c4       0x14 CMakeFiles/1231312123.dir/Source/ws2812.cpp.obj
                0x080065c4                std::move_iterator<unsigned long*>::base() const
 .text._ZSt14__copy_move_a1ILb1EPmS0_ET1_T0_S2_S1_
                0x080065d8       0x22 CMakeFiles/1231312123.dir/Source/ws2812.cpp.obj
                0x080065d8                unsigned long* std::__copy_move_a1<true, unsigned long*, unsigned long*>(unsigned long*, unsigned long*, unsigned long*)
 .text._ZSt4moveIRmEONSt16remove_referenceIT_E4typeEOS2_
                0x080065fa       0x12 CMakeFiles/1231312123.dir/Source/ws2812.cpp.obj
                0x080065fa                std::remove_reference<unsigned long&>::type&& std::move<unsigned long&>(unsigned long&)
 .text._ZSt4moveIRNSt12_Vector_baseImSaImEE12_Vector_implEEONSt16remove_referenceIT_E4typeEOS6_
                0x0800660c       0x12 CMakeFiles/1231312123.dir/Source/ws2812.cpp.obj
                0x0800660c                std::remove_reference<std::_Vector_base<unsigned long, std::allocator<unsigned long> >::_Vector_impl&>::type&& std::move<std::_Vector_base<unsigned long, std::allocator<unsigned long> >::_Vector_impl&>(std::_Vector_base<unsigned long, std::allocator<unsigned long> >::_Vector_impl&)
 .text._ZNSt12_Vector_baseImSaImEE17_Vector_impl_dataC2EOS2_
                0x0800661e       0x42 CMakeFiles/1231312123.dir/Source/ws2812.cpp.obj
                0x0800661e                std::_Vector_base<unsigned long, std::allocator<unsigned long> >::_Vector_impl_data::_Vector_impl_data(std::_Vector_base<unsigned long, std::allocator<unsigned long> >::_Vector_impl_data&&)
                0x0800661e                std::_Vector_base<unsigned long, std::allocator<unsigned long> >::_Vector_impl_data::_Vector_impl_data(std::_Vector_base<unsigned long, std::allocator<unsigned long> >::_Vector_impl_data&&)
 .text._ZSt14__copy_move_a2ILb1EPmS0_ET1_T0_S2_S1_
                0x08006660       0x22 CMakeFiles/1231312123.dir/Source/ws2812.cpp.obj
                0x08006660                unsigned long* std::__copy_move_a2<true, unsigned long*, unsigned long*>(unsigned long*, unsigned long*, unsigned long*)
 .text._ZNSt11__copy_moveILb1ELb1ESt26random_access_iterator_tagE8__copy_mImmEEPT0_PT_S6_S4_
                0x08006682       0x5c CMakeFiles/1231312123.dir/Source/ws2812.cpp.obj
                0x08006682                unsigned long* std::__copy_move<true, true, std::random_access_iterator_tag>::__copy_m<unsigned long, unsigned long>(unsigned long*, unsigned long*, unsigned long*)
 .text._ZN6WS2812D2Ev
                0x080066de       0x1a CMakeFiles/1231312123.dir/Source/ws2812.cpp.obj
                0x080066de                WS2812::~WS2812()
                0x080066de                WS2812::~WS2812()
 .text._Z41__static_initialization_and_destruction_0v
                0x080066f8       0x88 CMakeFiles/1231312123.dir/Source/ws2812.cpp.obj
 .text._GLOBAL__sub_I_red
                0x08006780        0xc CMakeFiles/1231312123.dir/Source/ws2812.cpp.obj
 .text.Reset_Handler
                0x0800678c       0x50 CMakeFiles/1231312123.dir/startup_stm32g030xx.s.obj
                0x0800678c                Reset_Handler
 .text.Default_Handler
                0x080067dc        0x2 CMakeFiles/1231312123.dir/startup_stm32g030xx.s.obj
                0x080067dc                TIM1_CC_IRQHandler
                0x080067dc                I2C1_IRQHandler
                0x080067dc                RTC_TAMP_IRQHandler
                0x080067dc                SPI1_IRQHandler
                0x080067dc                DMA1_Ch4_5_DMAMUX1_OVR_IRQHandler
                0x080067dc                EXTI2_3_IRQHandler
                0x080067dc                ADC1_IRQHandler
                0x080067dc                I2C2_IRQHandler
                0x080067dc                TIM17_IRQHandler
                0x080067dc                TIM16_IRQHandler
                0x080067dc                TIM3_IRQHandler
                0x080067dc                EXTI4_15_IRQHandler
                0x080067dc                RCC_IRQHandler
                0x080067dc                Default_Handler
                0x080067dc                EXTI0_1_IRQHandler
                0x080067dc                SPI2_IRQHandler
                0x080067dc                WWDG_IRQHandler
                0x080067dc                USART2_IRQHandler
                0x080067dc                FLASH_IRQHandler
                0x080067dc                USART1_IRQHandler
                0x080067dc                TIM1_BRK_UP_TRG_COM_IRQHandler
 .text.__aeabi_atexit
                0x080067de        0xe E:/ToolChain/arm-gnu-toolchain/bin/../lib/gcc/arm-none-eabi/14.2.1/thumb/v6-m/nofp\libstdc++_nano.a(atexit_arm.o)
                0x080067de                __aeabi_atexit
 .text._ZdlPvj  0x080067ec        0x8 E:/ToolChain/arm-gnu-toolchain/bin/../lib/gcc/arm-none-eabi/14.2.1/thumb/v6-m/nofp\libstdc++_nano.a(del_ops.o)
                0x080067ec                operator delete(void*, unsigned int)
 .text._Znwj    0x080067f4       0x24 E:/ToolChain/arm-gnu-toolchain/bin/../lib/gcc/arm-none-eabi/14.2.1/thumb/v6-m/nofp\libstdc++_nano.a(new_op.o)
                0x080067f4                operator new(unsigned int)
 .text.unlikely._ZSt17__throw_bad_allocv
                0x08006818        0x6 E:/ToolChain/arm-gnu-toolchain/bin/../lib/gcc/arm-none-eabi/14.2.1/thumb/v6-m/nofp\libstdc++_nano.a(functexcept.o)
                0x08006818                std::__throw_bad_alloc()
 .text.unlikely._ZSt28__throw_bad_array_new_lengthv
                0x0800681e        0x6 E:/ToolChain/arm-gnu-toolchain/bin/../lib/gcc/arm-none-eabi/14.2.1/thumb/v6-m/nofp\libstdc++_nano.a(functexcept.o)
                0x0800681e                std::__throw_bad_array_new_length()
 .text.unlikely._ZSt20__throw_length_errorPKc
                0x08006824        0x6 E:/ToolChain/arm-gnu-toolchain/bin/../lib/gcc/arm-none-eabi/14.2.1/thumb/v6-m/nofp\libstdc++_nano.a(functexcept.o)
                0x08006824                std::__throw_length_error(char const*)
 .text._ZdlPv   0x0800682a        0x8 E:/ToolChain/arm-gnu-toolchain/bin/../lib/gcc/arm-none-eabi/14.2.1/thumb/v6-m/nofp\libstdc++_nano.a(del_op.o)
                0x0800682a                operator delete(void*)
 *fill*         0x08006832        0x2 
 .text._ZSt15get_new_handlerv
                0x08006834        0xc E:/ToolChain/arm-gnu-toolchain/bin/../lib/gcc/arm-none-eabi/14.2.1/thumb/v6-m/nofp\libstdc++_nano.a(new_handler.o)
                0x08006834                std::get_new_handler()
 .text.abort    0x08006840        0xe E:/ToolChain/arm-gnu-toolchain/bin/../lib/gcc/arm-none-eabi/14.2.1/thumb/v6-m/nofp\libc_nano.a(libc_a-abort.o)
                0x08006840                abort
 *fill*         0x0800684e        0x2 
 .text.malloc   0x08006850       0x14 E:/ToolChain/arm-gnu-toolchain/bin/../lib/gcc/arm-none-eabi/14.2.1/thumb/v6-m/nofp\libc_nano.a(libc_a-malloc.o)
                0x08006850                malloc
 .text.free     0x08006864       0x14 E:/ToolChain/arm-gnu-toolchain/bin/../lib/gcc/arm-none-eabi/14.2.1/thumb/v6-m/nofp\libc_nano.a(libc_a-malloc.o)
                0x08006864                free
 .text.sbrk_aligned
                0x08006878       0x44 E:/ToolChain/arm-gnu-toolchain/bin/../lib/gcc/arm-none-eabi/14.2.1/thumb/v6-m/nofp\libc_nano.a(libc_a-mallocr.o)
 .text._malloc_r
                0x080068bc      0x100 E:/ToolChain/arm-gnu-toolchain/bin/../lib/gcc/arm-none-eabi/14.2.1/thumb/v6-m/nofp\libc_nano.a(libc_a-mallocr.o)
                0x080068bc                _malloc_r
 .text.__malloc_lock
                0x080069bc       0x10 E:/ToolChain/arm-gnu-toolchain/bin/../lib/gcc/arm-none-eabi/14.2.1/thumb/v6-m/nofp\libc_nano.a(libc_a-mlock.o)
                0x080069bc                __malloc_lock
 .text.__malloc_unlock
                0x080069cc       0x10 E:/ToolChain/arm-gnu-toolchain/bin/../lib/gcc/arm-none-eabi/14.2.1/thumb/v6-m/nofp\libc_nano.a(libc_a-mlock.o)
                0x080069cc                __malloc_unlock
 .text.__cxa_atexit
                0x080069dc       0x1c E:/ToolChain/arm-gnu-toolchain/bin/../lib/gcc/arm-none-eabi/14.2.1/thumb/v6-m/nofp\libc_nano.a(libc_a-cxa_atexit.o)
                0x080069dc                __cxa_atexit
 .text.memmove  0x080069f8       0x24 E:/ToolChain/arm-gnu-toolchain/bin/../lib/gcc/arm-none-eabi/14.2.1/thumb/v6-m/nofp\libc_nano.a(libc_a-memmove.o)
                0x080069f8                memmove
 .text.memset   0x08006a1c       0x10 E:/ToolChain/arm-gnu-toolchain/bin/../lib/gcc/arm-none-eabi/14.2.1/thumb/v6-m/nofp\libc_nano.a(libc_a-memset.o)
                0x08006a1c                memset
 .text._raise_r
                0x08006a2c       0x52 E:/ToolChain/arm-gnu-toolchain/bin/../lib/gcc/arm-none-eabi/14.2.1/thumb/v6-m/nofp\libc_nano.a(libc_a-signal.o)
                0x08006a2c                _raise_r
 *fill*         0x08006a7e        0x2 
 .text.raise    0x08006a80       0x14 E:/ToolChain/arm-gnu-toolchain/bin/../lib/gcc/arm-none-eabi/14.2.1/thumb/v6-m/nofp\libc_nano.a(libc_a-signal.o)
                0x08006a80                raise
 .text._kill_r  0x08006a94       0x24 E:/ToolChain/arm-gnu-toolchain/bin/../lib/gcc/arm-none-eabi/14.2.1/thumb/v6-m/nofp\libc_nano.a(libc_a-signalr.o)
                0x08006a94                _kill_r
 .text._getpid_r
                0x08006ab8        0x8 E:/ToolChain/arm-gnu-toolchain/bin/../lib/gcc/arm-none-eabi/14.2.1/thumb/v6-m/nofp\libc_nano.a(libc_a-signalr.o)
                0x08006ab8                _getpid_r
 .text._sbrk_r  0x08006ac0       0x24 E:/ToolChain/arm-gnu-toolchain/bin/../lib/gcc/arm-none-eabi/14.2.1/thumb/v6-m/nofp\libc_nano.a(libc_a-sbrkr.o)
                0x08006ac0                _sbrk_r
 .text.__errno  0x08006ae4        0xc E:/ToolChain/arm-gnu-toolchain/bin/../lib/gcc/arm-none-eabi/14.2.1/thumb/v6-m/nofp\libc_nano.a(libc_a-errno.o)
                0x08006ae4                __errno
 .text.__libc_init_array
                0x08006af0       0x48 E:/ToolChain/arm-gnu-toolchain/bin/../lib/gcc/arm-none-eabi/14.2.1/thumb/v6-m/nofp\libc_nano.a(libc_a-init.o)
                0x08006af0                __libc_init_array
 .text.__retarget_lock_acquire_recursive
                0x08006b38        0x2 E:/ToolChain/arm-gnu-toolchain/bin/../lib/gcc/arm-none-eabi/14.2.1/thumb/v6-m/nofp\libc_nano.a(libc_a-lock.o)
                0x08006b38                __retarget_lock_acquire_recursive
 .text.__retarget_lock_release_recursive
                0x08006b3a        0x2 E:/ToolChain/arm-gnu-toolchain/bin/../lib/gcc/arm-none-eabi/14.2.1/thumb/v6-m/nofp\libc_nano.a(libc_a-lock.o)
                0x08006b3a                __retarget_lock_release_recursive
 .text._free_r  0x08006b3c       0x94 E:/ToolChain/arm-gnu-toolchain/bin/../lib/gcc/arm-none-eabi/14.2.1/thumb/v6-m/nofp\libc_nano.a(libc_a-freer.o)
                0x08006b3c                _free_r
 *(.glue_7)
 .glue_7        0x08006bd0        0x0 linker stubs
 *(.glue_7t)
 .glue_7t       0x08006bd0        0x0 linker stubs
 *(.eh_frame)
 .eh_frame      0x08006bd0        0x0 E:/ToolChain/arm-gnu-toolchain/bin/../lib/gcc/arm-none-eabi/14.2.1/thumb/v6-m/nofp/crtbegin.o
 *(.init)
 .init          0x08006bd0        0x4 E:/ToolChain/arm-gnu-toolchain/bin/../lib/gcc/arm-none-eabi/14.2.1/thumb/v6-m/nofp/crti.o
                0x08006bd0                _init
 .init          0x08006bd4        0x8 E:/ToolChain/arm-gnu-toolchain/bin/../lib/gcc/arm-none-eabi/14.2.1/thumb/v6-m/nofp/crtn.o
 *(.fini)
 .fini          0x08006bdc        0x4 E:/ToolChain/arm-gnu-toolchain/bin/../lib/gcc/arm-none-eabi/14.2.1/thumb/v6-m/nofp/crti.o
                0x08006bdc                _fini
 .fini          0x08006be0        0x8 E:/ToolChain/arm-gnu-toolchain/bin/../lib/gcc/arm-none-eabi/14.2.1/thumb/v6-m/nofp/crtn.o
                0x08006be8                        . = ALIGN (0x4)
                0x08006be8                        _etext = .

.vfp11_veneer   0x08006be8        0x0
 .vfp11_veneer  0x08006be8        0x0 linker stubs

.v4_bx          0x08006be8        0x0
 .v4_bx         0x08006be8        0x0 linker stubs

.iplt           0x08006be8        0x0
 .iplt          0x08006be8        0x0 E:/ToolChain/arm-gnu-toolchain/bin/../lib/gcc/arm-none-eabi/14.2.1/thumb/v6-m/nofp/crtbegin.o

.rodata         0x08006be8      0x144
                0x08006be8                        . = ALIGN (0x4)
 *(.rodata)
 .rodata        0x08006be8       0x65 CMakeFiles/1231312123.dir/Source/ws2812.cpp.obj
 *(.rodata*)
 *fill*         0x08006c4d        0x3 
 .rodata.AHBPrescTable
                0x08006c50       0x40 CMakeFiles/1231312123.dir/Core/Src/system_stm32g0xx.c.obj
                0x08006c50                AHBPrescTable
 .rodata.APBPrescTable
                0x08006c90       0x20 CMakeFiles/1231312123.dir/Core/Src/system_stm32g0xx.c.obj
                0x08006c90                APBPrescTable
 .rodata.HAL_TIM_PWM_ConfigChannel
                0x08006cb0       0x54 CMakeFiles/1231312123.dir/Drivers/STM32G0xx_HAL_Driver/Src/stm32g0xx_hal_tim.c.obj
 .rodata.UARTPrescTable
                0x08006d04       0x18 CMakeFiles/1231312123.dir/Drivers/STM32G0xx_HAL_Driver/Src/stm32g0xx_hal_uart.c.obj
                0x08006d04                UARTPrescTable
 .rodata.numerator.1
                0x08006d1c        0x8 CMakeFiles/1231312123.dir/Drivers/STM32G0xx_HAL_Driver/Src/stm32g0xx_hal_uart_ex.c.obj
 .rodata.denominator.0
                0x08006d24        0x8 CMakeFiles/1231312123.dir/Drivers/STM32G0xx_HAL_Driver/Src/stm32g0xx_hal_uart_ex.c.obj
                0x08006d2c                        . = ALIGN (0x4)

.rel.dyn        0x08006d2c        0x0
 .rel.iplt      0x08006d2c        0x0 E:/ToolChain/arm-gnu-toolchain/bin/../lib/gcc/arm-none-eabi/14.2.1/thumb/v6-m/nofp/crtbegin.o

.ARM.extab