Component: Arm Compiler for Embedded 6.22 Tool: armlink [5ee90200]

==============================================================================

Section Cross References

    startup_stm32g030xx.o(STACK) refers (Special) to heapauxi.o(.text) for __use_two_region_memory
    startup_stm32g030xx.o(HEAP) refers (Special) to heapauxi.o(.text) for __use_two_region_memory
    startup_stm32g030xx.o(RESET) refers (Special) to heapauxi.o(.text) for __use_two_region_memory
    startup_stm32g030xx.o(RESET) refers to startup_stm32g030xx.o(STACK) for __initial_sp
    startup_stm32g030xx.o(RESET) refers to startup_stm32g030xx.o(.text) for Reset_Handler
    startup_stm32g030xx.o(RESET) refers to stm32g0xx_it.o(.text.NMI_Handler) for NMI_Handler
    startup_stm32g030xx.o(RESET) refers to stm32g0xx_it.o(.text.HardFault_Handler) for HardFault_Handler
    startup_stm32g030xx.o(RESET) refers to stm32g0xx_it.o(.text.SVC_Handler) for SVC_Handler
    startup_stm32g030xx.o(RESET) refers to stm32g0xx_it.o(.text.PendSV_Handler) for PendSV_Handler
    startup_stm32g030xx.o(RESET) refers to stm32g0xx_it.o(.text.SysTick_Handler) for SysTick_Handler
    startup_stm32g030xx.o(.text) refers (Special) to heapauxi.o(.text) for __use_two_region_memory
    startup_stm32g030xx.o(.text) refers to system_stm32g0xx.o(.text.SystemInit) for SystemInit
    startup_stm32g030xx.o(.text) refers to __main.o(!!!main) for __main
    startup_stm32g030xx.o(.text) refers to startup_stm32g030xx.o(HEAP) for Heap_Mem
    startup_stm32g030xx.o(.text) refers to startup_stm32g030xx.o(STACK) for Stack_Mem
    gpio.o(.text.MX_GPIO_Init) refers to stm32g0xx_hal_gpio.o(.text.HAL_GPIO_Init) for HAL_GPIO_Init
    gpio.o(.ARM.exidx.text.MX_GPIO_Init) refers to gpio.o(.text.MX_GPIO_Init) for [Anonymous Symbol]
    tim.o(.text.MX_TIM1_Init) refers to rt_memclr.o(.text) for __aeabi_memclr4
    tim.o(.text.MX_TIM1_Init) refers to stm32g0xx_hal_tim.o(.text.HAL_TIM_PWM_Init) for HAL_TIM_PWM_Init
    tim.o(.text.MX_TIM1_Init) refers to main.o(.text.Error_Handler) for Error_Handler
    tim.o(.text.MX_TIM1_Init) refers to stm32g0xx_hal_tim_ex.o(.text.HAL_TIMEx_MasterConfigSynchronization) for HAL_TIMEx_MasterConfigSynchronization
    tim.o(.text.MX_TIM1_Init) refers to stm32g0xx_hal_tim.o(.text.HAL_TIM_PWM_ConfigChannel) for HAL_TIM_PWM_ConfigChannel
    tim.o(.text.MX_TIM1_Init) refers to stm32g0xx_hal_tim_ex.o(.text.HAL_TIMEx_ConfigBreakDeadTime) for HAL_TIMEx_ConfigBreakDeadTime
    tim.o(.text.MX_TIM1_Init) refers to tim.o(.text.HAL_TIM_MspPostInit) for HAL_TIM_MspPostInit
    tim.o(.text.MX_TIM1_Init) refers to tim.o(.bss.htim1) for htim1
    tim.o(.ARM.exidx.text.MX_TIM1_Init) refers to tim.o(.text.MX_TIM1_Init) for [Anonymous Symbol]
    tim.o(.text.HAL_TIM_MspPostInit) refers to stm32g0xx_hal_gpio.o(.text.HAL_GPIO_Init) for HAL_GPIO_Init
    tim.o(.ARM.exidx.text.HAL_TIM_MspPostInit) refers to tim.o(.text.HAL_TIM_MspPostInit) for [Anonymous Symbol]
    tim.o(.text.MX_TIM3_Init) refers to stm32g0xx_hal_tim.o(.text.HAL_TIM_PWM_Init) for HAL_TIM_PWM_Init
    tim.o(.text.MX_TIM3_Init) refers to main.o(.text.Error_Handler) for Error_Handler
    tim.o(.text.MX_TIM3_Init) refers to stm32g0xx_hal_tim_ex.o(.text.HAL_TIMEx_MasterConfigSynchronization) for HAL_TIMEx_MasterConfigSynchronization
    tim.o(.text.MX_TIM3_Init) refers to stm32g0xx_hal_tim.o(.text.HAL_TIM_PWM_ConfigChannel) for HAL_TIM_PWM_ConfigChannel
    tim.o(.text.MX_TIM3_Init) refers to tim.o(.text.HAL_TIM_MspPostInit) for HAL_TIM_MspPostInit
    tim.o(.text.MX_TIM3_Init) refers to tim.o(.bss.htim3) for htim3
    tim.o(.ARM.exidx.text.MX_TIM3_Init) refers to tim.o(.text.MX_TIM3_Init) for [Anonymous Symbol]
    tim.o(.text.MX_TIM14_Init) refers to stm32g0xx_hal_tim.o(.text.HAL_TIM_Base_Init) for HAL_TIM_Base_Init
    tim.o(.text.MX_TIM14_Init) refers to main.o(.text.Error_Handler) for Error_Handler
    tim.o(.text.MX_TIM14_Init) refers to tim.o(.bss.htim14) for htim14
    tim.o(.ARM.exidx.text.MX_TIM14_Init) refers to tim.o(.text.MX_TIM14_Init) for [Anonymous Symbol]
    tim.o(.text.MX_TIM16_Init) refers to rt_memclr.o(.text) for __aeabi_memclr4
    tim.o(.text.MX_TIM16_Init) refers to stm32g0xx_hal_tim.o(.text.HAL_TIM_Base_Init) for HAL_TIM_Base_Init
    tim.o(.text.MX_TIM16_Init) refers to main.o(.text.Error_Handler) for Error_Handler
    tim.o(.text.MX_TIM16_Init) refers to stm32g0xx_hal_tim.o(.text.HAL_TIM_PWM_Init) for HAL_TIM_PWM_Init
    tim.o(.text.MX_TIM16_Init) refers to stm32g0xx_hal_tim.o(.text.HAL_TIM_PWM_ConfigChannel) for HAL_TIM_PWM_ConfigChannel
    tim.o(.text.MX_TIM16_Init) refers to stm32g0xx_hal_tim_ex.o(.text.HAL_TIMEx_ConfigBreakDeadTime) for HAL_TIMEx_ConfigBreakDeadTime
    tim.o(.text.MX_TIM16_Init) refers to tim.o(.text.HAL_TIM_MspPostInit) for HAL_TIM_MspPostInit
    tim.o(.text.MX_TIM16_Init) refers to tim.o(.bss.htim16) for htim16
    tim.o(.ARM.exidx.text.MX_TIM16_Init) refers to tim.o(.text.MX_TIM16_Init) for [Anonymous Symbol]
[...]
    [Anonymous Symbol]                       0x080048c0   Section        0  cxa_handlers.cpp.o(.text._ZSt15get_new_handlerv)
    __arm_cp.6_0                             0x080048c8   Number         4  cxa_handlers.cpp.o(.text._ZSt15get_new_handlerv)
    [Anonymous Symbol]                       0x080048cc   Section        0  new_helpers.cpp.o(.text._ZSt17__throw_bad_allocv)
    [Anonymous Symbol]                       0x08004904   Section        0  ws2812.o(.text._ZSt28__throw_bad_array_new_lengthB8nn190000v)
    [Anonymous Symbol]                       0x08004944   Section        0  new.cpp.o(.text._ZdlPv)
    [Anonymous Symbol]                       0x0800494c   Section        0  main.o(.text.main)
    .text_divfast                            0x080049d8   Section      502  aeabi_sdivfast.o(.text_divfast)
    [Anonymous Symbol]                       0x08004bce   Section        0  new.cpp.o(__lcxx_override)
    i.__ARM_common_ll_muluu                  0x08004bfe   Section        0  btod.o(i.__ARM_common_ll_muluu)
    i.__ARM_fpclassify                       0x08004c30   Section        0  fpclassify.o(i.__ARM_fpclassify)
    i._is_digit                              0x08004c5c   Section        0  __printf_wp.o(i._is_digit)
    i.fputc                                  0x08004c6a   Section        0  fputc.o(i.fputc)
    locale$$code                             0x08004c8c   Section       44  lc_numeric_c.o(locale$$code)
    locale$$code                             0x08004cb8   Section       44  lc_ctype_c.o(locale$$code)
    x$fpl$printf1                            0x08004ce4   Section       16  printf1.o(x$fpl$printf1)
    x$fpl$printf2                            0x08004cf4   Section       16  printf2.o(x$fpl$printf2)
    initial_mbstate                          0x08004d04   Data           8  _printf_wctomb.o(.constdata)
    .constdata                               0x08004d04   Section        8  _printf_wctomb.o(.constdata)
    x$fpl$usenofp                            0x08004d04   Section        0  usenofp.o(x$fpl$usenofp)
    uc_hextab                                0x08004d0c   Data          20  _printf_hex_int_ll_ptr.o(.constdata)
    .constdata                               0x08004d0c   Section       40  _printf_hex_int_ll_ptr.o(.constdata)
    lc_hextab                                0x08004d20   Data          20  _printf_hex_int_ll_ptr.o(.constdata)
    maptable                                 0x08004d34   Data          17  __printf_flags_ss_wp.o(.constdata)
    .constdata                               0x08004d34   Section       17  __printf_flags_ss_wp.o(.constdata)
    .constdata                               0x08004d45   Section        4  sys_io_names.o(.constdata)
    .constdata                               0x08004d49   Section        4  sys_io_names.o(.constdata)
    .constdata                               0x08004d4d   Section        4  sys_io_names.o(.constdata)
    lc_hextab                                0x08004d51   Data          19  _printf_fp_hex.o(.constdata)
    .constdata                               0x08004d51   Section       38  _printf_fp_hex.o(.constdata)
    uc_hextab                                0x08004d64   Data          19  _printf_fp_hex.o(.constdata)
    tenpwrs_x                                0x08004d78   Data          60  bigflt0.o(.constdata)
    .constdata                               0x08004d78   Section      148  bigflt0.o(.constdata)
    tenpwrs_i                                0x08004db4   Data          64  bigflt0.o(.constdata)
    UARTEx_SetNbDataToProcess.numerator      0x08004e84   Data           8  stm32g0xx_hal_uart_ex.o(.rodata.cst8)
    [Anonymous Symbol]                       0x08004e84   Section        0  stm32g0xx_hal_uart_ex.o(.rodata.cst8)
    UARTEx_SetNbDataToProcess.denominator    0x08004e8c   Data           8  stm32g0xx_hal_uart_ex.o(.rodata.cst8)
    [Anonymous Symbol]                       0x08004e94   Section        0  ws2812.o(.rodata.str1.1)
    locale$$data                             0x08004f00   Section       28  lc_numeric_c.o(locale$$data)
    __lcnum_c_name                           0x08004f04   Data           2  lc_numeric_c.o(locale$$data)
    __lcnum_c_start                          0x08004f0c   Data           0  lc_numeric_c.o(locale$$data)
    __lcnum_c_point                          0x08004f18   Data           0  lc_numeric_c.o(locale$$data)
    __lcnum_c_thousands                      0x08004f1a   Data           0  lc_numeric_c.o(locale$$data)
    __lcnum_c_grouping                       0x08004f1b   Data           0  lc_numeric_c.o(locale$$data)
    __lcnum_c_end                            0x08004f1c   Data           0  lc_numeric_c.o(locale$$data)
    locale$$data                             0x08004f1c   Section      272  lc_ctype_c.o(locale$$data)
    __lcctype_c_name                         0x08004f20   Data           2  lc_ctype_c.o(locale$$data)
    __lcctype_c_start                        0x08004f28   Data           0  lc_ctype_c.o(locale$$data)
    __lcctype_c_end                          0x0800502c   Data           0  lc_ctype_c.o(locale$$data)
    .init_array                              0x08005030   Section        0  init_aeabi.o(.init_array)
    .data                                    0x20000000   Section        4  stdio_streams.o(.data)
    .data                                    0x20000004   Section        4  stdio_streams.o(.data)
    .data                                    0x20000008   Section        4  stdio_streams.o(.data)
    .bss                                     0x20000018   Section       84  stdio_streams.o(.bss)
    .bss                                     0x2000006c   Section       84  stdio_streams.o(.bss)
    .bss                                     0x200000c0   Section       84  stdio_streams.o(.bss)
    .bss                                     0x20000114   Section       96  libspace.o(.bss)
    Heap_Mem                                 0x20000378   Data         512  startup_stm32g030xx.o(HEAP)
    HEAP                                     0x20000378   Section      512  startup_stm32g030xx.o(HEAP)
    Stack_Mem                                0x20000578   Data        1024  startup_stm32g030xx.o(STACK)
    STACK                                    0x20000578   Section     1024  startup_stm32g030xx.o(STACK)
    __initial_sp                             0x20000978   Data           0  startup_stm32g030xx.o(STACK)

    Global Symbols

    Symbol Name                              Value     Ov Type        Size  Object(Section)

    BuildAttributes$$THM_ISAv3M$S$PE$A:L22$X:L11$S22$IEEE1$IW$~IW$USESV6$~STKCKD$USESV7$~SHL$OTIME$ROPI$IEEEJ$EBA8$UX$STANDARDLIB$REQ8$PRES8$EABIv2 0x00000000   Number         0  anon$$obj.o ABSOLUTE
    _printf_flags                            0x00000000   Number         0  printf_stubs.o ABSOLUTE
    _printf_return_value                     0x00000000   Number         0  printf_stubs.o ABSOLUTE
    _printf_sizespec                         0x00000000   Number         0  printf_stubs.o ABSOLUTE
    _printf_widthprec                        0x00000000   Number         0  printf_stubs.o ABSOLUTE
    __ARM_exceptions_init                     - Undefined Weak Reference
    __alloca_initialize                       - Undefined Weak Reference
    __arm_preinit_                            - Undefined Weak Reference
    __arm_relocate_pie_                       - Undefined Weak Reference
    __sigvec_lookup                           - Undefined Weak Reference
    __user_heap_extent                        - Undefined Weak Reference
    _atexit_init                              - Undefined Weak Reference
    _call_atexit_fns                          - Undefined Weak Reference
    _clock_init                               - Undefined Weak Reference
    _fp_trap_init                             - Undefined Weak Reference
    _fp_trap_shutdown                         - Undefined Weak Reference
    _get_lc_collate                           - Undefined Weak Reference
    _get_lc_monetary                          - Undefined Weak Reference
    _get_lc_time                              - Undefined Weak Reference
    _getenv_init                              - Undefined Weak Reference
    _handle_redirection                       - Undefined Weak Reference
    _mutex_acquire                            - Undefined Weak Reference
    _mutex_free                               - Undefined Weak Reference
    _mutex_release                            - Undefined Weak Reference
    _printf_mbtowc                            - Undefined Weak Reference
    _printf_wc                                - Undefined Weak Reference
    _rand_init                                - Undefined Weak Reference
    _signal_finish                            - Undefined Weak Reference
    _signal_init                              - Undefined Weak Reference
    __Vectors_Size                           0x000000c0   Number         0  startup_stm32g030xx.o ABSOLUTE
    __Vectors                                0x08000000   Data           4  startup_stm32g030xx.o(RESET)
    __dso_handle                             0x08000000   Number         0  startup_stm32g030xx.o(RESET)
    __Vectors_End                            0x080000c0   Data           0  startup_stm32g030xx.o(RESET)
    __main                                   0x080000c1   Thumb Code     8  __main.o(!!!main)
    __scatterload                            0x080000c9   Thumb Code     0  __scatter.o(!!!scatter)
    __scatterload_rt2                        0x080000c9   Thumb Code    74  __scatter.o(!!!scatter)
    __scatterload_rt2_thumb_only             0x080000c9   Thumb Code     0  __scatter.o(!!!scatter)
    __scatterload_loop                       0x080000d3   Thumb Code     0  __scatter.o(!!!scatter)
    __scatterload_copy                       0x0800011d   Thumb Code    26  __scatter_copy.o(!!handler_copy)
    __scatterload_null                       0x08000139   Thumb Code     2  __scatter.o(!!handler_null)
    __scatterload_zeroinit                   0x0800013d   Thumb Code    28  __scatter_zi.o(!!handler_zi)
    _printf_percent                          0x08000159   Thumb Code     0  _printf_percent.o(.ARM.Collect$$_printf_percent$$00000000)
    _printf_n                                0x0800015b   Thumb Code     0  _printf_n.o(.ARM.Collect$$_printf_percent$$00000001)
    _printf_p                                0x08000165   Thumb Code     0  _printf_p.o(.ARM.Collect$$_printf_percent$$00000002)
    _printf_f                                0x0800016f   Thumb Code     0  _printf_f.o(.ARM.Collect$$_printf_percent$$00000003)
    _printf_e                                0x08000179   Thumb Code     0  _printf_e.o(.ARM.Collect$$_printf_percent$$00000004)
    _printf_g                                0x08000183   Thumb Code     0  _printf_g.o(.ARM.Collect$$_printf_percent$$00000005)
    _printf_a                                0x0800018d   Thumb Code     0  _printf_a.o(.ARM.Collect$$_printf_percent$$00000006)
    _printf_ll                               0x08000197   Thumb Code     0  _printf_ll.o(.ARM.Collect$$_printf_percent$$00000007)
    _printf_i                                0x080001a1   Thumb Code     0  _printf_i.o(.ARM.Collect$$_printf_percent$$00000008)
    _printf_d                                0x080001ab   Thumb Code     0  _printf_d.o(.ARM.Collect$$_printf_percent$$00000009)
    _printf_u                                0x080001b5   Thumb Code     0  _printf_u.o(.ARM.Collect$$_printf_percent$$0000000A)
    _printf_o                                0x080001bf   Thumb Code     0  _printf_o.o(.ARM.Collect$$_printf_percent$$0000000B)
    _printf_x                                0x080001c9   Thumb Code     0  _printf_x.o(.ARM.Collect$$_printf_percent$$0000000C)
    _printf_lli                              0x080001d3   Thumb Code     0  _printf_lli.o(.ARM.Collect$$_printf_percent$$0000000D)
    _printf_lld                              0x080001dd   Thumb Code     0  _printf_lld.o(.ARM.Collect$$_printf_percent$$0000000E)
    _printf_llu                              0x080001e7   Thumb Code     0  _printf_llu.o(.ARM.Collect$$_printf_percent$$0000000F)
    _printf_llo                              0x080001f1   Thumb Code     0  _printf_llo.o(.ARM.Collect$$_printf_percent$$00000010)
    _printf_llx                              0x080001fb   Thumb Code     0  _printf_llx.o(.ARM.Collect$$_printf_percent$$00000011)
    _printf_l                                0x08000205   Thumb Code     0  _printf_l.o(.ARM.Collect$$_printf_percent$$00000012)
    _printf_c                                0x0800020f   Thumb Code     0  _printf_c.o(.ARM.Collect$$_printf_percent$$00000013)
    _printf_s                                0x08000219   Thumb Code     0  _printf_s.o(.ARM.Collect$$_printf_percent$$00000014)
    _printf_lc                               0x08000223   Thumb Code     0  _printf_lc.o(.ARM.Collect$$_printf_percent$$00000015)
    _printf_ls                               0x0800022d   Thumb Code     0  _printf_ls.o(.ARM.Collect$$_printf_percent$$00000016)
    _printf_percent_end                      0x08000237   Thumb Code     0  _printf_percent_end.o(.ARM.Collect$$_printf_percent$$00000017)
    __rt_lib_init                            0x0800023b   Thumb Code     0  libinit.o(.ARM.Collect$$libinit$$00000000)
    __rt_lib_init_fp_1                       0x0800023d   Thumb Code     0  libinit2.o(.ARM.Collect$$libinit$$00000002)
    __rt_lib_init_heap_2                     0x0800023d   Thumb Code     0  libinit2.o(.ARM.Collect$$libinit$$00000007)
    __rt_lib_init_preinit_1                  0x0800023d   Thumb Code     0  libinit2.o(.ARM.Collect$$libinit$$00000006)
    __rt_lib_init_relocate_pie_1             0x0800023d   Thumb Code     0  libinit2.o(.ARM.Collect$$libinit$$00000004)
    __rt_lib_init_heap_1                     0x08000245   Thumb Code     0  libinit2.o(.ARM.Collect$$libinit$$0000000C)
    __rt_lib_init_lc_common                  0x08000245   Thumb Code     0  libinit2.o(.ARM.Collect$$libinit$$00000011)
    __rt_lib_init_rand_1                     0x08000245   Thumb Code     0  libinit2.o(.ARM.Collect$$libinit$$00000010)
    __rt_lib_init_user_alloc_1               0x08000245   Thumb Code     0  libinit2.o(.ARM.Collect$$libinit$$0000000E)
    __rt_lib_init_lc_collate_1               0x0800024b   Thumb Code     0  libinit2.o(.ARM.Collect$$libinit$$00000013)
    __rt_lib_init_lc_ctype_2                 0x0800024b   Thumb Code     0  libinit2.o(.ARM.Collect$$libinit$$00000014)
    __rt_lib_init_lc_ctype_1                 0x08000257   Thumb Code     0  libinit2.o(.ARM.Collect$$libinit$$00000015)
    __rt_lib_init_lc_monetary_1              0x08000257   Thumb Code     0  libinit2.o(.ARM.Collect$$libinit$$00000017)
    __rt_lib_init_lc_numeric_2               0x08000257   Thumb Code     0  libinit2.o(.ARM.Collect$$libinit$$00000018)
    __rt_lib_init_atexit_1                   0x08000261   Thumb Code     0  libinit2.o(.ARM.Collect$$libinit$$0000001D)
    __rt_lib_init_clock_1                    0x08000261   Thumb Code     0  libinit2.o(.ARM.Collect$$libinit$$00000023)
    __rt_lib_init_fp_trap_1                  0x08000261   Thumb Code     0  libinit2.o(.ARM.Collect$$libinit$$00000021)
    __rt_lib_init_getenv_1                   0x08000261   Thumb Code     0  libinit2.o(.ARM.Collect$$libinit$$00000025)
    __rt_lib_init_lc_numeric_1               0x08000261   Thumb Code     0  libinit2.o(.ARM.Collect$$libinit$$00000019)
    __rt_lib_init_lc_time_1                  0x08000261   Thumb Code     0  libinit2.o(.ARM.Collect$$libinit$$0000001B)
    __rt_lib_init_signal_1                   0x08000261   Thumb Code     0  libinit2.o(.ARM.Collect$$libinit$$0000001F)
    __rt_lib_init_stdio_2                    0x08000261   Thumb Code     0  libinit2.o(.ARM.Collect$$libinit$$00000026)
    __rt_lib_init_alloca_1                   0x08000265   Thumb Code     0  libinit2.o(.ARM.Collect$$libinit$$00000030)
    __rt_lib_init_argv_1                     0x08000265   Thumb Code     0  libinit2.o(.ARM.Collect$$libinit$$0000002E)
    __rt_lib_init_cpp_2                      0x08000265   Thumb Code     0  libinit2.o(.ARM.Collect$$libinit$$00000033)
    __rt_lib_init_exceptions_1               0x08000265   Thumb Code     0  libinit2.o(.ARM.Collect$$libinit$$00000032)
    __rt_lib_init_stdio_1                    0x08000265   Thumb Code     0  libinit2.o(.ARM.Collect$$libinit$$00000027)
    __rt_lib_init_cpp_1                      0x08000269   Thumb Code     0  libinit2.o(.ARM.Collect$$libinit$$00000034)
    __rt_lib_init_return                     0x08000269   Thumb Code     0  libinit2.o(.ARM.Collect$$libinit$$00000035)
    __rt_lib_shutdown                        0x0800026b   Thumb Code     0  libshutdown.o(.ARM.Collect$$libshutdown$$00000000)
    __rt_lib_shutdown_cpp_2                  0x0800026d   Thumb Code     0  libshutdown2.o(.ARM.Collect$$libshutdown$$00000001)
    __rt_lib_shutdown_cpp_1                  0x08000273   Thumb Code     0  libshutdown2.o(.ARM.Collect$$libshutdown$$00000002)
    __rt_lib_shutdown_stdio_2                0x08000273   Thumb Code     0  libshutdown2.o(.ARM.Collect$$libshutdown$$00000003)
    __rt_lib_shutdown_fp_trap_1              0x08000277   Thumb Code     0  libshutdown2.o(.ARM.Collect$$libshutdown$$00000007)
    __rt_lib_shutdown_heap_1                 0x08000277   Thumb Code     0  libshutdown2.o(.ARM.Collect$$libshutdown$$0000000F)
    __rt_lib_shutdown_return                 0x08000277   Thumb Code     0  libshutdown2.o(.ARM.Collect$$libshutdown$$00000010)
    __rt_lib_shutdown_signal_1               0x08000277   Thumb Code     0  libshutdown2.o(.ARM.Collect$$libshutdown$$0000000A)
    __rt_lib_shutdown_stdio_1                0x08000277   Thumb Code     0  libshutdown2.o(.ARM.Collect$$libshutdown$$00000004)
    __rt_lib_shutdown_user_alloc_1           0x08000277   Thumb Code     0  libshutdown2.o(.ARM.Collect$$libshutdown$$0000000C)
    __rt_entry                               0x08000279   Thumb Code     0  __rtentry.o(.ARM.Collect$$rtentry$$00000000)
    __rt_entry_presh_1                       0x08000279   Thumb Code     0  __rtentry2.o(.ARM.Collect$$rtentry$$00000002)
    __rt_entry_sh                            0x08000279   Thumb Code     0  __rtentry4.o(.ARM.Collect$$rtentry$$00000004)
    __rt_entry_li                            0x0800027f   Thumb Code     0  __rtentry2.o(.ARM.Collect$$rtentry$$0000000A)
    __rt_entry_postsh_1                      0x0800027f   Thumb Code     0  __rtentry2.o(.ARM.Collect$$rtentry$$00000009)
    __rt_entry_main                          0x08000283   Thumb Code     0  __rtentry2.o(.ARM.Collect$$rtentry$$0000000D)
    __rt_entry_postli_1                      0x08000283   Thumb Code     0  __rtentry2.o(.ARM.Collect$$rtentry$$0000000C)
    __rt_exit                                0x0800028b   Thumb Code     0  rtexit.o(.ARM.Collect$$rtexit$$00000000)
    __rt_exit_ls                             0x0800028d   Thumb Code     0  rtexit2.o(.ARM.Collect$$rtexit$$00000003)
    __rt_exit_prels_1                        0x0800028d   Thumb Code     0  rtexit2.o(.ARM.Collect$$rtexit$$00000002)
    __rt_exit_exit                           0x08000291   Thumb Code     0  rtexit2.o(.ARM.Collect$$rtexit$$00000004)
    __aeabi_memcpy4                          0x08000299   Thumb Code    56  rt_memcpy.o(.emb_text)
    __aeabi_memcpy8                          0x08000299   Thumb Code     0  rt_memcpy.o(.emb_text)
    Reset_Handler                            0x080002d1   Thumb Code     8  startup_stm32g030xx.o(.text)
    ADC1_IRQHandler                          0x080002e3   Thumb Code     0  startup_stm32g030xx.o(.text)
    DMA1_Ch4_5_DMAMUX1_OVR_IRQHandler        0x080002e3   Thumb Code     0  startup_stm32g030xx.o(.text)
    DMA1_Channel1_IRQHandler                 0x080002e3   Thumb Code     0  startup_stm32g030xx.o(.text)
    DMA1_Channel2_3_IRQHandler               0x080002e3   Thumb Code     0  startup_stm32g030xx.o(.text)
    EXTI0_1_IRQHandler                       0x080002e3   Thumb Code     0  startup_stm32g030xx.o(.text)
    EXTI2_3_IRQHandler                       0x080002e3   Thumb Code     0  startup_stm32g030xx.o(.text)
    EXTI4_15_IRQHandler                      0x080002e3   Thumb Code     0  startup_stm32g030xx.o(.text)
    FLASH_IRQHandler                         0x080002e3   Thumb Code     0  startup_stm32g030xx.o(.text)
    I2C1_IRQHandler                          0x080002e3   Thumb Code     0  startup_stm32g030xx.o(.text)
    I2C2_IRQHandler                          0x080002e3   Thumb Code     0  startup_stm32g030xx.o(.text)
    RCC_IRQHandler                           0x080002e3   Thumb Code     0  startup_stm32g030xx.o(.text)
    RTC_TAMP_IRQHandler                      0x080002e3   Thumb Code     0  startup_stm32g030xx.o(.text)
    SPI1_IRQHandler                          0x080002e3   Thumb Code     0  startup_stm32g030xx.o(.text)
    SPI2_IRQHandler                          0x080002e3   Thumb Code     0  startup_stm32g030xx.o(.text)
    TIM14_IRQHandler                         0x080002e3   Thumb Code     0  startup_stm32g030xx.o(.text)
    TIM16_IRQHandler                         0x080002e3   Thumb Code     0  startup_stm32g030xx.o(.text)
    TIM17_IRQHandler                         0x080002e3   Thumb Code     0  startup_stm32g030xx.o(.text)
    TIM1_BRK_UP_TRG_COM_IRQHandler           0x080002e3   Thumb Code     0  startup_stm32g030xx.o(.text)
    TIM1_CC_IRQHandler                       0x080002e3   Thumb Code     0  startup_stm32g030xx.o(.text)
    TIM3_IRQHandler                          0x080002e3   Thumb Code     0  startup_stm32g030xx.o(.text)
    USART1_IRQHandler                        0x080002e3   Thumb Code     0  startup_stm32g030xx.o(.text)
    USART2_IRQHandler                        0x080002e3   Thumb Code     0  startup_stm32g030xx.o(.text)
    WWDG_IRQHandler                          0x080002e3   Thumb Code     0  startup_stm32g030xx.o(.text)
    __user_initial_stackheap                 0x080002e5   Thumb Code     0  startup_stm32g030xx.o(.text)
    __cxa_atexit                             0x08000309   Thumb Code    14  cxa_atexit.o(.text)
    _memset_w                                0x08000317   Thumb Code    26  rt_memclr.o(.text)
    _memset                                  0x08000331   Thumb Code    30  rt_memclr.o(.text)
    __aeabi_memclr                           0x0800034f   Thumb Code     4  rt_memclr.o(.text)
    __rt_memclr                              0x0800034f   Thumb Code     0  rt_memclr.o(.text)
    __aeabi_memclr4                          0x08000353   Thumb Code     0  rt_memclr.o(.text)
    __aeabi_memclr8                          0x08000353   Thumb Code     0  rt_memclr.o(.text)
    __rt_memclr_w                            0x08000353   Thumb Code     4  rt_memclr.o(.text)
    __aeabi_uidivmod                         0x08000359   Thumb Code    28  aeabi_sdivfast.o(.text)
    __aeabi_idivmod                          0x08000375   Thumb Code   472  aeabi_sdivfast.o(.text)
    __use_two_region_memory                  0x08000551   Thumb Code     2  heapauxi.o(.text)
    __rt_heap_escrow                         0x08000553   Thumb Code     2  heapauxi.o(.text)
    __rt_heap_expand                         0x08000555   Thumb Code     2  heapauxi.o(.text)
    __cpp_initialize__aeabi_                 0x08000559   Thumb Code    36  init_aeabi.o(.text)
    malloc                                   0x08000585   Thumb Code    98  h1_alloc.o(.text)
    free                                     0x080005e7   Thumb Code    76  h1_free.o(.text)
    posix_memalign                           0x08000633   Thumb Code   164  h1_memalign.o(.text)
    vfprintf                                 0x080006d7   Thumb Code    14  vfprintf.o(.text)
    abort                                    0x080006e5   Thumb Code    20  abort.o(.text)
    __aeabi_atexit                           0x080006f9   Thumb Code    42  aeabi_atexit.o(.text)
    _sys_exit                                0x08000725   Thumb Code     8  sys_exit.o(.text)
    __rt_heap_descriptor                     0x08000731   Thumb Code     8  rt_heap_descriptor_intlibspace.o(.text)
    __rt_ddtor_pointer_addr                  0x08000739   Thumb Code     8  rt_ddtor_pointer_addr_intlibspace.o(.text)
    __use_no_heap                            0x08000741   Thumb Code     2  hguard.o(.text)
    __heap$guard                             0x08000743   Thumb Code     2  hguard.o(.text)
    _terminate_user_alloc                    0x08000745   Thumb Code     2  init_alloc.o(.text)
    _init_user_alloc                         0x08000747   Thumb Code     2  init_alloc.o(.text)
    __Heap_Full                              0x08000749   Thumb Code    32  init_alloc.o(.text)
    __Heap_Broken                            0x08000769   Thumb Code    10  init_alloc.o(.text)
    _init_alloc                              0x08000773   Thumb Code    90  init_alloc.o(.text)
    __Heap_Initialize                        0x080007cd   Thumb Code     8  h1_init.o(.text)
    __Heap_DescSize                          0x080007d5   Thumb Code     4  h1_init.o(.text)
    _printf_pre_padding                      0x080007d9   Thumb Code    44  _printf_pad.o(.text)
    _printf_post_padding                     0x08000805   Thumb Code    34  _printf_pad.o(.text)
    _printf_truncate_signed                  0x08000827   Thumb Code    18  _printf_truncate.o(.text)
    _printf_truncate_unsigned                0x08000839   Thumb Code    18  _printf_truncate.o(.text)
    _printf_str                              0x0800084b   Thumb Code    82  _printf_str.o(.text)
    _printf_int_dec                          0x0800089d   Thumb Code    90  _printf_dec.o(.text)
    _printf_charcount                        0x08000909   Thumb Code    38  _printf_charcount.o(.text)
    _printf_char_file                        0x08000931   Thumb Code    34  _printf_char_file.o(.text)
    _printf_wctomb                           0x08000959   Thumb Code   182  _printf_wctomb.o(.text)
    _printf_longlong_dec                     0x08000a15   Thumb Code    94  _printf_longlong_dec.o(.text)
    _printf_longlong_oct                     0x08000a85   Thumb Code    68  _printf_oct_int_ll.o(.text)
    _printf_int_oct                          0x08000ac9   Thumb Code    24  _printf_oct_int_ll.o(.text)
    _printf_ll_oct                           0x08000ae1   Thumb Code    10  _printf_oct_int_ll.o(.text)
    _printf_longlong_hex                     0x08000af5   Thumb Code    88  _printf_hex_int_ll_ptr.o(.text)
    _printf_int_hex                          0x08000b4d   Thumb Code    28  _printf_hex_int_ll_ptr.o(.text)
    _printf_ll_hex                           0x08000b69   Thumb Code    10  _printf_hex_int_ll_ptr.o(.text)
    _printf_hex_ptr                          0x08000b73   Thumb Code    22  _printf_hex_int_ll_ptr.o(.text)
    __printf                                 0x08000b8d   Thumb Code   386  __printf_flags_ss_wp.o(.text)
    _initio                                  0x08000d15   Thumb Code   216  initio.o(.text)
    _terminateio                             0x08000ded   Thumb Code    56  initio.o(.text)
    __cxa_finalize                           0x08000e51   Thumb Code    66  cxa_finalize.o(.text)
    __rt_SIGABRT                             0x08000e93   Thumb Code    12  defsig_abrt_outer.o(.text)
    __user_libspace                          0x08000ea1   Thumb Code     8  libspace.o(.text)
    __user_perproc_libspace                  0x08000ea1   Thumb Code     0  libspace.o(.text)
    __user_perthread_libspace                0x08000ea1   Thumb Code     0  libspace.o(.text)
    __I$use$semihosting                      0x08000ea9   Thumb Code     0  use_no_semi.o(.text)
    __use_no_semihosting_swi                 0x08000ea9   Thumb Code     2  use_no_semi.o(.text)
    __semihosting_library_function           0x08000eab   Thumb Code     0  indicate_semi.o(.text)
    __user_setup_stackheap                   0x08000eab   Thumb Code    62  sys_stackheap_outer.o(.text)
    __Heap_ProvideMemory                     0x08000ee9   Thumb Code    52  h1_extend.o(.text)
    _maybe_terminate_alloc                   0x08000ee9   Thumb Code     0  maybetermalloc1.o(.text)
    _ll_udiv10                               0x08000f1d   Thumb Code   122  lludiv10.o(.text)
    _printf_int_common                       0x08000f97   Thumb Code   176  _printf_intcommon.o(.text)
    _printf_fp_dec_real                      0x080011e5   Thumb Code   620  _printf_fp_dec.o(.text)
    _printf_fp_hex_real                      0x0800145d   Thumb Code   718  _printf_fp_hex.o(.text)
    _printf_char_common                      0x0800173f   Thumb Code    32  _printf_char_common.o(.text)
    _printf_cs_common                        0x08001765   Thumb Code    22  _printf_char.o(.text)
    _printf_char                             0x0800177b   Thumb Code    16  _printf_char.o(.text)
    _printf_string                           0x0800178b   Thumb Code     8  _printf_char.o(.text)
    _printf_lcs_common                       0x08001793   Thumb Code    22  _printf_wchar.o(.text)
    _printf_wchar                            0x080017a9   Thumb Code    16  _printf_wchar.o(.text)
    _printf_wstring                          0x080017b9   Thumb Code     8  _printf_wchar.o(.text)
    ferror                                   0x080017c1   Thumb Code     8  ferror.o(.text)
    setvbuf                                  0x080017c9   Thumb Code    72  setvbuf.o(.text)
    freopen                                  0x08001815   Thumb Code   154  fopen.o(.text)
    fopen                                    0x080018af   Thumb Code    76  fopen.o(.text)
    _fclose_internal                         0x08001905   Thumb Code    72  fclose.o(.text)
    fclose                                   0x08001905   Thumb Code     0  fclose.o(.text)
    _c16rtomb                                0x0800194d   Thumb Code    66  _c16rtomb.o(.text)
    _wcrtomb                                 0x0800194d   Thumb Code     0  _c16rtomb.o(.text)
    exit                                     0x0800198f   Thumb Code    16  exit.o(.text)
    __sig_exit                               0x0800199f   Thumb Code    12  defsig_exit.o(.text)
    __rt_SIGABRT_inner                       0x080019ad   Thumb Code    14  defsig_abrt_inner.o(.text)
    __rt_SIGRTRED                            0x080019dd   Thumb Code    12  defsig_rtred_outer.o(.text)
    __rt_SIGRTMEM                            0x080019e9   Thumb Code    12  defsig_rtmem_outer.o(.text)
    __rt_udiv10                              0x080019f5   Thumb Code    40  rtudiv10.o(.text)
    _sys_open                                0x08001a1d   Thumb Code    20  sys_io.o(.text)
    _sys_close                               0x08001a31   Thumb Code    12  sys_io.o(.text)
    _sys_write                               0x08001a3d   Thumb Code    16  sys_io.o(.text)
    _sys_read                                0x08001a4d   Thumb Code    14  sys_io.o(.text)
    _sys_istty                               0x08001a5b   Thumb Code    12  sys_io.o(.text)
    _sys_seek                                0x08001a67   Thumb Code    14  sys_io.o(.text)
    _sys_ensure                              0x08001a75   Thumb Code     2  sys_io.o(.text)
    _sys_flen                                0x08001a77   Thumb Code    12  sys_io.o(.text)
    __rt_ctype_table                         0x08001a85   Thumb Code    16  rt_ctype_table.o(.text)
    __rt_locale                              0x08001a95   Thumb Code     8  rt_locale_intlibspace.o(.text)
    _printf_fp_infnan                        0x08001a9d   Thumb Code   120  _printf_fp_infnan.o(.text)
    _btod_etento                             0x08001b25   Thumb Code   210  bigflt0.o(.text)
    _btod_d2e                                0x08001bfd   Thumb Code    64  btod.o(.text)
    _btod_emul                               0x08002031   Thumb Code    28  btod.o(.text)
    _btod_emuld                              0x0800204d   Thumb Code   144  btod.o(.text)
    _btod_ediv                               0x080020dd   Thumb Code    26  btod.o(.text)
    _btod_edivd                              0x080020f7   Thumb Code   124  btod.o(.text)
    __flsbuf                                 0x0800217d   Thumb Code   490  flsbuf.o(.text)
    __flsbuf_byte                            0x0800217d   Thumb Code     0  flsbuf.o(.text)
    __flsbuf_wide                            0x0800217d   Thumb Code     0  flsbuf.o(.text)
    _fseek                                   0x08002371   Thumb Code   240  fseek.o(.text)
    fseek                                    0x08002371   Thumb Code     0  fseek.o(.text)
    _seterr                                  0x08002465   Thumb Code    20  stdio.o(.text)
    _writebuf                                0x08002479   Thumb Code    98  stdio.o(.text)
    _fflush                                  0x080024db   Thumb Code    76  stdio.o(.text)
    _deferredlazyseek                        0x08002527   Thumb Code    60  stdio.o(.text)
    __default_signal_display                 0x08002571   Thumb Code    52  defsig_general.o(.text)
    __rt_SIGRTRED_inner                      0x080025a5   Thumb Code    14  defsig_rtred_inner.o(.text)
    __rt_SIGRTMEM_inner                      0x080025d9   Thumb Code    22  defsig_rtmem_inner.o(.text)
    _ttywrch                                 0x08002629   Thumb Code    12  sys_wrch.o(.text)
    _ftell_internal                          0x08002635   Thumb Code    66  ftell.o(.text)
    ftell                                    0x08002635   Thumb Code     0  ftell.o(.text)
    strlen                                   0x08002679   Thumb Code    62  strlen.o(.text)
    strcmp                                   0x080026bd   Thumb Code   176  strcmpv6m.o(.text)
    __aeabi_errno_addr                       0x0800276d   Thumb Code     8  rt_errno_addr_intlibspace.o(.text)
    __errno$intlibspace                      0x0800276d   Thumb Code     0  rt_errno_addr_intlibspace.o(.text)
    __rt_errno_addr$intlibspace              0x0800276d   Thumb Code     0  rt_errno_addr_intlibspace.o(.text)
    Error_Handler                            0x08002775   Thumb Code     8  main.o(.text.Error_Handler)
    HAL_GPIO_Init                            0x0800277d   Thumb Code   392  stm32g0xx_hal_gpio.o(.text.HAL_GPIO_Init)
    HAL_GPIO_ReadPin                         0x08002919   Thumb Code    10  stm32g0xx_hal_gpio.o(.text.HAL_GPIO_ReadPin)
    HAL_GetTick                              0x08002925   Thumb Code     8  stm32g0xx_hal.o(.text.HAL_GetTick)
    HAL_IncTick                              0x0800292d   Thumb Code    16  stm32g0xx_hal.o(.text.HAL_IncTick)
    HAL_Init                                 0x08002941   Thumb Code    40  stm32g0xx_hal.o(.text.HAL_Init)
    HAL_InitTick                             0x0800296d   Thumb Code    64  stm32g0xx_hal.o(.text.HAL_InitTick)
    HAL_MspInit                              0x080029b5   Thumb Code    40  stm32g0xx_hal_msp.o(.text.HAL_MspInit)
    HAL_NVIC_SetPriority                     0x080029e1   Thumb Code    48  stm32g0xx_hal_cortex.o(.text.HAL_NVIC_SetPriority)
    HAL_PWREx_ControlVoltageScaling          0x08002a19   Thumb Code    84  stm32g0xx_hal_pwr_ex.o(.text.HAL_PWREx_ControlVoltageScaling)
    HAL_RCCEx_PeriphCLKConfig                0x08002a75   Thumb Code   356  stm32g0xx_hal_rcc_ex.o(.text.HAL_RCCEx_PeriphCLKConfig)
    HAL_RCC_ClockConfig                      0x08002be9   Thumb Code   476  stm32g0xx_hal_rcc.o(.text.HAL_RCC_ClockConfig)
    HAL_RCC_GetPCLK1Freq                     0x08002dd5   Thumb Code    28  stm32g0xx_hal_rcc.o(.text.HAL_RCC_GetPCLK1Freq)
    HAL_RCC_GetSysClockFreq                  0x08002df9   Thumb Code   124  stm32g0xx_hal_rcc.o(.text.HAL_RCC_GetSysClockFreq)
    HAL_RCC_OscConfig                        0x08002e81   Thumb Code  1020  stm32g0xx_hal_rcc.o(.text.HAL_RCC_OscConfig)
    HAL_SYSTICK_Config                       0x0800329d   Thumb Code    40  stm32g0xx_hal_cortex.o(.text.HAL_SYSTICK_Config)
    HAL_TIMEx_ConfigBreakDeadTime            0x080032d1   Thumb Code   164  stm32g0xx_hal_tim_ex.o(.text.HAL_TIMEx_ConfigBreakDeadTime)
    HAL_TIMEx_MasterConfigSynchronization    0x08003395   Thumb Code    92  stm32g0xx_hal_tim_ex.o(.text.HAL_TIMEx_MasterConfigSynchronization)
    HAL_TIM_Base_Init                        0x080033f1   Thumb Code   196  stm32g0xx_hal_tim.o(.text.HAL_TIM_Base_Init)
    HAL_TIM_Base_MspInit                     0x080034bd   Thumb Code    64  tim.o(.text.HAL_TIM_Base_MspInit)
    HAL_TIM_MspPostInit                      0x08003505   Thumb Code   136  tim.o(.text.HAL_TIM_MspPostInit)
    HAL_TIM_PWM_ConfigChannel                0x0800359d   Thumb Code   840  stm32g0xx_hal_tim.o(.text.HAL_TIM_PWM_ConfigChannel)
    HAL_TIM_PWM_Init                         0x080038fd   Thumb Code   196  stm32g0xx_hal_tim.o(.text.HAL_TIM_PWM_Init)
    HAL_TIM_PWM_MspInit                      0x080039d1   Thumb Code    64  tim.o(.text.HAL_TIM_PWM_MspInit)
    HAL_UARTEx_DisableFifoMode               0x08003a1d   Thumb Code    54  stm32g0xx_hal_uart_ex.o(.text.HAL_UARTEx_DisableFifoMode)
    HAL_UARTEx_SetRxFifoThreshold            0x08003a55   Thumb Code   128  stm32g0xx_hal_uart_ex.o(.text.HAL_UARTEx_SetRxFifoThreshold)
    HAL_UARTEx_SetTxFifoThreshold            0x08003ad5   Thumb Code   128  stm32g0xx_hal_uart_ex.o(.text.HAL_UARTEx_SetTxFifoThreshold)
    HAL_UART_Init                            0x08003b5d   Thumb Code   112  stm32g0xx_hal_uart.o(.text.HAL_UART_Init)
    HAL_UART_MspInit                         0x08003bcd   Thumb Code   120  usart.o(.text.HAL_UART_MspInit)
    HardFault_Handler                        0x08003c49   Thumb Code     2  stm32g0xx_it.o(.text.HardFault_Handler)
    Key1_State                               0x08003c4b   Thumb Code    14  key.o(.text.Key1_State)
    MX_GPIO_Init                             0x08003c59   Thumb Code   108  gpio.o(.text.MX_GPIO_Init)
    MX_TIM14_Init                            0x08003cc9   Thumb Code    40  tim.o(.text.MX_TIM14_Init)
    MX_TIM16_Init                            0x08003cf9   Thumb Code   156  tim.o(.text.MX_TIM16_Init)
    MX_TIM1_Init                             0x08003da1   Thumb Code   180  tim.o(.text.MX_TIM1_Init)
    MX_TIM3_Init                             0x08003e5d   Thumb Code   116  tim.o(.text.MX_TIM3_Init)
    MX_USART1_UART_Init                      0x08003ed9   Thumb Code    96  usart.o(.text.MX_USART1_UART_Init)
    NMI_Handler                              0x08003f41   Thumb Code     2  stm32g0xx_it.o(.text.NMI_Handler)
    PendSV_Handler                           0x08003f43   Thumb Code     2  stm32g0xx_it.o(.text.PendSV_Handler)
    SVC_Handler                              0x08003f45   Thumb Code     2  stm32g0xx_it.o(.text.SVC_Handler)
    SysTick_Handler                          0x08003f47   Thumb Code     8  stm32g0xx_it.o(.text.SysTick_Handler)
    SystemInit                               0x08003f4f   Thumb Code     2  system_stm32g0xx.o(.text.SystemInit)
    UART_AdvFeatureConfig                    0x08003f51   Thumb Code   210  stm32g0xx_hal_uart.o(.text.UART_AdvFeatureConfig)
    UART_CheckIdleState                      0x08004025   Thumb Code   192  stm32g0xx_hal_uart.o(.text.UART_CheckIdleState)
    UART_SetConfig                           0x080040e9   Thumb Code   344  stm32g0xx_hal_uart.o(.text.UART_SetConfig)
    UART_WaitOnFlagUntilTimeout              0x08004275   Thumb Code   324  stm32g0xx_hal_uart.o(.text.UART_WaitOnFlagUntilTimeout)
    Key::Key(unsigned char (*)())            0x08004497   Thumb Code    32  key.o(.text._ZN3KeyC2EPFhvE)
    Key::Key__sub_object(unsigned char (*)()) 0x08004497   Thumb Code    32  key.o(.text._ZN3KeyC2EPFhvE)
    WS2812::WS2812(unsigned char, RGB_Color_TypeDef) 0x080044b7   Thumb Code   262  ws2812.o(.text._ZN6WS2812C2Eh17RGB_Color_TypeDef)
    WS2812::WS2812__sub_object(unsigned char, RGB_Color_TypeDef) 0x080044b7   Thumb Code   262  ws2812.o(.text._ZN6WS2812C2Eh17RGB_Color_TypeDef)
    WS2812::~WS2812__sub_object()            0x080045bd   Thumb Code    56  ws2812.o(.text._ZN6WS2812D2Ev)
    std::__2::vector<std::__2::vector<unsigned int, std::__2::allocator<unsigned int>>, std::__2::allocator<std::__2::vector<unsigned int, std::__2::allocator<unsigned int>>>>::__throw_length_error[abi:nn190000]() const 0x080045f5   Thumb Code     8  ws2812.o(.text._ZNKSt3__26vectorINS0_IjNS_9allocatorIjEEEENS1_IS3_EEE20__throw_length_errorB8nn190000Ev)
    std::__2::vector<unsigned int, std::__2::allocator<unsigned int>>::__throw_length_error[abi:nn190000]() const 0x080045fd   Thumb Code     8  ws2812.o(.text._ZNKSt3__26vectorIjNS_9allocatorIjEEE20__throw_length_errorB8nn190000Ev)
    std::__2::__throw_length_error[abi:nn190000](char const*) 0x08004609   Thumb Code     8  ws2812.o(.text._ZNSt3__220__throw_length_errorB8nn190000EPKc)
    std::__2::__libcpp_verbose_abort(char const*, ...) 0x08004615   Thumb Code    28  verbose_abort.cpp.o(.text._ZNSt3__222__libcpp_verbose_abortEPKcz)
    std::__2::vector<std::__2::vector<unsigned int, std::__2::allocator<unsigned int>>, std::__2::allocator<std::__2::vector<unsigned int, std::__2::allocator<unsigned int>>>>::__append(unsigned int) 0x08004635   Thumb Code   288  ws2812.o(.text._ZNSt3__26vectorINS0_IjNS_9allocatorIjEEEENS1_IS3_EEE8__appendEj)
    std::__2::vector<unsigned int, std::__2::allocator<unsigned int>>::assign(unsigned int, unsigned int const&) 0x08004761   Thumb Code   172  ws2812.o(.text._ZNSt3__26vectorIjNS_9allocatorIjEEE6assignEjRKj)
    std::__2::vector<unsigned int, std::__2::allocator<unsigned int>>::__append(unsigned int, unsigned int const&) 0x0800480d   Thumb Code   172  ws2812.o(.text._ZNSt3__26vectorIjNS_9allocatorIjEEE8__appendEjRKj)
    std::get_new_handler()                   0x080048c1   Thumb Code     8  cxa_handlers.cpp.o(.text._ZSt15get_new_handlerv)
    std::__throw_bad_alloc()                 0x080048cd   Thumb Code     8  new_helpers.cpp.o(.text._ZSt17__throw_bad_allocv)
    std::__throw_bad_array_new_length[abi:nn190000]() 0x08004905   Thumb Code     8  ws2812.o(.text._ZSt28__throw_bad_array_new_lengthB8nn190000v)
    operator delete(void*)                   0x08004945   Thumb Code     8  new.cpp.o(.text._ZdlPv)
    main                                     0x0800494d   Thumb Code   140  main.o(.text.main)
    __aeabi_uidiv                            0x080049d9   Thumb Code    68  aeabi_sdivfast.o(.text_divfast)
    __aeabi_idiv                             0x08004a1d   Thumb Code   434  aeabi_sdivfast.o(.text_divfast)
    operator new(unsigned int)               0x08004bcf   Thumb Code    16  new.cpp.o(__lcxx_override)
    __lcxx_override$$Base                    0x08004bce   Number         0  new.cpp.o(__lcxx_override)
    operator new[](unsigned int)             0x08004bdf   Thumb Code     8  new.cpp.o(__lcxx_override)
    operator new(unsigned int, std::align_val_t) 0x08004be7   Thumb Code    16  new.cpp.o(__lcxx_override)
    operator new[](unsigned int, std::align_val_t) 0x08004bf7   Thumb Code     8  new.cpp.o(__lcxx_override)
    __ARM_common_ll_muluu                    0x08004bff   Thumb Code    48  btod.o(i.__ARM_common_ll_muluu)
    __lcxx_override$$Limit                   0x08004bfe   Number         0  new.cpp.o(__lcxx_override)
    __ARM_fpclassify                         0x08004c31   Thumb Code    40  fpclassify.o(i.__ARM_fpclassify)
    _is_digit                                0x08004c5d   Thumb Code    14  __printf_wp.o(i._is_digit)
    fputc                                    0x08004c6b   Thumb Code    32  fputc.o(i.fputc)
    _get_lc_numeric                          0x08004c8d   Thumb Code    44  lc_numeric_c.o(locale$$code)
    _get_lc_ctype                            0x08004cb9   Thumb Code    44  lc_ctype_c.o(locale$$code)
    _printf_fp_dec                           0x08004ce5   Thumb Code    16  printf1.o(x$fpl$printf1)
    _printf_fp_hex                           0x08004cf5   Thumb Code    16  printf2.o(x$fpl$printf2)
    __I$use$fp                               0x08004d04   Number         0  usenofp.o(x$fpl$usenofp)
    __stdin_name                             0x08004d45   Data           4  sys_io_names.o(.constdata)
    __stdout_name                            0x08004d49   Data           4  sys_io_names.o(.constdata)
    __stderr_name                            0x08004d4d   Data           4  sys_io_names.o(.constdata)
    AHBPrescTable                            0x08004e0c   Data          64  system_stm32g0xx.o(.rodata.AHBPrescTable)
    APBPrescTable                            0x08004e4c   Data          32  system_stm32g0xx.o(.rodata.APBPrescTable)
    UARTPrescTable                           0x08004e6c   Data          24  stm32g0xx_hal_uart.o(.rodata.UARTPrescTable)
    Region$$Table$$Base                      0x08004ee0   Number         0  anon$$obj.o(Region$$Table)
    Region$$Table$$Limit                     0x08004f00   Number         0  anon$$obj.o(Region$$Table)
    __ctype                                  0x08004f29   Data           0  lc_ctype_c.o(locale$$data)
    SHT$$INIT_ARRAY$$Base                    0x0800502c   Number         0  ws2812.o(.init_array)
    SHT$$INIT_ARRAY$$Limit                   0x08005030   Number         0  init_aeabi.o(.init_array)
    __aeabi_stdin                            0x20000000   Data           4  stdio_streams.o(.data)
    __aeabi_stdout                           0x20000004   Data           4  stdio_streams.o(.data)
    __aeabi_stderr                           0x20000008   Data           4  stdio_streams.o(.data)
    SystemCoreClock                          0x2000000c   Data           4  system_stm32g0xx.o(.data.SystemCoreClock)
    uwTickFreq                               0x20000010   Data           1  stm32g0xx_hal.o(.data.uwTickFreq)
    uwTickPrio                               0x20000014   Data           4  stm32g0xx_hal.o(.data.uwTickPrio)
    __stdin                                  0x20000018   Data          84  stdio_streams.o(.bss)
    __stdout                                 0x2000006c   Data          84  stdio_streams.o(.bss)
    __stderr                                 0x200000c0   Data          84  stdio_streams.o(.bss)
    __libspace_start                         0x20000114   Data          96  libspace.o(.bss)
    __cxa_new_handler                        0x20000174   Data           4  cxa_default_handlers.cpp.o(.bss.__cxa_new_handler)
    __temporary_stack_top$libspace           0x20000174   Data           0  libspace.o(.bss)
    black                                    0x20000178   Data          16  ws2812.o(.bss.black)
    blue                                     0x20000188   Data          16  ws2812.o(.bss.blue)
    htim1                                    0x20000198   Data          76  tim.o(.bss.htim1)
    htim14                                   0x200001e4   Data          76  tim.o(.bss.htim14)
    htim16                                   0x20000230   Data          76  tim.o(.bss.htim16)
    htim3                                    0x2000027c   Data          76  tim.o(.bss.htim3)
    huart1                                   0x200002c8   Data         148  usart.o(.bss.huart1)
    key1                                     0x2000035c   Data           8  ws2812.o(.bss.key1)
    red                                      0x20000364   Data          16  ws2812.o(.bss.red)
    uwTick                                   0x20000374   Data           4  stm32g0xx_hal.o(.bss.uwTick)



==============================================================================

Memory Map of the image

  Image Entry point : 0x080000c1

  Load Region LR_IROM1 (Base: 0x08000000, Size: 0x00005048, Max: 0x00008000, ABSOLUTE)

    Execution Region ER_IROM1 (Exec base: 0x08000000, Load base: 0x08000000, Size: 0x00005030, Max: 0x00008000, ABSOLUTE)

    Exec Addr    Load Addr    Size         Type   Attr      Idx    E Section Name        Object

    0x08000000   0x08000000   0x000000c0   Data   RO            3    RESET               startup_stm32g030xx.o
    0x080000c0   0x080000c0   0x00000008   Code   RO         1134  * !!!main             c_p.l(__main.o)
    0x080000c8   0x080000c8   0x00000054   Code   RO         1762    !!!scatter          c_p.l(__scatter.o)
    0x0800011c   0x0800011c   0x0000001a   Code   RO         1766    !!handler_copy      c_p.l(__scatter_copy.o)
    0x08000136   0x08000136   0x00000002   PAD
    0x08000138   0x08000138   0x00000002   Code   RO         1763    !!handler_null      c_p.l(__scatter.o)
    0x0800013a   0x0800013a   0x00000002   PAD
    0x0800013c   0x0800013c   0x0000001c   Code   RO         1768    !!handler_zi        c_p.l(__scatter_zi.o)
    0x08000158   0x08000158   0x00000002   Code   RO         1475    .ARM.Collect$$_printf_percent$$00000000  c_p.l(_printf_percent.o)
    0x0800015a   0x0800015a   0x0000000a   Code   RO         1464    .ARM.Collect$$_printf_percent$$00000001  c_p.l(_printf_n.o)
    0x08000164   0x08000164   0x0000000a   Code   RO         1466    .ARM.Collect$$_printf_percent$$00000002  c_p.l(_printf_p.o)
    0x0800016e   0x0800016e   0x0000000a   Code   RO         1471    .ARM.Collect$$_printf_percent$$00000003  c_p.l(_printf_f.o)
    0x08000178   0x08000178   0x0000000a   Code   RO         1472    .ARM.Collect$$_printf_percent$$00000004  c_p.l(_printf_e.o)
    0x08000182   0x08000182   0x0000000a   Code   RO         1473    .ARM.Collect$$_printf_percent$$00000005  c_p.l(_printf_g.o)
    0x0800018c   0x0800018c   0x0000000a   Code   RO         1474    .ARM.Collect$$_printf_percent$$00000006  c_p.l(_printf_a.o)
    0x08000196   0x08000196   0x0000000a   Code   RO         1479    .ARM.Collect$$_printf_percent$$00000007  c_p.l(_printf_ll.o)
    0x080001a0   0x080001a0   0x0000000a   Code   RO         1468    .ARM.Collect$$_printf_percent$$00000008  c_p.l(_printf_i.o)
    0x080001aa   0x080001aa   0x0000000a   Code   RO         1469    .ARM.Collect$$_printf_percent$$00000009  c_p.l(_printf_d.o)
    0x080001b4   0x080001b4   0x0000000a   Code   RO         1470    .ARM.Collect$$_printf_percent$$0000000A  c_p.l(_printf_u.o)
    0x080001be   0x080001be   0x0000000a   Code   RO         1467    .ARM.Collect$$_printf_percent$$0000000B  c_p.l(_printf_o.o)
    0x080001c8   0x080001c8   0x0000000a   Code   RO         1465    .ARM.Collect$$_printf_percent$$0000000C  c_p.l(_printf_x.o)
    0x080001d2   0x080001d2   0x0000000a   Code   RO         1476    .ARM.Collect$$_printf_percent$$0000000D  c_p.l(_printf_lli.o)
    0x080001dc   0x080001dc   0x0000000a   Code   RO         1477    .ARM.Collect$$_printf_percent$$0000000E  c_p.l(_printf_lld.o)
    0x080001e6   0x080001e6   0x0000000a   Code   RO         1478    .ARM.Collect$$_printf_percent$$0000000F  c_p.l(_printf_llu.o)
    0x080001f0   0x080001f0   0x0000000a   Code   RO         1483    .ARM.Collect$$_printf_percent$$00000010  c_p.l(_printf_llo.o)
    0x080001fa   0x080001fa   0x0000000a   Code   RO         1484    .ARM.Collect$$_printf_percent$$00000011  c_p.l(_printf_llx.o)
    0x08000204   0x08000204   0x0000000a   Code   RO         1480    .ARM.Collect$$_printf_percent$$00000012  c_p.l(_printf_l.o)
    0x0800020e   0x0800020e   0x0000000a   Code   RO         1462    .ARM.Collect$$_printf_percent$$00000013  c_p.l(_printf_c.o)
    0x08000218   0x08000218   0x0000000a   Code   RO         1463    .ARM.Collect$$_printf_percent$$00000014  c_p.l(_printf_s.o)
    0x08000222   0x08000222   0x0000000a   Code   RO         1481    .ARM.Collect$$_printf_percent$$00000015  c_p.l(_printf_lc.o)
    0x0800022c   0x0800022c   0x0000000a   Code   RO         1482    .ARM.Collect$$_printf_percent$$00000016  c_p.l(_printf_ls.o)
    0x08000236   0x08000236   0x00000004   Code   RO         1568    .ARM.Collect$$_printf_percent$$00000017  c_p.l(_printf_percent_end.o)
    0x0800023a   0x0800023a   0x00000002   Code   RO         1624    .ARM.Collect$$libinit$$00000000  c_p.l(libinit.o)
    0x0800023c   0x0800023c   0x00000000   Code   RO         1274    .ARM.Collect$$libinit$$00000002  c_p.l(libinit2.o)
    0x0800023c   0x0800023c   0x00000000   Code   RO         1276    .ARM.Collect$$libinit$$00000004  c_p.l(libinit2.o)
    0x0800023c   0x0800023c   0x00000000   Code   RO         1278    .ARM.Collect$$libinit$$00000006  c_p.l(libinit2.o)
    0x0800023c   0x0800023c   0x00000008   Code   RO         1279    .ARM.Collect$$libinit$$00000007  c_p.l(libinit2.o)
    0x08000244   0x08000244   0x00000000   Code   RO         1281    .ARM.Collect$$libinit$$0000000C  c_p.l(libinit2.o)
    0x08000244   0x08000244   0x00000000   Code   RO         1283    .ARM.Collect$$libinit$$0000000E  c_p.l(libinit2.o)
    0x08000244   0x08000244   0x00000000   Code   RO         1285    .ARM.Collect$$libinit$$00000010  c_p.l(libinit2.o)
    0x08000244   0x08000244   0x00000006   Code   RO         1286    .ARM.Collect$$libinit$$00000011  c_p.l(libinit2.o)
    0x0800024a   0x0800024a   0x00000000   Code   RO         1288    .ARM.Collect$$libinit$$00000013  c_p.l(libinit2.o)
    0x0800024a   0x0800024a   0x0000000c   Code   RO         1289    .ARM.Collect$$libinit$$00000014  c_p.l(libinit2.o)
    0x08000256   0x08000256   0x00000000   Code   RO         1290    .ARM.Collect$$libinit$$00000015  c_p.l(libinit2.o)
    0x08000256   0x08000256   0x00000000   Code   RO         1292    .ARM.Collect$$libinit$$00000017  c_p.l(libinit2.o)
    0x08000256   0x08000256   0x0000000a   Code   RO         1293    .ARM.Collect$$libinit$$00000018  c_p.l(libinit2.o)
    0x08000260   0x08000260   0x00000000   Code   RO         1294    .ARM.Collect$$libinit$$00000019  c_p.l(libinit2.o)
    0x08000260   0x08000260   0x00000000   Code   RO         1296    .ARM.Collect$$libinit$$0000001B  c_p.l(libinit2.o)
    0x08000260   0x08000260   0x00000000   Code   RO         1298    .ARM.Collect$$libinit$$0000001D  c_p.l(libinit2.o)
    0x08000260   0x08000260   0x00000000   Code   RO         1300    .ARM.Collect$$libinit$$0000001F  c_p.l(libinit2.o)
    0x08000260   0x08000260   0x00000000   Code   RO         1302    .ARM.Collect$$libinit$$00000021  c_p.l(libinit2.o)
    0x08000260   0x08000260   0x00000000   Code   RO         1304    .ARM.Collect$$libinit$$00000023  c_p.l(libinit2.o)
    0x08000260   0x08000260   0x00000000   Code   RO         1306    .ARM.Collect$$libinit$$00000025  c_p.l(libinit2.o)
    0x08000260   0x08000260   0x00000004   Code   RO         1307    .ARM.Collect$$libinit$$00000026  c_p.l(libinit2.o)
    0x08000264   0x08000264   0x00000000   Code   RO         1308    .ARM.Collect$$libinit$$00000027  c_p.l(libinit2.o)
    0x08000264   0x08000264   0x00000000   Code   RO         1312    .ARM.Collect$$libinit$$0000002E  c_p.l(libinit2.o)
    0x08000264   0x08000264   0x00000000   Code   RO         1314    .ARM.Collect$$libinit$$00000030  c_p.l(libinit2.o)
    0x08000264   0x08000264   0x00000000   Code   RO         1316    .ARM.Collect$$libinit$$00000032  c_p.l(libinit2.o)
    0x08000264   0x08000264   0x00000004   Code   RO         1317    .ARM.Collect$$libinit$$00000033  c_p.l(libinit2.o)
    0x08000268   0x08000268   0x00000000   Code   RO         1318    .ARM.Collect$$libinit$$00000034  c_p.l(libinit2.o)
    0x08000268   0x08000268   0x00000002   Code   RO         1319    .ARM.Collect$$libinit$$00000035  c_p.l(libinit2.o)
    0x0800026a   0x0800026a   0x00000002   Code   RO         1759    .ARM.Collect$$libshutdown$$00000000  c_p.l(libshutdown.o)
    0x0800026c   0x0800026c   0x00000006   Code   RO         1625    .ARM.Collect$$libshutdown$$00000001  c_p.l(libshutdown2.o)
    0x08000272   0x08000272   0x00000000   Code   RO         1626    .ARM.Collect$$libshutdown$$00000002  c_p.l(libshutdown2.o)
    0x08000272   0x08000272   0x00000004   Code   RO         1627    .ARM.Collect$$libshutdown$$00000003  c_p.l(libshutdown2.o)
    0x08000276   0x08000276   0x00000000   Code   RO         1628    .ARM.Collect$$libshutdown$$00000004  c_p.l(libshutdown2.o)
    0x08000276   0x08000276   0x00000000   Code   RO         1631    .ARM.Collect$$libshutdown$$00000007  c_p.l(libshutdown2.o)
    0x08000276   0x08000276   0x00000000   Code   RO         1634    .ARM.Collect$$libshutdown$$0000000A  c_p.l(libshutdown2.o)
    0x08000276   0x08000276   0x00000000   Code   RO         1636    .ARM.Collect$$libshutdown$$0000000C  c_p.l(libshutdown2.o)
    0x08000276   0x08000276   0x00000000   Code   RO         1639    .ARM.Collect$$libshutdown$$0000000F  c_p.l(libshutdown2.o)
    0x08000276   0x08000276   0x00000002   Code   RO         1640    .ARM.Collect$$libshutdown$$00000010  c_p.l(libshutdown2.o)
    0x08000278   0x08000278   0x00000000   Code   RO         1186    .ARM.Collect$$rtentry$$00000000  c_p.l(__rtentry.o)
    0x08000278   0x08000278   0x00000000   Code   RO         1352    .ARM.Collect$$rtentry$$00000002  c_p.l(__rtentry2.o)
    0x08000278   0x08000278   0x00000006   Code   RO         1364    .ARM.Collect$$rtentry$$00000004  c_p.l(__rtentry4.o)
    0x0800027e   0x0800027e   0x00000000   Code   RO         1354    .ARM.Collect$$rtentry$$00000009  c_p.l(__rtentry2.o)
    0x0800027e   0x0800027e   0x00000004   Code   RO         1355    .ARM.Collect$$rtentry$$0000000A  c_p.l(__rtentry2.o)
    0x08000282   0x08000282   0x00000000   Code   RO         1357    .ARM.Collect$$rtentry$$0000000C  c_p.l(__rtentry2.o)
    0x08000282   0x08000282   0x00000008   Code   RO         1358    .ARM.Collect$$rtentry$$0000000D  c_p.l(__rtentry2.o)
    0x0800028a   0x0800028a   0x00000002   Code   RO         1646    .ARM.Collect$$rtexit$$00000000  c_p.l(rtexit.o)
    0x0800028c   0x0800028c   0x00000000   Code   RO         1701    .ARM.Collect$$rtexit$$00000002  c_p.l(rtexit2.o)
    0x0800028c   0x0800028c   0x00000004   Code   RO         1702    .ARM.Collect$$rtexit$$00000003  c_p.l(rtexit2.o)
    0x08000290   0x08000290   0x00000006   Code   RO         1703    .ARM.Collect$$rtexit$$00000004  c_p.l(rtexit2.o)
    0x08000296   0x08000296   0x00000002   PAD
    0x08000298   0x08000298   0x00000038   Code   RO         1118    .emb_text           c_p.l(rt_memcpy.o)
    0x080002d0   0x080002d0   0x00000038   Code   RO            4    .text               startup_stm32g030xx.o
    0x08000308   0x08000308   0x0000000e   Code   RO         1115    .text               c_p.l(cxa_atexit.o)
    0x08000316   0x08000316   0x00000040   Code   RO         1122    .text               c_p.l(rt_memclr.o)
    0x08000356   0x08000356   0x00000002   PAD
    0x08000358   0x08000358   0x000001f8   Code   RO         1124    .text               c_p.l(aeabi_sdivfast.o)
    0x08000550   0x08000550   0x00000006   Code   RO         1132    .text               c_p.l(heapauxi.o)
    0x08000556   0x08000556   0x00000002   PAD
    0x08000558   0x08000558   0x0000002c   Code   RO         1139    .text               c_p.l(init_aeabi.o)
    0x08000584   0x08000584   0x00000062   Code   RO         1195    .text               c_p.l(h1_alloc.o)
    0x080005e6   0x080005e6   0x0000004c   Code   RO         1197    .text               c_p.l(h1_free.o)
    0x08000632   0x08000632   0x000000a4   Code   RO         1199    .text               c_p.l(h1_memalign.o)
    0x080006d6   0x080006d6   0x0000000e   Code   RO         1257    .text               c_p.l(vfprintf.o)
    0x080006e4   0x080006e4   0x00000014   Code   RO         1265    .text               c_p.l(abort.o)
    0x080006f8   0x080006f8   0x0000002a   Code   RO         1270    .text               c_p.l(aeabi_atexit.o)
    0x08000722   0x08000722   0x00000002   PAD
    0x08000724   0x08000724   0x0000000c   Code   RO         1345    .text               c_p.l(sys_exit.o)
    0x08000730   0x08000730   0x00000008   Code   RO         1371    .text               c_p.l(rt_heap_descriptor_intlibspace.o)
    0x08000738   0x08000738   0x00000008   Code   RO         1376    .text               c_p.l(rt_ddtor_pointer_addr_intlibspace.o)
    0x08000740   0x08000740   0x00000004   Code   RO         1378    .text               c_p.l(hguard.o)
    0x08000744   0x08000744   0x00000088   Code   RO         1380    .text               c_p.l(init_alloc.o)
    0x080007cc   0x080007cc   0x0000000c   Code   RO         1384    .text               c_p.l(h1_init.o)
    0x080007d8   0x080007d8   0x0000004e   Code   RO         1398    .text               c_p.l(_printf_pad.o)
    0x08000826   0x08000826   0x00000024   Code   RO         1400    .text               c_p.l(_printf_truncate.o)
    0x0800084a   0x0800084a   0x00000052   Code   RO         1402    .text               c_p.l(_printf_str.o)
    0x0800089c   0x0800089c   0x0000006c   Code   RO         1404    .text               c_p.l(_printf_dec.o)
    0x08000908   0x08000908   0x00000026   Code   RO         1406    .text               c_p.l(_printf_charcount.o)
    0x0800092e   0x0800092e   0x00000002   PAD
    0x08000930   0x08000930   0x00000028   Code   RO         1408    .text               c_p.l(_printf_char_file.o)
    0x08000958   0x08000958   0x000000bc   Code   RO         1410    .text               c_p.l(_printf_wctomb.o)
    0x08000a14   0x08000a14   0x00000070   Code   RO         1413    .text               c_p.l(_printf_longlong_dec.o)
    0x08000a84   0x08000a84   0x00000070   Code   RO         1419    .text               c_p.l(_printf_oct_int_ll.o)
    0x08000af4   0x08000af4   0x00000098   Code   RO         1439    .text               c_p.l(_printf_hex_int_ll_ptr.o)
    0x08000b8c   0x08000b8c   0x00000188   Code   RO         1459    .text               c_p.l(__printf_flags_ss_wp.o)
    0x08000d14   0x08000d14   0x0000013c   Code   RO         1485    .text               c_p.l(initio.o)
    0x08000e50   0x08000e50   0x00000042   Code   RO         1489    .text               c_p.l(cxa_finalize.o)
    0x08000e92   0x08000e92   0x0000000c   Code   RO         1492    .text               c_p.l(defsig_abrt_outer.o)
    0x08000e9e   0x08000e9e   0x00000002   PAD
    0x08000ea0   0x08000ea0   0x00000008   Code   RO         1532    .text               c_p.l(libspace.o)
    0x08000ea8   0x08000ea8   0x00000002   Code   RO         1535    .text               c_p.l(use_no_semi.o)
    0x08000eaa   0x08000eaa   0x00000000   Code   RO         1537    .text               c_p.l(indicate_semi.o)
    0x08000eaa   0x08000eaa   0x0000003e   Code   RO         1538    .text               c_p.l(sys_stackheap_outer.o)
    0x08000ee8   0x08000ee8   0x00000000   Code   RO         1545    .text               c_p.l(maybetermalloc1.o)
    0x08000ee8   0x08000ee8   0x00000034   Code   RO         1547    .text               c_p.l(h1_extend.o)
    0x08000f1c   0x08000f1c   0x0000007a   Code   RO         1551    .text               c_p.l(lludiv10.o)
    0x08000f96   0x08000f96   0x000000b0   Code   RO         1553    .text               c_p.l(_printf_intcommon.o)
    0x08001046   0x08001046   0x00000002   PAD
    0x08001048   0x08001048   0x00000414   Code   RO         1555    .text               c_p.l(_printf_fp_dec.o)
    0x0800145c   0x0800145c   0x000002d8   Code   RO         1559    .text               c_p.l(_printf_fp_hex.o)
    0x08001734   0x08001734   0x00000030   Code   RO         1562    .text               c_p.l(_printf_char_common.o)
    0x08001764   0x08001764   0x0000002e   Code   RO         1564    .text               c_p.l(_printf_char.o)
    0x08001792   0x08001792   0x0000002e   Code   RO         1566    .text               c_p.l(_printf_wchar.o)
    0x080017c0   0x080017c0   0x00000008   Code   RO         1569    .text               c_p.l(ferror.o)
    0x080017c8   0x080017c8   0x0000004c   Code   RO         1575    .text               c_p.l(setvbuf.o)
    0x08001814   0x08001814   0x000000f0   Code   RO         1578    .text               c_p.l(fopen.o)
    0x08001904   0x08001904   0x00000048   Code   RO         1580    .text               c_p.l(fclose.o)
    0x0800194c   0x0800194c   0x00000042   Code   RO         1590    .text               c_p.l(_c16rtomb.o)
    0x0800198e   0x0800198e   0x00000010   Code   RO         1592    .text               c_p.l(exit.o)
    0x0800199e   0x0800199e   0x0000000c   Code   RO         1594    .text               c_p.l(defsig_exit.o)
    0x080019aa   0x080019aa   0x00000002   PAD
    0x080019ac   0x080019ac   0x00000030   Code   RO         1596    .text               c_p.l(defsig_abrt_inner.o)
    0x080019dc   0x080019dc   0x0000000c   Code   RO         1602    .text               c_p.l(defsig_rtred_outer.o)
    0x080019e8   0x080019e8   0x0000000c   Code   RO         1606    .text               c_p.l(defsig_rtmem_outer.o)
    0x080019f4   0x080019f4   0x00000028   Code   RO         1610    .text               c_p.l(rtudiv10.o)
    0x08001a1c   0x08001a1c   0x00000066   Code   RO         1641    .text               c_p.l(sys_io.o)
    0x08001a82   0x08001a82   0x00000002   PAD
    0x08001a84   0x08001a84   0x00000010   Code   RO         1648    .text               c_p.l(rt_ctype_table.o)
    0x08001a94   0x08001a94   0x00000008   Code   RO         1653    .text               c_p.l(rt_locale_intlibspace.o)
    0x08001a9c   0x08001a9c   0x00000088   Code   RO         1657    .text               c_p.l(_printf_fp_infnan.o)
    0x08001b24   0x08001b24   0x000000d8   Code   RO         1661    .text               c_p.l(bigflt0.o)
    0x08001bfc   0x08001bfc   0x00000580   Code   RO         1664    .text               c_p.l(btod.o)
    0x0800217c   0x0800217c   0x000001f4   Code   RO         1670    .text               c_p.l(flsbuf.o)
    0x08002370   0x08002370   0x000000f4   Code   RO         1672    .text               c_p.l(fseek.o)
    0x08002464   0x08002464   0x0000010c   Code   RO         1674    .text               c_p.l(stdio.o)
    0x08002570   0x08002570   0x00000034   Code   RO         1681    .text               c_p.l(defsig_general.o)
    0x080025a4   0x080025a4   0x00000034   Code   RO         1685    .text               c_p.l(defsig_rtred_inner.o)
    0x080025d8   0x080025d8   0x00000050   Code   RO         1687    .text               c_p.l(defsig_rtmem_inner.o)
    0x08002628   0x08002628   0x0000000c   Code   RO         1696    .text               c_p.l(sys_wrch.o)
    0x08002634   0x08002634   0x00000042   Code   RO         1715    .text               c_p.l(ftell.o)
    0x08002676   0x08002676   0x00000002   PAD
    0x08002678   0x08002678   0x00000044   Code   RO         1728    .text               c_p.l(strlen.o)
    0x080026bc   0x080026bc   0x000000b0   Code   RO         1730    .text               c_p.l(strcmpv6m.o)
    0x0800276c   0x0800276c   0x00000008   Code   RO         1735    .text               c_p.l(rt_errno_addr_intlibspace.o)
    0x08002774   0x08002774   0x00000008   Code   RO           93    .text.Error_Handler  main.o
    0x0800277c   0x0800277c   0x0000019c   Code   RO          551    .text.HAL_GPIO_Init  stm32g0xx_hal_gpio.o
    0x08002918   0x08002918   0x0000000a   Code   RO          555    .text.HAL_GPIO_ReadPin  stm32g0xx_hal_gpio.o
    0x08002922   0x08002922   0x00000002   PAD
    0x08002924   0x08002924   0x00000008   Code   RO          753    .text.HAL_GetTick   stm32g0xx_hal.o
    0x0800292c   0x0800292c   0x00000014   Code   RO          751    .text.HAL_IncTick   stm32g0xx_hal.o
    0x08002940   0x08002940   0x0000002c   Code   RO          741    .text.HAL_Init      stm32g0xx_hal.o
    0x0800296c   0x0800296c   0x00000048   Code   RO          743    .text.HAL_InitTick  stm32g0xx_hal.o
    0x080029b4   0x080029b4   0x0000002c   Code   RO           81    .text.HAL_MspInit   stm32g0xx_hal_msp.o
    0x080029e0   0x080029e0   0x00000038   Code   RO          699    .text.HAL_NVIC_SetPriority  stm32g0xx_hal_cortex.o
    0x08002a18   0x08002a18   0x0000005c   Code   RO          685    .text.HAL_PWREx_ControlVoltageScaling  stm32g0xx_hal_pwr_ex.o
    0x08002a74   0x08002a74   0x00000174   Code   RO          475    .text.HAL_RCCEx_PeriphCLKConfig  stm32g0xx_hal_rcc_ex.o
    0x08002be8   0x08002be8   0x000001ec   Code   RO          439    .text.HAL_RCC_ClockConfig  stm32g0xx_hal_rcc.o
    0x08002dd4   0x08002dd4   0x00000024   Code   RO          447    .text.HAL_RCC_GetPCLK1Freq  stm32g0xx_hal_rcc.o
    0x08002df8   0x08002df8   0x00000088   Code   RO          441    .text.HAL_RCC_GetSysClockFreq  stm32g0xx_hal_rcc.o
    0x08002e80   0x08002e80   0x0000041c   Code   RO          437    .text.HAL_RCC_OscConfig  stm32g0xx_hal_rcc.o
    0x0800329c   0x0800329c   0x00000034   Code   RO          707    .text.HAL_SYSTICK_Config  stm32g0xx_hal_cortex.o
    0x080032d0   0x080032d0   0x000000c4   Code   RO          401    .text.HAL_TIMEx_ConfigBreakDeadTime  stm32g0xx_hal_tim_ex.o
    0x08003394   0x08003394   0x0000005c   Code   RO          399    .text.HAL_TIMEx_MasterConfigSynchronization  stm32g0xx_hal_tim_ex.o
    0x080033f0   0x080033f0   0x000000cc   Code   RO          104    .text.HAL_TIM_Base_Init  stm32g0xx_hal_tim.o
    0x080034bc   0x080034bc   0x00000048   Code   RO           31    .text.HAL_TIM_Base_MspInit  tim.o
    0x08003504   0x08003504   0x00000098   Code   RO           21    .text.HAL_TIM_MspPostInit  tim.o
    0x0800359c   0x0800359c   0x00000360   Code   RO          258    .text.HAL_TIM_PWM_ConfigChannel  stm32g0xx_hal_tim.o
    0x080038fc   0x080038fc   0x000000d4   Code   RO          158    .text.HAL_TIM_PWM_Init  stm32g0xx_hal_tim.o
    0x080039d0   0x080039d0   0x0000004c   Code   RO           29    .text.HAL_TIM_PWM_MspInit  tim.o
    0x08003a1c   0x08003a1c   0x00000036   Code   RO          997    .text.HAL_UARTEx_DisableFifoMode  stm32g0xx_hal_uart_ex.o
    0x08003a52   0x08003a52   0x00000002   PAD
    0x08003a54   0x08003a54   0x00000080   Code   RO         1001    .text.HAL_UARTEx_SetRxFifoThreshold  stm32g0xx_hal_uart_ex.o
    0x08003ad4   0x08003ad4   0x00000088   Code   RO          999    .text.HAL_UARTEx_SetTxFifoThreshold  stm32g0xx_hal_uart_ex.o
    0x08003b5c   0x08003b5c   0x00000070   Code   RO          836    .text.HAL_UART_Init  stm32g0xx_hal_uart.o
    0x08003bcc   0x08003bcc   0x0000007c   Code   RO           51    .text.HAL_UART_MspInit  usart.o
    0x08003c48   0x08003c48   0x00000002   Code   RO           66    .text.HardFault_Handler  stm32g0xx_it.o
    0x08003c4a   0x08003c4a   0x0000000e   Code   RO         1037    .text.Key1_State    key.o
    0x08003c58   0x08003c58   0x00000070   Code   RO           11    .text.MX_GPIO_Init  gpio.o
    0x08003cc8   0x08003cc8   0x00000030   Code   RO           25    .text.MX_TIM14_Init  tim.o
    0x08003cf8   0x08003cf8   0x000000a8   Code   RO           27    .text.MX_TIM16_Init  tim.o
    0x08003da0   0x08003da0   0x000000bc   Code   RO           19    .text.MX_TIM1_Init  tim.o
    0x08003e5c   0x08003e5c   0x0000007c   Code   RO           23    .text.MX_TIM3_Init  tim.o
    0x08003ed8   0x08003ed8   0x00000068   Code   RO           49    .text.MX_USART1_UART_Init  usart.o
    0x08003f40   0x08003f40   0x00000002   Code   RO           64    .text.NMI_Handler   stm32g0xx_it.o
    0x08003f42   0x08003f42   0x00000002   Code   RO           70    .text.PendSV_Handler  stm32g0xx_it.o
    0x08003f44   0x08003f44   0x00000002   Code   RO           68    .text.SVC_Handler   stm32g0xx_it.o
    0x08003f46   0x08003f46   0x00000008   Code   RO           72    .text.SysTick_Handler  stm32g0xx_it.o
    0x08003f4e   0x08003f4e   0x00000002   Code   RO         1020    .text.SystemInit    system_stm32g0xx.o
    0x08003f50   0x08003f50   0x000000d2   Code   RO          840    .text.UART_AdvFeatureConfig  stm32g0xx_hal_uart.o
    0x08004022   0x08004022   0x00000002   PAD
    0x08004024   0x08004024   0x000000c4   Code   RO          844    .text.UART_CheckIdleState  stm32g0xx_hal_uart.o
    0x080040e8   0x080040e8   0x0000018c   Code   RO          842    .text.UART_SetConfig  stm32g0xx_hal_uart.o
    0x08004274   0x08004274   0x00000148   Code   RO          858    .text.UART_WaitOnFlagUntilTimeout  stm32g0xx_hal_uart.o
    0x080043bc   0x080043bc   0x00000074   Code   RO         1069    .text._GLOBAL__sub_I_ws2812.cpp  ws2812.o
    0x08004430   0x08004430   0x00000026   Code   RO         1145    .text._ZL17operator_new_implj  libcpp_p.l(new.cpp.o)
    0x08004456   0x08004456   0x00000040   Code   RO         1163    .text._ZL25operator_new_aligned_impljSt11align_val_t  libcpp_p.l(new.cpp.o)
    0x08004496   0x08004496   0x00000020   Code   RO         1035    .text._ZN3KeyC2EPFhvE  key.o
    0x080044b6   0x080044b6   0x00000106   Code   RO         1055    .text._ZN6WS2812C2Eh17RGB_Color_TypeDef  ws2812.o
    0x080045bc   0x080045bc   0x00000038   Code   RO         1089    .text._ZN6WS2812D2Ev  ws2812.o
    0x080045f4   0x080045f4   0x00000008   Code   RO         1095    .text._ZNKSt3__26vectorINS0_IjNS_9allocatorIjEEEENS1_IS3_EEE20__throw_length_errorB8nn190000Ev  ws2812.o
    0x080045fc   0x080045fc   0x0000000c   Code   RO         1103    .text._ZNKSt3__26vectorIjNS_9allocatorIjEEE20__throw_length_errorB8nn190000Ev  ws2812.o
    0x08004608   0x08004608   0x0000000c   Code   RO         1097    .text._ZNSt3__220__throw_length_errorB8nn190000EPKc  ws2812.o
    0x08004614   0x08004614   0x00000020   Code   RO         1183    .text._ZNSt3__222__libcpp_verbose_abortEPKcz  libcpp_p.l(verbose_abort.cpp.o)
    0x08004634   0x08004634   0x0000012c   Code   RO         1093    .text._ZNSt3__26vectorINS0_IjNS_9allocatorIjEEEENS1_IS3_EEE8__appendEj  ws2812.o
    0x08004760   0x08004760   0x000000ac   Code   RO         1091    .text._ZNSt3__26vectorIjNS_9allocatorIjEEE6assignEjRKj  ws2812.o
    0x0800480c   0x0800480c   0x000000b4   Code   RO         1101    .text._ZNSt3__26vectorIjNS_9allocatorIjEEE8__appendEjRKj  ws2812.o
    0x080048c0   0x080048c0   0x0000000c   Code   RO         1342    .text._ZSt15get_new_handlerv  libcppabi_p.l(cxa_handlers.cpp.o)
    0x080048cc   0x080048cc   0x00000038   Code   RO         1325    .text._ZSt17__throw_bad_allocv  libcpp_p.l(new_helpers.cpp.o)
    0x08004904   0x08004904   0x00000040   Code   RO         1099    .text._ZSt28__throw_bad_array_new_lengthB8nn190000v  ws2812.o
    0x08004944   0x08004944   0x00000008   Code   RO         1151    .text._ZdlPv        libcpp_p.l(new.cpp.o)
    0x0800494c   0x0800494c   0x0000008c   Code   RO           89    .text.main          main.o
    0x080049d8   0x080049d8   0x000001f6   Code   RO         1125    .text_divfast       c_p.l(aeabi_sdivfast.o)
    0x08004bce   0x08004bce   0x00000030   Code   RO         1143    __lcxx_override     libcpp_p.l(new.cpp.o)
    0x08004bfe   0x08004bfe   0x00000030   Code   RO         1666    i.__ARM_common_ll_muluu  c_p.l(btod.o)
    0x08004c2e   0x08004c2e   0x00000002   PAD
    0x08004c30   0x08004c30   0x0000002c   Code   RO         1694    i.__ARM_fpclassify  m_ps.l(fpclassify.o)
    0x08004c5c   0x08004c5c   0x0000000e   Code   RO         1452    i._is_digit         c_p.l(__printf_wp.o)
    0x08004c6a   0x08004c6a   0x00000020   Code   RO         1572    i.fputc             c_p.l(fputc.o)
    0x08004c8a   0x08004c8a   0x00000002   PAD
    0x08004c8c   0x08004c8c   0x0000002c   Code   RO         1677    locale$$code        c_p.l(lc_numeric_c.o)
    0x08004cb8   0x08004cb8   0x0000002c   Code   RO         1722    locale$$code        c_p.l(lc_ctype_c.o)
    0x08004ce4   0x08004ce4   0x00000010   Code   RO         1502    x$fpl$printf1       fz_ps.l(printf1.o)
    0x08004cf4   0x08004cf4   0x00000010   Code   RO         1504    x$fpl$printf2       fz_ps.l(printf2.o)
    0x08004d04   0x08004d04   0x00000000   Code   RO         1693    x$fpl$usenofp       fz_ps.l(usenofp.o)
    0x08004d04   0x08004d04   0x00000008   Data   RO         1411    .constdata          c_p.l(_printf_wctomb.o)
    0x08004d0c   0x08004d0c   0x00000028   Data   RO         1440    .constdata          c_p.l(_printf_hex_int_ll_ptr.o)
    0x08004d34   0x08004d34   0x00000011   Data   RO         1460    .constdata          c_p.l(__printf_flags_ss_wp.o)
    0x08004d45   0x08004d45   0x00000004   Data   RO         1527    .constdata          c_p.l(sys_io_names.o)
    0x08004d49   0x08004d49   0x00000004   Data   RO         1528    .constdata          c_p.l(sys_io_names.o)
    0x08004d4d   0x08004d4d   0x00000004   Data   RO         1529    .constdata          c_p.l(sys_io_names.o)
    0x08004d51   0x08004d51   0x00000026   Data   RO         1560    .constdata          c_p.l(_printf_fp_hex.o)
    0x08004d77   0x08004d77   0x00000001   PAD
    0x08004d78   0x08004d78   0x00000094   Data   RO         1662    .constdata          c_p.l(bigflt0.o)
    0x08004e0c   0x08004e0c   0x00000040   Data   RO         1025    .rodata.AHBPrescTable  system_stm32g0xx.o
    0x08004e4c   0x08004e4c   0x00000020   Data   RO         1026    .rodata.APBPrescTable  system_stm32g0xx.o
    0x08004e6c   0x08004e6c   0x00000018   Data   RO          970    .rodata.UARTPrescTable  stm32g0xx_hal_uart.o
    0x08004e84   0x08004e84   0x00000010   Data   RO         1011    .rodata.cst8        stm32g0xx_hal_uart_ex.o
    0x08004e94   0x08004e94   0x00000049   Data   RO         1080    .rodata.str1.1      ws2812.o
    0x08004edd   0x08004edd   0x00000003   PAD
    0x08004ee0   0x08004ee0   0x00000020   Data   RO         1761    Region$$Table       anon$$obj.o
    0x08004f00   0x08004f00   0x0000001c   Data   RO         1676    locale$$data        c_p.l(lc_numeric_c.o)
    0x08004f1c   0x08004f1c   0x00000110   Data   RO         1721    locale$$data        c_p.l(lc_ctype_c.o)
    0x0800502c   0x0800502c   0x00000004   Data   RO         1081    .init_array         ws2812.o
    0x08005030   0x0800502c   0x00000000   Data   RO         1137    .init_array         c_p.l(init_aeabi.o)


    Execution Region RW_IRAM1 (Exec base: 0x20000000, Load base: 0x08005030, Size: 0x00000978, Max: 0x00002000, ABSOLUTE)

    Exec Addr    Load Addr    Size         Type   Attr      Idx    E Section Name        Object

    0x20000000   0x08005030   0x00000004   Data   RW         1262    .data               c_p.l(stdio_streams.o)
    0x20000004   0x08005034   0x00000004   Data   RW         1263    .data               c_p.l(stdio_streams.o)
    0x20000008   0x08005038   0x00000004   Data   RW         1264    .data               c_p.l(stdio_streams.o)
    0x2000000c   0x0800503c   0x00000004   Data   RW         1024    .data.SystemCoreClock  system_stm32g0xx.o
    0x20000010   0x08005040   0x00000001   Data   RW          800    .data.uwTickFreq    stm32g0xx_hal.o
    0x20000011   0x08005041   0x00000003   PAD
    0x20000014   0x08005044   0x00000004   Data   RW          799    .data.uwTickPrio    stm32g0xx_hal.o
    0x20000018        -       0x00000054   Zero   RW         1259    .bss                c_p.l(stdio_streams.o)
    0x2000006c        -       0x00000054   Zero   RW         1260    .bss                c_p.l(stdio_streams.o)
    0x200000c0        -       0x00000054   Zero   RW         1261    .bss                c_p.l(stdio_streams.o)
    0x20000114        -       0x00000060   Zero   RW         1533    .bss                c_p.l(libspace.o)
    0x20000174        -       0x00000004   Zero   RW         1523    .bss.__cxa_new_handler  libcppabi_p.l(cxa_default_handlers.cpp.o)
    0x20000178        -       0x00000010   Zero   RW         1075    .bss.black          ws2812.o
    0x20000188        -       0x00000010   Zero   RW         1073    .bss.blue           ws2812.o
    0x20000198        -       0x0000004c   Zero   RW           37    .bss.htim1          tim.o
    0x200001e4        -       0x0000004c   Zero   RW           39    .bss.htim14         tim.o
    0x20000230        -       0x0000004c   Zero   RW           40    .bss.htim16         tim.o
    0x2000027c        -       0x0000004c   Zero   RW           38    .bss.htim3          tim.o
    0x200002c8        -       0x00000094   Zero   RW           55    .bss.huart1         usart.o
    0x2000035c        -       0x00000008   Zero   RW         1077    .bss.key1           ws2812.o
    0x20000364        -       0x00000010   Zero   RW         1071    .bss.red            ws2812.o
    0x20000374        -       0x00000004   Zero   RW          801    .bss.uwTick         stm32g0xx_hal.o
    0x20000378        -       0x00000200   Zero   RW            2    HEAP                startup_stm32g030xx.o
    0x20000578        -       0x00000400   Zero   RW            1    STACK               startup_stm32g030xx.o


==============================================================================

Image component sizes


      Code (inc. data)   RO Data    RW Data    ZI Data      Debug   Object Name

       112          4          0          0          0       1849   gpio.o
        46          0          0          0          0       2511   key.o
       148          0          0          0          0       2338   main.o
        56         26        192          0       1536        608   startup_stm32g030xx.o
       144         16          0          5          4       6697   stm32g0xx_hal.o
       108         20          0          0          0       6773   stm32g0xx_hal_cortex.o
       422         20          0          0          0       4703   stm32g0xx_hal_gpio.o
        44          4          0          0          0       1251   stm32g0xx_hal_msp.o
        92          8          0          0          0       4720   stm32g0xx_hal_pwr_ex.o
      1716         84          0          0          0       9125   stm32g0xx_hal_rcc.o
       372         16          0          0          0       5959   stm32g0xx_hal_rcc_ex.o
      1280         54          0          0          0      70323   stm32g0xx_hal_tim.o
       288         32          0          0          0      26959   stm32g0xx_hal_tim_ex.o
      1242         80         24          0          0      46792   stm32g0xx_hal_uart.o
       318          8         16          0          0      11890   stm32g0xx_hal_uart_ex.o
        16          0          0          0          0        692   stm32g0xx_it.o
         2          0         96          4          0       1941   system_stm32g0xx.o
       828         72          0          0        304       8973   tim.o
       228         12          0          0        148       5800   usart.o
      1182        112         77          0         56      99987   ws2812.o

    ----------------------------------------------------------------------
      8650        568        440         12       2048     319891   Object Totals
         0          0         32          0          0          0   (incl. Generated)
         6          0          3          3          0          0   (incl. Padding)

    ----------------------------------------------------------------------

      Code (inc. data)   RO Data    RW Data    ZI Data      Debug   Library Member Name

         8          0          0          0          0         68   __main.o
       392          6         17          0          0         76   __printf_flags_ss_wp.o
        14          0          0          0          0         60   __printf_wp.o
         0          0          0          0          0          0   __rtentry.o
        12          0          0          0          0          0   __rtentry2.o
         6          0          0          0          0          0   __rtentry4.o
        86         10          0          0          0          0   __scatter.o
        26          0          0          0          0          0   __scatter_copy.o
        28          0          0          0          0          0   __scatter_zi.o
        66          0          0          0          0         76   _c16rtomb.o
        10          0          0          0          0          0   _printf_a.o
        10          0          0          0          0          0   _printf_c.o
        46          0          0          0          0        100   _printf_char.o
        48          6          0          0          0         88   _printf_char_common.o
        40          6          0          0          0         72   _printf_char_file.o
        38          0          0          0          0         60   _printf_charcount.o
        10          0          0          0          0          0   _printf_d.o
       108         18          0          0          0         76   _printf_dec.o
        10          0          0          0          0          0   _printf_e.o
        10          0          0          0          0          0   _printf_f.o
      1044         12          0          0          0        116   _printf_fp_dec.o
       728         10         38          0          0         84   _printf_fp_hex.o
       136         16          0          0          0         76   _printf_fp_infnan.o
        10          0          0          0          0          0   _printf_g.o
       152          4         40          0          0        148   _printf_hex_int_ll_ptr.o
        10          0          0          0          0          0   _printf_i.o
       176          0          0          0          0         84   _printf_intcommon.o
        10          0          0          0          0          0   _printf_l.o
        10          0          0          0          0          0   _printf_lc.o
        10          0          0          0          0          0   _printf_ll.o
        10          0          0          0          0          0   _printf_lld.o
        10          0          0          0          0          0   _printf_lli.o
        10          0          0          0          0          0   _printf_llo.o
        10          0          0          0          0          0   _printf_llu.o
        10          0          0          0          0          0   _printf_llx.o
       112         18          0          0          0         76   _printf_longlong_dec.o
        10          0          0          0          0          0   _printf_ls.o
        10          0          0          0          0          0   _printf_n.o
        10          0          0          0          0          0   _printf_o.o
       112         10          0          0          0        112   _printf_oct_int_ll.o
        10          0          0          0          0          0   _printf_p.o
        78          0          0          0          0        100   _printf_pad.o
         2          0          0          0          0          0   _printf_percent.o
         4          0          0          0          0          0   _printf_percent_end.o
        10          0          0          0          0          0   _printf_s.o
        82          0          0          0          0         72   _printf_str.o
        36          0          0          0          0         76   _printf_truncate.o
        10          0          0          0          0          0   _printf_u.o
        46          0          0          0          0        100   _printf_wchar.o
       188          6          8          0          0         80   _printf_wctomb.o
        10          0          0          0          0          0   _printf_x.o
        20          0          0          0          0         68   abort.o
        42          0          0          0          0         76   aeabi_atexit.o
      1006          4          0          0          0        184   aeabi_sdivfast.o
       216          6        148          0          0         80   bigflt0.o
      1456         30          0          0          0        336   btod.o
        14          0          0          0          0         68   cxa_atexit.o
        66          0          0          0          0         76   cxa_finalize.o
        48         34          0          0          0         68   defsig_abrt_inner.o
        12          0          0          0          0         68   defsig_abrt_outer.o
        12          0          0          0          0         68   defsig_exit.o
        52          0          0          0          0         72   defsig_general.o
        80         58          0          0          0         68   defsig_rtmem_inner.o
        12          0          0          0          0         68   defsig_rtmem_outer.o
        52         38          0          0          0         68   defsig_rtred_inner.o
        12          0          0          0          0         68   defsig_rtred_outer.o
        16          0          0          0          0         68   exit.o
        72          0          0          0          0         76   fclose.o
         8          0          0          0          0         60   ferror.o
       500         10          0          0          0         76   flsbuf.o
       240         10          0          0          0        108   fopen.o
        32          0          0          0          0         68   fputc.o
       244          4          0          0          0         76   fseek.o
        66          0          0          0          0         68   ftell.o
        98          0          0          0          0         72   h1_alloc.o
        52          0          0          0          0         68   h1_extend.o
        76          0          0          0          0         72   h1_free.o
        12          0          0          0          0         76   h1_init.o
       164          0          0          0          0         88   h1_memalign.o
         6          0          0          0          0        136   heapauxi.o
         4          0          0          0          0        120   hguard.o
         0          0          0          0          0          0   indicate_semi.o
        44          8          0          0          0         72   init_aeabi.o
       136          0          0          0          0        160   init_alloc.o
       316         44          0          0          0         96   initio.o
        44         10        272          0          0         76   lc_ctype_c.o
        44         10         28          0          0         76   lc_numeric_c.o
         2          0          0          0          0          0   libinit.o
        46          0          0          0          0          0   libinit2.o
         2          0          0          0          0          0   libshutdown.o
        12          0          0          0          0          0   libshutdown2.o
         8          4          0          0         96         68   libspace.o
       122          0          0          0          0         72   lludiv10.o
         0          0          0          0          0          0   maybetermalloc1.o
        16          4          0          0          0         76   rt_ctype_table.o
         8          4          0          0          0         68   rt_ddtor_pointer_addr_intlibspace.o
         8          4          0          0          0         68   rt_errno_addr_intlibspace.o
         8          4          0          0          0         68   rt_heap_descriptor_intlibspace.o
         8          4          0          0          0         68   rt_locale_intlibspace.o
        64          0          0          0          0        108   rt_memclr.o
        56          0          0          0          0         68   rt_memcpy.o
         2          0          0          0          0          0   rtexit.o
        10          0          0          0          0          0   rtexit2.o
        40          0          0          0          0         60   rtudiv10.o
        76          4          0          0          0         72   setvbuf.o
       268         14          0          0          0        152   stdio.o
         0          0          0         12        252          0   stdio_streams.o
       176          4          0          0          0         80   strcmpv6m.o
        68          6          0          0          0         72   strlen.o
        12          4          0          0          0         60   sys_exit.o
       102          0          0          0          0        232   sys_io.o
         0          0         12          0          0          0   sys_io_names.o
        62          0          0          0          0         80   sys_stackheap_outer.o
        12          0          0          0          0         68   sys_wrch.o
         2          0          0          0          0         68   use_no_semi.o
        14          0          0          0          0         68   vfprintf.o
        16          4          0          0          0         76   printf1.o
        16          4          0          0          0         76   printf2.o
         0          0          0          0          0          0   usenofp.o
       158          0          0          0          0        556   new.cpp.o
        56         48          0          0          0         36   new_helpers.cpp.o
        32          4          0          0          0         52   verbose_abort.cpp.o
         0          0          0          0          4          0   cxa_default_handlers.cpp.o
        12          4          0          0          0        132   cxa_handlers.cpp.o
        44          4          0          0          0         60   fpclassify.o

    ----------------------------------------------------------------------
     10874        512        564         12        352       7612   Library Totals
        28          0          1          0          0          0   (incl. Padding)

    ----------------------------------------------------------------------

      Code (inc. data)   RO Data    RW Data    ZI Data      Debug   Library Name

     10512        444        563         12        348       6624   c_p.l
        32          8          0          0          0        152   fz_ps.l
       246         52          0          0          0        644   libcpp_p.l
        12          4          0          0          4        132   libcppabi_p.l
        44          4          0          0          0         60   m_ps.l

    ----------------------------------------------------------------------
     10874        512        564         12        352       7612   Library Totals

    ----------------------------------------------------------------------

==============================================================================


      Code (inc. data)   RO Data    RW Data    ZI Data      Debug   

     19524       1080       1004         24       2400     323635   Grand Totals
     19524       1080       1004         24       2400     323635   ELF Image Totals
     19524       1080       1004         24          0          0   ROM Totals

==============================================================================

    Total RO  Size (Code + RO Data)                20528 (  20.05kB)
    Total RW  Size (RW Data + ZI Data)              2424 (   2.37kB)
    Total ROM Size (Code + RO Data + RW Data)      20552 (  20.07kB)

==============================================================================

